Component: ARM Compiler 5.05 update 1 (build 106) Tool: armlink [4d0efa]

==============================================================================

Section Cross References

    startup_stm32f407xx.o(RESET) refers to startup_stm32f407xx.o(STACK) for __initial_sp
    startup_stm32f407xx.o(RESET) refers to startup_stm32f407xx.o(.text) for Reset_Handler
    startup_stm32f407xx.o(RESET) refers to stm32f4xx_it.o(i.NMI_Handler) for NMI_Handler
    startup_stm32f407xx.o(RESET) refers to stm32f4xx_it.o(i.HardFault_Handler) for HardFault_Handler
    startup_stm32f407xx.o(RESET) refers to stm32f4xx_it.o(i.MemManage_Handler) for MemManage_Handler
    startup_stm32f407xx.o(RESET) refers to stm32f4xx_it.o(i.BusFault_Handler) for BusFault_Handler
    startup_stm32f407xx.o(RESET) refers to stm32f4xx_it.o(i.UsageFault_Handler) for UsageFault_Handler
    startup_stm32f407xx.o(RESET) refers to port.o(.emb_text) for SVC_Handler
    startup_stm32f407xx.o(RESET) refers to stm32f4xx_it.o(i.DebugMon_Handler) for DebugMon_Handler
    startup_stm32f407xx.o(RESET) refers to port.o(i.SysTick_Handler) for SysTick_Handler
    startup_stm32f407xx.o(RESET) refers to stm32f4xx_it.o(i.EXTI9_5_IRQHandler) for EXTI9_5_IRQHandler
    startup_stm32f407xx.o(RESET) refers to stm32f4xx_it.o(i.TIM1_UP_TIM10_IRQHandler) for TIM1_UP_TIM10_IRQHandler
    startup_stm32f407xx.o(RESET) refers to stm32f4xx_it.o(i.USART1_IRQHandler) for USART1_IRQHandler
    startup_stm32f407xx.o(RESET) refers to stm32f4xx_it.o(i.USART2_IRQHandler) for USART2_IRQHandler
    startup_stm32f407xx.o(RESET) refers to stm32f4xx_it.o(i.USART3_IRQHandler) for USART3_IRQHandler
    startup_stm32f407xx.o(RESET) refers to stm32f4xx_it.o(i.SDIO_IRQHandler) for SDIO_IRQHandler
    startup_stm32f407xx.o(RESET) refers to stm32f4xx_it.o(i.TIM6_DAC_IRQHandler) for TIM6_DAC_IRQHandler
    startup_stm32f407xx.o(RESET) refers to stm32f4xx_it.o(i.DMA2_Stream2_IRQHandler) for DMA2_Stream2_IRQHandler
    startup_stm32f407xx.o(RESET) refers to stm32f4xx_it.o(i.DMA2_Stream3_IRQHandler) for DMA2_Stream3_IRQHandler
    startup_stm32f407xx.o(RESET) refers to networkinterface.o(i.ETH_IRQHandler) for ETH_IRQHandler
    startup_stm32f407xx.o(RESET) refers to stm32f4xx_it.o(i.DMA2_Stream6_IRQHandler) for DMA2_Stream6_IRQHandler
    startup_stm32f407xx.o(RESET) refers to stm32f4xx_it.o(i.DMA2_Stream7_IRQHandler) for DMA2_Stream7_IRQHandler
    startup_stm32f407xx.o(.text) refers to system_stm32f4xx.o(i.SystemInit) for SystemInit
    startup_stm32f407xx.o(.text) refers to entry.o(.ARM.Collect$$$$00000000) for __main
    freertos_arp.o(i.FreeRTOS_ClearARP) refers to memseta.o(.text) for __aeabi_memclr4
    freertos_arp.o(i.FreeRTOS_ClearARP) refers to freertos_arp.o(.bss) for xARPCache
    freertos_arp.o(i.FreeRTOS_OutputARPRequest) refers to bufferallocation_2.o(i.pxGetNetworkBufferWithDescriptor) for pxGetNetworkBufferWithDescriptor
    freertos_arp.o(i.FreeRTOS_OutputARPRequest) refers to freertos_arp.o(i.vARPGenerateRequestPacket) for vARPGenerateRequestPacket
    freertos_arp.o(i.FreeRTOS_OutputARPRequest) refers to freertos_ip.o(i.xIsCallingFromIPTask) for xIsCallingFromIPTask
    freertos_arp.o(i.FreeRTOS_OutputARPRequest) refers to networkinterface.o(i.xNetworkInterfaceOutput) for xNetworkInterfaceOutput
    freertos_arp.o(i.FreeRTOS_OutputARPRequest) refers to freertos_ip.o(i.xSendEventStructToIPTask) for xSendEventStructToIPTask
    freertos_arp.o(i.FreeRTOS_OutputARPRequest) refers to bufferallocation_2.o(i.vReleaseNetworkBufferAndDescriptor) for vReleaseNetworkBufferAndDescriptor
    freertos_arp.o(i.eARPGetCacheEntry) refers to freertos_arp.o(i.prvCacheLookup) for prvCacheLookup
    freertos_arp.o(i.eARPGetCacheEntry) refers to freertos_ip.o(.bss) for xNetworkAddressing
    freertos_arp.o(i.eARPGetCacheEntry) refers to freertos_ip.o(.constdata) for xBroadcastMACAddress
    freertos_arp.o(i.eARPGetCacheEntry) refers to freertos_udp_ip.o(.data) for xDefaultPartUDPPacketHeader
    freertos_arp.o(i.eARPProcessPacket) refers to freertos_arp.o(i.vARPRefreshCacheEntry) for vARPRefreshCacheEntry
    freertos_arp.o(i.eARPProcessPacket) refers to freertos_udp_ip.o(.data) for xDefaultPartUDPPacketHeader
    freertos_arp.o(i.eARPProcessPacket) refers to freertos_ip.o(.constdata) for xBroadcastMACAddress
    freertos_arp.o(i.prvCacheLookup) refers to freertos_arp.o(.bss) for xARPCache
    freertos_arp.o(i.vARPAgeCache) refers to freertos_arp.o(i.FreeRTOS_OutputARPRequest) for FreeRTOS_OutputARPRequest
    freertos_arp.o(i.vARPAgeCache) refers to tasks.o(i.xTaskGetTickCount) for xTaskGetTickCount
    freertos_arp.o(i.vARPAgeCache) refers to freertos_arp.o(.bss) for xARPCache
    freertos_arp.o(i.vARPAgeCache) refers to freertos_arp.o(.data) for xLastGratuitousARPTime
    freertos_arp.o(i.vARPAgeCache) refers to freertos_udp_ip.o(.data) for xDefaultPartUDPPacketHeader
    freertos_arp.o(i.vARPGenerateRequestPacket) refers to memmovea.o(.text) for __aeabi_memcpy
[...]
    BSP_SD_Init                              0x08000421   Thumb Code    44  bsp_driver_sd.o(i.BSP_SD_Init)
    BSP_SD_IsDetected                        0x08000451   Thumb Code    12  bsp_driver_sd.o(i.BSP_SD_IsDetected)
    BSP_SD_ReadBlocks_DMA                    0x0800045d   Thumb Code    34  bsp_driver_sd.o(i.BSP_SD_ReadBlocks_DMA)
    BSP_SD_ReadCpltCallback                  0x08000485   Thumb Code    16  sd_diskio.o(i.BSP_SD_ReadCpltCallback)
    BSP_SD_WriteBlocks_DMA                   0x08000499   Thumb Code    34  bsp_driver_sd.o(i.BSP_SD_WriteBlocks_DMA)
    BSP_SD_WriteCpltCallback                 0x080004c1   Thumb Code    16  sd_diskio.o(i.BSP_SD_WriteCpltCallback)
    BusFault_Handler                         0x080004d5   Thumb Code     4  stm32f4xx_it.o(i.BusFault_Handler)
    DMA2_Stream2_IRQHandler                  0x080004d9   Thumb Code    10  stm32f4xx_it.o(i.DMA2_Stream2_IRQHandler)
    DMA2_Stream3_IRQHandler                  0x080004e9   Thumb Code    10  stm32f4xx_it.o(i.DMA2_Stream3_IRQHandler)
    DMA2_Stream6_IRQHandler                  0x080004f9   Thumb Code    10  stm32f4xx_it.o(i.DMA2_Stream6_IRQHandler)
    DMA2_Stream7_IRQHandler                  0x08000509   Thumb Code    10  stm32f4xx_it.o(i.DMA2_Stream7_IRQHandler)
    DebugMon_Handler                         0x08000623   Thumb Code     2  stm32f4xx_it.o(i.DebugMon_Handler)
    ETH_IRQHandler                           0x080006b1   Thumb Code    10  networkinterface.o(i.ETH_IRQHandler)
    EXTI9_5_IRQHandler                       0x08000971   Thumb Code    12  stm32f4xx_it.o(i.EXTI9_5_IRQHandler)
    Error_Handler                            0x0800097d   Thumb Code     2  main.o(i.Error_Handler)
    FATFS_LinkDriver                         0x0800097f   Thumb Code    18  ff_gen_drv.o(i.FATFS_LinkDriver)
    FATFS_LinkDriverEx                       0x08000991   Thumb Code    78  ff_gen_drv.o(i.FATFS_LinkDriverEx)
    FreeRTOS_ClearARP                        0x080009e5   Thumb Code    12  freertos_arp.o(i.FreeRTOS_ClearARP)
    FreeRTOS_GetAddressConfiguration         0x080009f5   Thumb Code    36  freertos_ip.o(i.FreeRTOS_GetAddressConfiguration)
    FreeRTOS_IPInit                          0x08000a21   Thumb Code   474  freertos_ip.o(i.FreeRTOS_IPInit)
    FreeRTOS_NetworkDown                     0x08000c25   Thumb Code    32  freertos_ip.o(i.FreeRTOS_NetworkDown)
    FreeRTOS_OutputARPRequest                0x08000c4d   Thumb Code    68  freertos_arp.o(i.FreeRTOS_OutputARPRequest)
    FreeRTOS_accept                          0x08000c91   Thumb Code   280  freertos_sockets.o(i.FreeRTOS_accept)
    FreeRTOS_bind                            0x08000da9   Thumb Code   138  freertos_sockets.o(i.FreeRTOS_bind)
    FreeRTOS_closesocket                     0x08000e33   Thumb Code    48  freertos_sockets.o(i.FreeRTOS_closesocket)
    FreeRTOS_listen                          0x08000e63   Thumb Code   148  freertos_sockets.o(i.FreeRTOS_listen)
    FreeRTOS_recv                            0x08000f2f   Thumb Code   332  freertos_sockets.o(i.FreeRTOS_recv)
    FreeRTOS_rx_size                         0x08001089   Thumb Code    40  freertos_sockets.o(i.FreeRTOS_rx_size)
    FreeRTOS_send                            0x080010b1   Thumb Code   274  freertos_sockets.o(i.FreeRTOS_send)
    FreeRTOS_setsockopt                      0x080011c3   Thumb Code   666  freertos_sockets.o(i.FreeRTOS_setsockopt)
    FreeRTOS_shutdown                        0x0800145d   Thumb Code    72  freertos_sockets.o(i.FreeRTOS_shutdown)
    FreeRTOS_socket                          0x080014a5   Thumb Code   206  freertos_sockets.o(i.FreeRTOS_socket)
    FreeRTOS_tx_size                         0x08001573   Thumb Code    40  freertos_sockets.o(i.FreeRTOS_tx_size)
    FreeRTOS_tx_space                        0x0800159b   Thumb Code    40  freertos_sockets.o(i.FreeRTOS_tx_space)
    HAL_DMA_Abort_IT                         0x080015c3   Thumb Code    40  stm32f4xx_hal_dma.o(i.HAL_DMA_Abort_IT)
    HAL_DMA_GetError                         0x080015eb   Thumb Code     6  stm32f4xx_hal_dma.o(i.HAL_DMA_GetError)
    HAL_DMA_IRQHandler                       0x080015f1   Thumb Code   570  stm32f4xx_hal_dma.o(i.HAL_DMA_IRQHandler)
    HAL_DMA_Init                             0x08001831   Thumb Code   232  stm32f4xx_hal_dma.o(i.HAL_DMA_Init)
    HAL_DMA_Start_IT                         0x0800191d   Thumb Code   146  stm32f4xx_hal_dma.o(i.HAL_DMA_Start_IT)
    HAL_Delay                                0x080019b1   Thumb Code    36  stm32f4xx_hal.o(i.HAL_Delay)
    HAL_ETH_ConfigMAC                        0x080019d9   Thumb Code   284  stm32f4xx_hal_eth.o(i.HAL_ETH_ConfigMAC)
    HAL_ETH_ErrorCallback                    0x08001af9   Thumb Code     2  stm32f4xx_hal_eth.o(i.HAL_ETH_ErrorCallback)
    HAL_ETH_IRQHandler                       0x08001afd   Thumb Code    76  stm32f4xx_hal_eth.o(i.HAL_ETH_IRQHandler)
    HAL_ETH_Init                             0x08001b4d   Thumb Code   234  stm32f4xx_hal_eth.o(i.HAL_ETH_Init)
    HAL_ETH_MspInit                          0x08001c55   Thumb Code   318  eth.o(i.HAL_ETH_MspInit)
    HAL_ETH_ReadPHYRegister                  0x08001da9   Thumb Code   178  stm32f4xx_hal_eth.o(i.HAL_ETH_ReadPHYRegister)
    HAL_ETH_RxCpltCallback                   0x08001e6d   Thumb Code    58  networkinterface.o(i.HAL_ETH_RxCpltCallback)
    HAL_ETH_Start                            0x08001eb5   Thumb Code    82  stm32f4xx_hal_eth.o(i.HAL_ETH_Start)
    HAL_ETH_Stop                             0x08001f07   Thumb Code    82  stm32f4xx_hal_eth.o(i.HAL_ETH_Stop)
    HAL_ETH_TxCpltCallback                   0x08001f59   Thumb Code     2  stm32f4xx_hal_eth.o(i.HAL_ETH_TxCpltCallback)
    HAL_ETH_WritePHYRegister                 0x08001f5d   Thumb Code   178  stm32f4xx_hal_eth.o(i.HAL_ETH_WritePHYRegister)
    HAL_GPIO_EXTI_Callback                   0x08002021   Thumb Code     2  stm32f4xx_hal_gpio.o(i.HAL_GPIO_EXTI_Callback)
    HAL_GPIO_EXTI_IRQHandler                 0x08002025   Thumb Code    24  stm32f4xx_hal_gpio.o(i.HAL_GPIO_EXTI_IRQHandler)
    HAL_GPIO_Init                            0x08002041   Thumb Code   466  stm32f4xx_hal_gpio.o(i.HAL_GPIO_Init)
    HAL_GPIO_WritePin                        0x08002241   Thumb Code    12  stm32f4xx_hal_gpio.o(i.HAL_GPIO_WritePin)
    HAL_GetTick                              0x0800224d   Thumb Code     6  stm32f4xx_hal.o(i.HAL_GetTick)
    HAL_IncTick                              0x08002259   Thumb Code    16  stm32f4xx_hal.o(i.HAL_IncTick)
    HAL_Init                                 0x08002271   Thumb Code    54  stm32f4xx_hal.o(i.HAL_Init)
    HAL_InitTick                             0x080022ad   Thumb Code   122  stm32f4xx_hal_timebase_tim.o(i.HAL_InitTick)
    HAL_MspInit                              0x08002339   Thumb Code    78  stm32f4xx_hal_msp.o(i.HAL_MspInit)
    HAL_NVIC_EnableIRQ                       0x0800238d   Thumb Code    32  stm32f4xx_hal_cortex.o(i.HAL_NVIC_EnableIRQ)
    HAL_NVIC_SetPriority                     0x080023ad   Thumb Code   124  stm32f4xx_hal_cortex.o(i.HAL_NVIC_SetPriority)
    HAL_NVIC_SetPriorityGrouping             0x08002429   Thumb Code    32  stm32f4xx_hal_cortex.o(i.HAL_NVIC_SetPriorityGrouping)
    HAL_RCC_ClockConfig                      0x08002451   Thumb Code   368  stm32f4xx_hal_rcc.o(i.HAL_RCC_ClockConfig)
    HAL_RCC_GetClockConfig                   0x080025d5   Thumb Code    58  stm32f4xx_hal_rcc.o(i.HAL_RCC_GetClockConfig)
    HAL_RCC_GetHCLKFreq                      0x08002619   Thumb Code     6  stm32f4xx_hal_rcc.o(i.HAL_RCC_GetHCLKFreq)
    HAL_RCC_GetPCLK1Freq                     0x08002625   Thumb Code    22  stm32f4xx_hal_rcc.o(i.HAL_RCC_GetPCLK1Freq)
    HAL_RCC_GetPCLK2Freq                     0x08002645   Thumb Code    22  stm32f4xx_hal_rcc.o(i.HAL_RCC_GetPCLK2Freq)
    HAL_RCC_GetSysClockFreq                  0x08002665   Thumb Code   162  stm32f4xx_hal_rcc.o(i.HAL_RCC_GetSysClockFreq)
    HAL_RCC_OscConfig                        0x08002715   Thumb Code  1152  stm32f4xx_hal_rcc.o(i.HAL_RCC_OscConfig)
    HAL_SD_AbortCallback                     0x08002b9d   Thumb Code    10  bsp_driver_sd.o(i.HAL_SD_AbortCallback)
    HAL_SD_ConfigWideBusOperation            0x08002ba9   Thumb Code   164  stm32f4xx_hal_sd.o(i.HAL_SD_ConfigWideBusOperation)
    HAL_SD_ErrorCallback                     0x08002c51   Thumb Code     2  stm32f4xx_hal_sd.o(i.HAL_SD_ErrorCallback)
    HAL_SD_GetCardCSD                        0x08002c55   Thumb Code   450  stm32f4xx_hal_sd.o(i.HAL_SD_GetCardCSD)
    HAL_SD_GetCardInfo                       0x08002e1d   Thumb Code    38  stm32f4xx_hal_sd.o(i.HAL_SD_GetCardInfo)
    HAL_SD_GetCardState                      0x08002e43   Thumb Code    36  stm32f4xx_hal_sd.o(i.HAL_SD_GetCardState)
    HAL_SD_IRQHandler                        0x08002e69   Thumb Code   530  stm32f4xx_hal_sd.o(i.HAL_SD_IRQHandler)
    HAL_SD_Init                              0x08003085   Thumb Code    60  stm32f4xx_hal_sd.o(i.HAL_SD_Init)
    HAL_SD_InitCard                          0x080030c1   Thumb Code   128  stm32f4xx_hal_sd.o(i.HAL_SD_InitCard)
    HAL_SD_MspInit                           0x08003145   Thumb Code   396  sdio.o(i.HAL_SD_MspInit)
    HAL_SD_ReadBlocks_DMA                    0x080032ed   Thumb Code   322  stm32f4xx_hal_sd.o(i.HAL_SD_ReadBlocks_DMA)
    HAL_SD_RxCpltCallback                    0x08003441   Thumb Code    10  bsp_driver_sd.o(i.HAL_SD_RxCpltCallback)
    HAL_SD_TxCpltCallback                    0x0800344b   Thumb Code    10  bsp_driver_sd.o(i.HAL_SD_TxCpltCallback)
    HAL_SD_WriteBlocks_DMA                   0x08003455   Thumb Code   328  stm32f4xx_hal_sd.o(i.HAL_SD_WriteBlocks_DMA)
    HAL_TIMEx_BreakCallback                  0x080035ad   Thumb Code     2  stm32f4xx_hal_tim_ex.o(i.HAL_TIMEx_BreakCallback)
    HAL_TIMEx_CommutCallback                 0x080035af   Thumb Code     2  stm32f4xx_hal_tim_ex.o(i.HAL_TIMEx_CommutCallback)
    HAL_TIMEx_MasterConfigSynchronization    0x080035b1   Thumb Code   150  stm32f4xx_hal_tim_ex.o(i.HAL_TIMEx_MasterConfigSynchronization)
    HAL_TIM_Base_Init                        0x08003665   Thumb Code    52  stm32f4xx_hal_tim.o(i.HAL_TIM_Base_Init)
    HAL_TIM_Base_MspInit                     0x08003699   Thumb Code    62  tim.o(i.HAL_TIM_Base_MspInit)
    HAL_TIM_Base_Start_IT                    0x080036e1   Thumb Code    42  stm32f4xx_hal_tim.o(i.HAL_TIM_Base_Start_IT)
    HAL_TIM_IC_CaptureCallback               0x0800370b   Thumb Code     2  stm32f4xx_hal_tim.o(i.HAL_TIM_IC_CaptureCallback)
    HAL_TIM_IRQHandler                       0x0800370d   Thumb Code   406  stm32f4xx_hal_tim.o(i.HAL_TIM_IRQHandler)
    HAL_TIM_OC_DelayElapsedCallback          0x080038a3   Thumb Code     2  stm32f4xx_hal_tim.o(i.HAL_TIM_OC_DelayElapsedCallback)
    HAL_TIM_PWM_PulseFinishedCallback        0x080038a5   Thumb Code     2  stm32f4xx_hal_tim.o(i.HAL_TIM_PWM_PulseFinishedCallback)
    HAL_TIM_PeriodElapsedCallback            0x080038a9   Thumb Code    18  main.o(i.HAL_TIM_PeriodElapsedCallback)
    HAL_TIM_TriggerCallback                  0x080038c1   Thumb Code     2  stm32f4xx_hal_tim.o(i.HAL_TIM_TriggerCallback)
    HAL_UART_ErrorCallback                   0x080038c3   Thumb Code     2  stm32f4xx_hal_uart.o(i.HAL_UART_ErrorCallback)
    HAL_UART_IRQHandler                      0x080038c5   Thumb Code   336  stm32f4xx_hal_uart.o(i.HAL_UART_IRQHandler)
    HAL_UART_Init                            0x08003a19   Thumb Code   114  stm32f4xx_hal_uart.o(i.HAL_UART_Init)
    HAL_UART_MspInit                         0x08003a8d   Thumb Code   516  usart.o(i.HAL_UART_MspInit)
    HAL_UART_RxCpltCallback                  0x08003cb5   Thumb Code     2  stm32f4xx_hal_uart.o(i.HAL_UART_RxCpltCallback)
    HAL_UART_TxCpltCallback                  0x08003cb7   Thumb Code     2  stm32f4xx_hal_uart.o(i.HAL_UART_TxCpltCallback)
    HardFault_Handler                        0x08003cb9   Thumb Code     4  stm32f4xx_it.o(i.HardFault_Handler)
    MX_DMA_Init                              0x08003cbd   Thumb Code   100  dma.o(i.MX_DMA_Init)
    MX_FATFS_Init                            0x08003d25   Thumb Code    16  fatfs.o(i.MX_FATFS_Init)
    MX_FREERTOS_Init                         0x08003d41   Thumb Code    30  freertos.o(i.MX_FREERTOS_Init)
    MX_GPIO_Init                             0x08003d69   Thumb Code   362  gpio.o(i.MX_GPIO_Init)
    MX_SDIO_SD_Init                          0x08003eed   Thumb Code    28  sdio.o(i.MX_SDIO_SD_Init)
    MX_TIM6_Init                             0x08003f11   Thumb Code    68  tim.o(i.MX_TIM6_Init)
    MX_USART1_UART_Init                      0x08003f5d   Thumb Code    46  usart.o(i.MX_USART1_UART_Init)
    MX_USART2_UART_Init                      0x08003f95   Thumb Code    46  usart.o(i.MX_USART2_UART_Init)
    MX_USART3_UART_Init                      0x08003fcd   Thumb Code    46  usart.o(i.MX_USART3_UART_Init)
    MemManage_Handler                        0x08004005   Thumb Code     4  stm32f4xx_it.o(i.MemManage_Handler)
    NMI_Handler                              0x08004009   Thumb Code     2  stm32f4xx_it.o(i.NMI_Handler)
    SDIO_ConfigData                          0x0800400b   Thumb Code    44  stm32f4xx_ll_sdmmc.o(i.SDIO_ConfigData)
    SDIO_GetCommandResponse                  0x08004037   Thumb Code     8  stm32f4xx_ll_sdmmc.o(i.SDIO_GetCommandResponse)
    SDIO_GetPowerState                       0x0800403f   Thumb Code    10  stm32f4xx_ll_sdmmc.o(i.SDIO_GetPowerState)
    SDIO_GetResponse                         0x08004049   Thumb Code    12  stm32f4xx_ll_sdmmc.o(i.SDIO_GetResponse)
    SDIO_IRQHandler                          0x08004055   Thumb Code    10  stm32f4xx_it.o(i.SDIO_IRQHandler)
    SDIO_Init                                0x08004065   Thumb Code    52  stm32f4xx_ll_sdmmc.o(i.SDIO_Init)
    SDIO_PowerState_ON                       0x08004099   Thumb Code    18  stm32f4xx_ll_sdmmc.o(i.SDIO_PowerState_ON)
    SDIO_ReadFIFO                            0x080040ab   Thumb Code     8  stm32f4xx_ll_sdmmc.o(i.SDIO_ReadFIFO)
    SDIO_SendCommand                         0x080040b3   Thumb Code    40  stm32f4xx_ll_sdmmc.o(i.SDIO_SendCommand)
    SDIO_WriteFIFO                           0x080040db   Thumb Code    12  stm32f4xx_ll_sdmmc.o(i.SDIO_WriteFIFO)
    SDMMC_CmdAppCommand                      0x080040e7   Thumb Code    56  stm32f4xx_ll_sdmmc.o(i.SDMMC_CmdAppCommand)
    SDMMC_CmdAppOperCommand                  0x08004121   Thumb Code    54  stm32f4xx_ll_sdmmc.o(i.SDMMC_CmdAppOperCommand)
    SDMMC_CmdBlockLength                     0x0800415d   Thumb Code    56  stm32f4xx_ll_sdmmc.o(i.SDMMC_CmdBlockLength)
    SDMMC_CmdBusWidth                        0x08004195   Thumb Code    56  stm32f4xx_ll_sdmmc.o(i.SDMMC_CmdBusWidth)
    SDMMC_CmdGoIdleState                     0x080041cd   Thumb Code    44  stm32f4xx_ll_sdmmc.o(i.SDMMC_CmdGoIdleState)
    SDMMC_CmdOperCond                        0x080041f9   Thumb Code    52  stm32f4xx_ll_sdmmc.o(i.SDMMC_CmdOperCond)
    SDMMC_CmdReadMultiBlock                  0x0800422d   Thumb Code    56  stm32f4xx_ll_sdmmc.o(i.SDMMC_CmdReadMultiBlock)
    SDMMC_CmdReadSingleBlock                 0x08004265   Thumb Code    56  stm32f4xx_ll_sdmmc.o(i.SDMMC_CmdReadSingleBlock)
    SDMMC_CmdSelDesel                        0x0800429d   Thumb Code    58  stm32f4xx_ll_sdmmc.o(i.SDMMC_CmdSelDesel)
    SDMMC_CmdSendCID                         0x080042d7   Thumb Code    50  stm32f4xx_ll_sdmmc.o(i.SDMMC_CmdSendCID)
    SDMMC_CmdSendCSD                         0x08004309   Thumb Code    50  stm32f4xx_ll_sdmmc.o(i.SDMMC_CmdSendCSD)
    SDMMC_CmdSendSCR                         0x0800433b   Thumb Code    56  stm32f4xx_ll_sdmmc.o(i.SDMMC_CmdSendSCR)
    SDMMC_CmdSendStatus                      0x08004373   Thumb Code    56  stm32f4xx_ll_sdmmc.o(i.SDMMC_CmdSendStatus)
    SDMMC_CmdSetRelAdd                       0x080043ab   Thumb Code    56  stm32f4xx_ll_sdmmc.o(i.SDMMC_CmdSetRelAdd)
    SDMMC_CmdStopTransfer                    0x080043e5   Thumb Code    54  stm32f4xx_ll_sdmmc.o(i.SDMMC_CmdStopTransfer)
    SDMMC_CmdWriteMultiBlock                 0x08004421   Thumb Code    56  stm32f4xx_ll_sdmmc.o(i.SDMMC_CmdWriteMultiBlock)
    SDMMC_CmdWriteSingleBlock                0x08004459   Thumb Code    56  stm32f4xx_ll_sdmmc.o(i.SDMMC_CmdWriteSingleBlock)
    SD_initialize                            0x08004ead   Thumb Code    94  sd_diskio.o(i.SD_initialize)
    SD_ioctl                                 0x08004f19   Thumb Code   102  sd_diskio.o(i.SD_ioctl)
    SD_read                                  0x08004f85   Thumb Code   126  sd_diskio.o(i.SD_read)
    SD_status                                0x08005009   Thumb Code    12  sd_diskio.o(i.SD_status)
    SD_write                                 0x08005015   Thumb Code   124  sd_diskio.o(i.SD_write)
    SysTick_Handler                          0x08005095   Thumb Code    46  port.o(i.SysTick_Handler)
    SystemClock_Config                       0x080050c9   Thumb Code   172  main.o(i.SystemClock_Config)
    SystemInit                               0x0800517d   Thumb Code    24  system_stm32f4xx.o(i.SystemInit)
    TIM1_UP_TIM10_IRQHandler                 0x08005199   Thumb Code    10  stm32f4xx_it.o(i.TIM1_UP_TIM10_IRQHandler)
    TIM6_DAC_IRQHandler                      0x080051a9   Thumb Code    10  stm32f4xx_it.o(i.TIM6_DAC_IRQHandler)
    TIM_Base_SetConfig                       0x080051b9   Thumb Code   170  stm32f4xx_hal_tim.o(i.TIM_Base_SetConfig)
    USART1_IRQHandler                        0x080057dd   Thumb Code    10  stm32f4xx_it.o(i.USART1_IRQHandler)
    USART2_IRQHandler                        0x080057ed   Thumb Code    10  stm32f4xx_it.o(i.USART2_IRQHandler)
    USART3_IRQHandler                        0x080057fd   Thumb Code    10  stm32f4xx_it.o(i.USART3_IRQHandler)
    UsageFault_Handler                       0x0800580d   Thumb Code     4  stm32f4xx_it.o(i.UsageFault_Handler)
    __0sprintf$6                             0x08005811   Thumb Code    34  printf6.o(i.__0sprintf$6)
    __1sprintf$6                             0x08005811   Thumb Code     0  printf6.o(i.__0sprintf$6)
    __2sprintf                               0x08005811   Thumb Code     0  printf6.o(i.__0sprintf$6)
    __scatterload_copy                       0x08005871   Thumb Code    14  handlers.o(i.__scatterload_copy)
    __scatterload_null                       0x0800587f   Thumb Code     2  handlers.o(i.__scatterload_null)
    __scatterload_zeroinit                   0x08005881   Thumb Code    14  handlers.o(i.__scatterload_zeroinit)
    eARPGetCacheEntry                        0x08005bdd   Thumb Code   118  freertos_arp.o(i.eARPGetCacheEntry)
    eARPProcessPacket                        0x08005c61   Thumb Code   154  freertos_arp.o(i.eARPProcessPacket)
    lTCPAddRxdata                            0x08005d15   Thumb Code   142  freertos_sockets.o(i.lTCPAddRxdata)
    lTCPWindowRxCheck                        0x08005dad   Thumb Code   368  freertos_tcp_win.o(i.lTCPWindowRxCheck)
    lTCPWindowTxAdd                          0x08005f25   Thumb Code   286  freertos_tcp_win.o(i.lTCPWindowTxAdd)
    lUDPLoggingPrintf                        0x08006049   Thumb Code     6  networkinterface.o(i.lUDPLoggingPrintf)
    main                                     0x08006051   Thumb Code    74  main.o(i.main)
    osKernelRunning                          0x080060bf   Thumb Code    18  cmsis_os.o(i.osKernelRunning)
    osKernelStart                            0x080060d1   Thumb Code    10  cmsis_os.o(i.osKernelStart)
    osKernelSysTick                          0x080060db   Thumb Code    20  cmsis_os.o(i.osKernelSysTick)
    osMessageCreate                          0x080060ef   Thumb Code    40  cmsis_os.o(i.osMessageCreate)
    osMessageGet                             0x08006119   Thumb Code   150  cmsis_os.o(i.osMessageGet)
    osMessagePut                             0x080061b5   Thumb Code    92  cmsis_os.o(i.osMessagePut)
    osThreadCreate                           0x08006215   Thumb Code    94  cmsis_os.o(i.osThreadCreate)
    pvPortMalloc                             0x0800906d   Thumb Code   296  heap_4.o(i.pvPortMalloc)
    pvTaskIncrementMutexHeldCount            0x080091a9   Thumb Code    26  tasks.o(i.pvTaskIncrementMutexHeldCount)
    pxGetNetworkBufferWithDescriptor         0x080091c9   Thumb Code   168  bufferallocation_2.o(i.pxGetNetworkBufferWithDescriptor)
    pxPortInitialiseStack                    0x080092ad   Thumb Code    38  port.o(i.pxPortInitialiseStack)
    pxTCPSocketLookup                        0x080092d9   Thumb Code    88  freertos_sockets.o(i.pxTCPSocketLookup)
    pxUDPSocketLookup                        0x08009335   Thumb Code    56  freertos_sockets.o(i.pxUDPSocketLookup)
    ulApplicationGetNextSequenceNumber       0x08009371   Thumb Code     6  networkinterface.o(i.ulApplicationGetNextSequenceNumber)
    ulTCPWindowTxAck                         0x0800938f   Thumb Code    42  freertos_tcp_win.o(i.ulTCPWindowTxAck)
    ulTCPWindowTxGet                         0x080093b9   Thumb Code   372  freertos_tcp_win.o(i.ulTCPWindowTxGet)
    ulTCPWindowTxSack                        0x08009531   Thumb Code    68  freertos_tcp_win.o(i.ulTCPWindowTxSack)
    ulTaskNotifyTake                         0x08009579   Thumb Code   108  tasks.o(i.ulTaskNotifyTake)
    uxGetMinimumFreeNetworkBuffers           0x080095fd   Thumb Code     6  bufferallocation_2.o(i.uxGetMinimumFreeNetworkBuffers)
    uxListRemove                             0x08009609   Thumb Code    40  list.o(i.uxListRemove)
    uxQueueMessagesWaiting                   0x08009631   Thumb Code    42  queue.o(i.uxQueueMessagesWaiting)
    uxStreamBufferAdd                        0x0800965b   Thumb Code   248  freertos_stream_buffer.o(i.uxStreamBufferAdd)
    uxStreamBufferGet                        0x0800977d   Thumb Code   174  freertos_stream_buffer.o(i.uxStreamBufferGet)
    uxTaskResetEventItemValue                0x080098a5   Thumb Code    24  tasks.o(i.uxTaskResetEventItemValue)
    vARPAgeCache                             0x080098c1   Thumb Code   174  freertos_arp.o(i.vARPAgeCache)
    vARPGenerateRequestPacket                0x0800997d   Thumb Code   122  freertos_arp.o(i.vARPGenerateRequestPacket)
    vARPRefreshCacheEntry                    0x08009a01   Thumb Code   332  freertos_arp.o(i.vARPRefreshCacheEntry)
    vApplicationGetIdleTaskMemory            0x08009b59   Thumb Code    14  freertos.o(i.vApplicationGetIdleTaskMemory)
    vApplicationIPNetworkEventHook           0x08009b71   Thumb Code   178  networkinterface.o(i.vApplicationIPNetworkEventHook)
    vApplicationPingReplyHook                0x08009c35   Thumb Code     2  networkinterface.o(i.vApplicationPingReplyHook)
    vEventGroupDelete                        0x08009c37   Thumb Code    86  event_groups.o(i.vEventGroupDelete)
    vIPNetworkUpCalls                        0x08009c8d   Thumb Code    26  freertos_ip.o(i.vIPNetworkUpCalls)
    vListInitialise                          0x08009cb1   Thumb Code    26  list.o(i.vListInitialise)
    vListInitialiseItem                      0x08009ccb   Thumb Code     6  list.o(i.vListInitialiseItem)
    vListInsert                              0x08009cd1   Thumb Code    52  list.o(i.vListInsert)
    vListInsertEnd                           0x08009d05   Thumb Code    24  list.o(i.vListInsertEnd)
    vListInsertGeneric                       0x08009d31   Thumb Code    22  freertos_tcp_win.o(i.vListInsertGeneric)
    vMACBProbePhy                            0x08009d49   Thumb Code   474  networkinterface.o(i.vMACBProbePhy)
    vNetworkSocketsInit                      0x08009f39   Thumb Code    18  freertos_sockets.o(i.vNetworkSocketsInit)
    vPortEnterCritical                       0x08009f55   Thumb Code    76  port.o(i.vPortEnterCritical)
    vPortExitCritical                        0x08009fa9   Thumb Code    56  port.o(i.vPortExitCritical)
    vPortFree                                0x08009fe5   Thumb Code   140  heap_4.o(i.vPortFree)
    vPortSetupTimerInterrupt                 0x0800a079   Thumb Code    36  port.o(i.vPortSetupTimerInterrupt)
    vPortValidateInterruptPriority           0x0800a0a1   Thumb Code   106  port.o(i.vPortValidateInterruptPriority)
    vProcessGeneratedUDPPacket               0x0800a119   Thumb Code   196  freertos_udp_ip.o(i.vProcessGeneratedUDPPacket)
    vQueueAddToRegistry                      0x0800a1e1   Thumb Code    38  queue.o(i.vQueueAddToRegistry)
    vQueueDelete                             0x0800a20d   Thumb Code    50  queue.o(i.vQueueDelete)
    vQueueUnregisterQueue                    0x0800a241   Thumb Code    44  queue.o(i.vQueueUnregisterQueue)
    vReleaseNetworkBuffer                    0x0800a271   Thumb Code    16  bufferallocation_2.o(i.vReleaseNetworkBuffer)
    vReleaseNetworkBufferAndDescriptor       0x0800a281   Thumb Code    66  bufferallocation_2.o(i.vReleaseNetworkBufferAndDescriptor)
    vReturnEthernetFrame                     0x0800a2cd   Thumb Code    40  freertos_ip.o(i.vReturnEthernetFrame)
    vSocketBind                              0x0800a2f9   Thumb Code   218  freertos_sockets.o(i.vSocketBind)
    vSocketClose                             0x0800a3dd   Thumb Code   128  freertos_sockets.o(i.vSocketClose)
    vSocketSelect                            0x0800a45d   Thumb Code   390  freertos_sockets.o(i.vSocketSelect)
    vSocketWakeUpUser                        0x0800a5ed   Thumb Code    74  freertos_sockets.o(i.vSocketWakeUpUser)
    vTCPStateChange                          0x0800a643   Thumb Code   312  freertos_tcp_ip.o(i.vTCPStateChange)
    vTCPWindowCreate                         0x0800a789   Thumb Code    96  freertos_tcp_win.o(i.vTCPWindowCreate)
    vTCPWindowDestroy                        0x0800a7f1   Thumb Code    64  freertos_tcp_win.o(i.vTCPWindowDestroy)
    vTCPWindowInit                           0x0800a865   Thumb Code    84  freertos_tcp_win.o(i.vTCPWindowInit)
    vTaskDelay                               0x0800a8b9   Thumb Code    82  tasks.o(i.vTaskDelay)
    vTaskInternalSetTimeOutState             0x0800a915   Thumb Code    14  tasks.o(i.vTaskInternalSetTimeOutState)
    vTaskMissedYield                         0x0800a92d   Thumb Code     8  tasks.o(i.vTaskMissedYield)
    vTaskNotifyGiveFromISR                   0x0800a939   Thumb Code   214  tasks.o(i.vTaskNotifyGiveFromISR)
    vTaskPlaceOnEventList                    0x0800aa29   Thumb Code    52  tasks.o(i.vTaskPlaceOnEventList)
    vTaskPlaceOnUnorderedEventList           0x0800aa61   Thumb Code   100  tasks.o(i.vTaskPlaceOnUnorderedEventList)
    vTaskPriorityDisinheritAfterTimeout      0x0800aacd   Thumb Code   230  tasks.o(i.vTaskPriorityDisinheritAfterTimeout)
    vTaskRemoveFromUnorderedEventList        0x0800abc1   Thumb Code   142  tasks.o(i.vTaskRemoveFromUnorderedEventList)
    vTaskSetTimeOutState                     0x0800ac65   Thumb Code    50  tasks.o(i.vTaskSetTimeOutState)
    vTaskStartScheduler                      0x0800aca1   Thumb Code   146  tasks.o(i.vTaskStartScheduler)
    vTaskSuspendAll                          0x0800ad51   Thumb Code    12  tasks.o(i.vTaskSuspendAll)
    vTaskSwitchContext                       0x0800ad61   Thumb Code   118  tasks.o(i.vTaskSwitchContext)
    xEventGroupClearBits                     0x0800aded   Thumb Code    92  event_groups.o(i.xEventGroupClearBits)
    xEventGroupCreate                        0x0800ae49   Thumb Code    30  event_groups.o(i.xEventGroupCreate)
    xEventGroupSetBits                       0x0800ae67   Thumb Code   206  event_groups.o(i.xEventGroupSetBits)
    xEventGroupWaitBits                      0x0800af35   Thumb Code   338  event_groups.o(i.xEventGroupWaitBits)
    xIPIsNetworkTaskReady                    0x0800b08d   Thumb Code     6  freertos_ip.o(i.xIPIsNetworkTaskReady)
    xIsCallingFromIPTask                     0x0800b099   Thumb Code    24  freertos_ip.o(i.xIsCallingFromIPTask)
    xNetworkBuffersInitialise                0x0800b0d5   Thumb Code   166  bufferallocation_2.o(i.xNetworkBuffersInitialise)
    xNetworkInterfaceInitialise              0x0800b199   Thumb Code   166  networkinterface.o(i.xNetworkInterfaceInitialise)
    xNetworkInterfaceOutput                  0x0800b26d   Thumb Code   152  networkinterface.o(i.xNetworkInterfaceOutput)
    xPortStartScheduler                      0x0800b30d   Thumb Code   330  port.o(i.xPortStartScheduler)
    xProcessReceivedTCPPacket                0x0800b475   Thumb Code   630  freertos_tcp_ip.o(i.xProcessReceivedTCPPacket)
    xProcessReceivedUDPPacket                0x0800b6eb   Thumb Code   162  freertos_udp_ip.o(i.xProcessReceivedUDPPacket)
    xQueueCreateCountingSemaphore            0x0800b78d   Thumb Code    92  queue.o(i.xQueueCreateCountingSemaphore)
    xQueueGenericCreate                      0x0800b7e9   Thumb Code    96  queue.o(i.xQueueGenericCreate)
    xQueueGenericCreateStatic                0x0800b849   Thumb Code   224  queue.o(i.xQueueGenericCreateStatic)
    xQueueGenericReset                       0x0800b929   Thumb Code   146  queue.o(i.xQueueGenericReset)
    xQueueGenericSend                        0x0800b9c1   Thumb Code   420  queue.o(i.xQueueGenericSend)
    xQueueGenericSendFromISR                 0x0800bb69   Thumb Code   248  queue.o(i.xQueueGenericSendFromISR)
    xQueueReceive                            0x0800bc61   Thumb Code   356  queue.o(i.xQueueReceive)
    xQueueReceiveFromISR                     0x0800bdc9   Thumb Code   202  queue.o(i.xQueueReceiveFromISR)
    xQueueSemaphoreTake                      0x0800be95   Thumb Code   434  queue.o(i.xQueueSemaphoreTake)
    xSendEventStructToIPTask                 0x0800c04d   Thumb Code   100  freertos_ip.o(i.xSendEventStructToIPTask)
    xSendEventToIPTask                       0x0800c0b9   Thumb Code    24  freertos_ip.o(i.xSendEventToIPTask)
    xTCPCheckNewClient                       0x0800c0f5   Thumb Code    76  freertos_tcp_ip.o(i.xTCPCheckNewClient)
    xTCPSocketCheck                          0x0800c145   Thumb Code   144  freertos_tcp_ip.o(i.xTCPSocketCheck)
    xTCPTimerCheck                           0x0800c1d9   Thumb Code   154  freertos_sockets.o(i.xTCPTimerCheck)
    xTCPWindowRxEmpty                        0x0800c3d5   Thumb Code    46  freertos_tcp_win.o(i.xTCPWindowRxEmpty)
    xTCPWindowTxDone                         0x0800c429   Thumb Code    16  freertos_tcp_win.o(i.xTCPWindowTxDone)
    xTCPWindowTxHasData                      0x0800c439   Thumb Code   140  freertos_tcp_win.o(i.xTCPWindowTxHasData)
    xTaskCheckForTimeOut                     0x0800c4c5   Thumb Code   132  tasks.o(i.xTaskCheckForTimeOut)
    xTaskCreate                              0x0800c551   Thumb Code   100  tasks.o(i.xTaskCreate)
    xTaskCreateStatic                        0x0800c5b5   Thumb Code   186  tasks.o(i.xTaskCreateStatic)
    xTaskGetCurrentTaskHandle                0x0800c671   Thumb Code     6  tasks.o(i.xTaskGetCurrentTaskHandle)
    xTaskGetSchedulerState                   0x0800c67d   Thumb Code    24  tasks.o(i.xTaskGetSchedulerState)
    xTaskGetTickCount                        0x0800c69d   Thumb Code     6  tasks.o(i.xTaskGetTickCount)
    xTaskGetTickCountFromISR                 0x0800c6a9   Thumb Code    16  tasks.o(i.xTaskGetTickCountFromISR)
    xTaskIncrementTick                       0x0800c6bd   Thumb Code   282  tasks.o(i.xTaskIncrementTick)
    xTaskPriorityDisinherit                  0x0800c805   Thumb Code   188  tasks.o(i.xTaskPriorityDisinherit)
    xTaskPriorityInherit                     0x0800c8cd   Thumb Code   186  tasks.o(i.xTaskPriorityInherit)
    xTaskRemoveFromEventList                 0x0800c995   Thumb Code   128  tasks.o(i.xTaskRemoveFromEventList)
    xTaskResumeAll                           0x0800ca2d   Thumb Code   224  tasks.o(i.xTaskResumeAll)
    xBroadcastMACAddress                     0x0800cb58   Data           6  freertos_ip.o(.constdata)
    xBufferAllocFixedSize                    0x0800cb78   Data           4  bufferallocation_2.o(.constdata)
    xPHYProperties                           0x0800cb7c   Data           4  networkinterface.o(.constdata)
    ucMACAddress                             0x0800cb88   Data           6  main.o(.constdata)
    ucIPAddress                              0x0800cb8e   Data           4  main.o(.constdata)
    ucNetMask                                0x0800cb92   Data           4  main.o(.constdata)
    ucGatewayAddress                         0x0800cb96   Data           4  main.o(.constdata)
    ucDNSServerAddress                       0x0800cb9a   Data           4  main.o(.constdata)
    SD_Driver                                0x0800cba0   Data          20  sd_diskio.o(.constdata)
    AHBPrescTable                            0x0800cc14   Data          16  system_stm32f4xx.o(.constdata)
    APBPrescTable                            0x0800cc24   Data           8  system_stm32f4xx.o(.constdata)
    Region$$Table$$Base                      0x0800cc44   Number         0  anon$$obj.o(Region$$Table)
    Region$$Table$$Limit                     0x0800cc74   Number         0  anon$$obj.o(Region$$Table)
    xNetworkEventQueue                       0x10000004   Data           4  freertos_ip.o(.data)
    usPacketIdentifier                       0x10000008   Data           2  freertos_ip.o(.data)
    xTCPWindowLoggingLevel                   0x10000030   Data           4  freertos_tcp_win.o(.data)
    xDefaultPartUDPPacketHeader              0x10000034   Data          24  freertos_udp_ip.o(.data)
    retSD                                    0x10000074   Data           1  fatfs.o(.data)
    SDPath                                   0x10000075   Data           4  fatfs.o(.data)
    testBuffer                               0x1000007c   Data          16  freertos.o(.data)
    testBytes                                0x1000008c   Data           4  freertos.o(.data)
    res                                      0x10000090   Data           1  freertos.o(.data)
    defaultTaskHandle                        0x10000094   Data           4  freertos.o(.data)
    uwTick                                   0x1000009c   Data           4  stm32f4xx_hal.o(.data)
    uwTickPrio                               0x100000a0   Data           4  stm32f4xx_hal.o(.data)
    uwTickFreq                               0x100000a4   Data           1  stm32f4xx_hal.o(.data)
    SystemCoreClock                          0x100000a8   Data           4  system_stm32f4xx.o(.data)
    pxCurrentTCB                             0x100000ac   Data           4  tasks.o(.data)
    xNetworkAddressing                       0x10000154   Data          20  freertos_ip.o(.bss)
    xDefaultAddressing                       0x10000168   Data          20  freertos_ip.o(.bss)
    xBoundUDPSocketsList                     0x100001a4   Data          20  freertos_sockets.o(.bss)
    xBoundTCPSocketsList                     0x100001b8   Data          20  freertos_sockets.o(.bss)
    testFile                                 0x10000a64   Data        4144  freertos.o(.bss)
    hsd                                      0x10001ce8   Data         132  sdio.o(.bss)
    hdma_sdio_rx                             0x10001d6c   Data          96  sdio.o(.bss)
    hdma_sdio_tx                             0x10001dcc   Data          96  sdio.o(.bss)
    htim6                                    0x10001e2c   Data          64  tim.o(.bss)
    huart1                                   0x10001e6c   Data          64  usart.o(.bss)
    huart2                                   0x10001eac   Data          64  usart.o(.bss)
    huart3                                   0x10001eec   Data          64  usart.o(.bss)
    hdma_usart1_rx                           0x10001f2c   Data          96  usart.o(.bss)
    hdma_usart1_tx                           0x10001f8c   Data          96  usart.o(.bss)
    htim1                                    0x10001fec   Data          64  stm32f4xx_hal_timebase_tim.o(.bss)
    xQueueRegistry                           0x1000202c   Data          64  queue.o(.bss)
    disk                                     0x1000215c   Data          12  ff_gen_drv.o(.bss)
    __initial_sp                             0x10002568   Data           0  startup_stm32f407xx.o(STACK)
    DMARxDscrTab                             0x20000048   Data         128  networkinterface.o(.bss)
    Rx_Buff                                  0x200000c8   Data        6096  networkinterface.o(.bss)
    DMATxDscrTab                             0x20001898   Data         128  networkinterface.o(.bss)
    Tx_Buff                                  0x20001918   Data        6096  networkinterface.o(.bss)



==============================================================================

Memory Map of the image

  Image Entry point : 0x08000189

  Load Region LR_IROM1 (Base: 0x08000000, Size: 0x0000cd80, Max: 0x00100000, ABSOLUTE)

    Execution Region ER_IROM1 (Base: 0x08000000, Size: 0x0000cc74, Max: 0x00100000, ABSOLUTE)

    Base Addr    Size         Type   Attr      Idx    E Section Name        Object

    0x08000000   0x00000188   Data   RO            3    RESET               startup_stm32f407xx.o
    0x08000188   0x00000000   Code   RO         7755  * .ARM.Collect$$$$00000000  mc_w.l(entry.o)
    0x08000188   0x00000004   Code   RO         8045    .ARM.Collect$$$$00000001  mc_w.l(entry2.o)
    0x0800018c   0x00000004   Code   RO         8048    .ARM.Collect$$$$00000004  mc_w.l(entry5.o)
    0x08000190   0x00000000   Code   RO         8050    .ARM.Collect$$$$00000008  mc_w.l(entry7b.o)
    0x08000190   0x00000000   Code   RO         8052    .ARM.Collect$$$$0000000A  mc_w.l(entry8b.o)
    0x08000190   0x00000008   Code   RO         8053    .ARM.Collect$$$$0000000B  mc_w.l(entry9a.o)
    0x08000198   0x00000000   Code   RO         8055    .ARM.Collect$$$$0000000D  mc_w.l(entry10a.o)
    0x08000198   0x00000000   Code   RO         8057    .ARM.Collect$$$$0000000F  mc_w.l(entry11a.o)
    0x08000198   0x00000004   Code   RO         8046    .ARM.Collect$$$$00002712  mc_w.l(entry2.o)
    0x0800019c   0x000000be   Code   RO         7158    .emb_text           port.o
    0x0800025a   0x00000002   PAD
    0x0800025c   0x00000024   Code   RO            4    .text               startup_stm32f407xx.o
    0x08000280   0x00000062   Code   RO         7758    .text               mc_w.l(uldiv.o)
    0x080002e2   0x00000040   Code   RO         7762    .text               mc_w.l(memmovea.o)
    0x08000322   0x00000024   Code   RO         7766    .text               mc_w.l(memseta.o)
    0x08000346   0x0000001a   Code   RO         7774    .text               mc_w.l(memcmp.o)
    0x08000360   0x0000002c   Code   RO         8062    .text               mc_w.l(uidiv.o)
    0x0800038c   0x0000001e   Code   RO         8064    .text               mc_w.l(llshl.o)
    0x080003aa   0x00000020   Code   RO         8066    .text               mc_w.l(llushr.o)
    0x080003ca   0x00000002   PAD
    0x080003cc   0x00000024   Code   RO         8081    .text               mc_w.l(init.o)
    0x080003f0   0x00000002   Code   RO         2277    i.BSP_SD_AbortCallback  bsp_driver_sd.o
    0x080003f2   0x00000002   PAD
    0x080003f4   0x00000014   Code   RO         2280    i.BSP_SD_GetCardInfo  bsp_driver_sd.o
    0x08000408   0x00000018   Code   RO         2281    i.BSP_SD_GetCardState  bsp_driver_sd.o
    0x08000420   0x00000030   Code   RO         2283    i.BSP_SD_Init       bsp_driver_sd.o
    0x08000450   0x0000000c   Code   RO         2284    i.BSP_SD_IsDetected  bsp_driver_sd.o
    0x0800045c   0x00000028   Code   RO         2286    i.BSP_SD_ReadBlocks_DMA  bsp_driver_sd.o
    0x08000484   0x00000014   Code   RO         2398    i.BSP_SD_ReadCpltCallback  sd_diskio.o
    0x08000498   0x00000028   Code   RO         2289    i.BSP_SD_WriteBlocks_DMA  bsp_driver_sd.o
    0x080004c0   0x00000014   Code   RO         2399    i.BSP_SD_WriteCpltCallback  sd_diskio.o
    0x080004d4   0x00000004   Code   RO         2728    i.BusFault_Handler  stm32f4xx_it.o
    0x080004d8   0x00000010   Code   RO         2729    i.DMA2_Stream2_IRQHandler  stm32f4xx_it.o
    0x080004e8   0x00000010   Code   RO         2730    i.DMA2_Stream3_IRQHandler  stm32f4xx_it.o
    0x080004f8   0x00000010   Code   RO         2731    i.DMA2_Stream6_IRQHandler  stm32f4xx_it.o
    0x08000508   0x00000010   Code   RO         2732    i.DMA2_Stream7_IRQHandler  stm32f4xx_it.o
    0x08000518   0x00000034   Code   RO         3419    i.DMA_CalcBaseAndBitshift  stm32f4xx_hal_dma.o
    0x0800054c   0x000000aa   Code   RO         3420    i.DMA_CheckFifoParam  stm32f4xx_hal_dma.o
    0x080005f6   0x0000002c   Code   RO         3421    i.DMA_SetConfig     stm32f4xx_hal_dma.o
    0x08000622   0x00000002   Code   RO         2733    i.DebugMon_Handler  stm32f4xx_it.o
    0x08000624   0x0000001c   Code   RO         1710    i.ETH_DMAReceptionDisable  stm32f4xx_hal_eth.o
    0x08000640   0x0000001c   Code   RO         1711    i.ETH_DMAReceptionEnable  stm32f4xx_hal_eth.o
    0x0800065c   0x0000001c   Code   RO         1712    i.ETH_DMATransmissionDisable  stm32f4xx_hal_eth.o
    0x08000678   0x0000001c   Code   RO         1713    i.ETH_DMATransmissionEnable  stm32f4xx_hal_eth.o
    0x08000694   0x0000001c   Code   RO         1714    i.ETH_FlushTransmitFIFO  stm32f4xx_hal_eth.o
    0x080006b0   0x00000010   Code   RO         1473    i.ETH_IRQHandler    networkinterface.o
    0x080006c0   0x0000003c   Code   RO         1715    i.ETH_MACAddressConfig  stm32f4xx_hal_eth.o
    0x080006fc   0x00000218   Code   RO         1716    i.ETH_MACDMAConfig  stm32f4xx_hal_eth.o
    0x08000914   0x00000018   Code   RO         1717    i.ETH_MACReceptionDisable  stm32f4xx_hal_eth.o
    0x0800092c   0x00000018   Code   RO         1718    i.ETH_MACReceptionEnable  stm32f4xx_hal_eth.o
    0x08000944   0x00000016   Code   RO         1719    i.ETH_MACTransmissionDisable  stm32f4xx_hal_eth.o
    0x0800095a   0x00000016   Code   RO         1720    i.ETH_MACTransmissionEnable  stm32f4xx_hal_eth.o
    0x08000970   0x0000000c   Code   RO         2734    i.EXTI9_5_IRQHandler  stm32f4xx_it.o
    0x0800097c   0x00000002   Code   RO         2107    i.Error_Handler     main.o
    0x0800097e   0x00000012   Code   RO         7660    i.FATFS_LinkDriver  ff_gen_drv.o
    0x08000990   0x00000054   Code   RO         7661    i.FATFS_LinkDriverEx  ff_gen_drv.o
    0x080009e4   0x00000010   Code   RO           10    i.FreeRTOS_ClearARP  freertos_arp.o
    0x080009f4   0x0000002c   Code   RO          312    i.FreeRTOS_GetAddressConfiguration  freertos_ip.o
    0x08000a20   0x00000204   Code   RO          319    i.FreeRTOS_IPInit   freertos_ip.o
    0x08000c24   0x00000028   Code   RO          321    i.FreeRTOS_NetworkDown  freertos_ip.o
    0x08000c4c   0x00000044   Code   RO           11    i.FreeRTOS_OutputARPRequest  freertos_arp.o
    0x08000c90   0x00000118   Code   RO          581    i.FreeRTOS_accept   freertos_sockets.o
    0x08000da8   0x0000008a   Code   RO          582    i.FreeRTOS_bind     freertos_sockets.o
    0x08000e32   0x00000030   Code   RO          583    i.FreeRTOS_closesocket  freertos_sockets.o
    0x08000e62   0x00000094   Code   RO          590    i.FreeRTOS_listen   freertos_sockets.o
    0x08000ef6   0x0000000e   Code   RO          591    i.FreeRTOS_max_uint32  freertos_sockets.o
    0x08000f04   0x0000000e   Code   RO         1185    i.FreeRTOS_min_int32  freertos_tcp_win.o
    0x08000f12   0x0000000e   Code   RO          923    i.FreeRTOS_min_uint32  freertos_stream_buffer.o
    0x08000f20   0x0000000e   Code   RO          959    i.FreeRTOS_min_uint32  freertos_tcp_ip.o
    0x08000f2e   0x0000014c   Code   RO          595    i.FreeRTOS_recv     freertos_sockets.o
    0x0800107a   0x0000000e   Code   RO          597    i.FreeRTOS_round_up  freertos_sockets.o
    0x08001088   0x00000028   Code   RO          598    i.FreeRTOS_rx_size  freertos_sockets.o
    0x080010b0   0x00000112   Code   RO          600    i.FreeRTOS_send     freertos_sockets.o
    0x080011c2   0x0000029a   Code   RO          602    i.FreeRTOS_setsockopt  freertos_sockets.o
    0x0800145c   0x00000048   Code   RO          603    i.FreeRTOS_shutdown  freertos_sockets.o
    0x080014a4   0x000000ce   Code   RO          604    i.FreeRTOS_socket   freertos_sockets.o
    0x08001572   0x00000028   Code   RO          605    i.FreeRTOS_tx_size  freertos_sockets.o
    0x0800159a   0x00000028   Code   RO          606    i.FreeRTOS_tx_space  freertos_sockets.o
    0x080015c2   0x00000028   Code   RO         3423    i.HAL_DMA_Abort_IT  stm32f4xx_hal_dma.o
    0x080015ea   0x00000006   Code   RO         3425    i.HAL_DMA_GetError  stm32f4xx_hal_dma.o
    0x080015f0   0x00000240   Code   RO         3427    i.HAL_DMA_IRQHandler  stm32f4xx_hal_dma.o
    0x08001830   0x000000ec   Code   RO         3428    i.HAL_DMA_Init      stm32f4xx_hal_dma.o
    0x0800191c   0x00000092   Code   RO         3432    i.HAL_DMA_Start_IT  stm32f4xx_hal_dma.o
    0x080019ae   0x00000002   PAD
    0x080019b0   0x00000028   Code   RO         3846    i.HAL_Delay         stm32f4xx_hal.o
    0x080019d8   0x00000120   Code   RO         1722    i.HAL_ETH_ConfigMAC  stm32f4xx_hal_eth.o
    0x08001af8   0x00000002   Code   RO         1726    i.HAL_ETH_ErrorCallback  stm32f4xx_hal_eth.o
    0x08001afa   0x00000002   PAD
    0x08001afc   0x00000050   Code   RO         1730    i.HAL_ETH_IRQHandler  stm32f4xx_hal_eth.o
    0x08001b4c   0x00000108   Code   RO         1731    i.HAL_ETH_Init      stm32f4xx_hal_eth.o
    0x08001c54   0x00000154   Code   RO         2236    i.HAL_ETH_MspInit   eth.o
    0x08001da8   0x000000c4   Code   RO         1734    i.HAL_ETH_ReadPHYRegister  stm32f4xx_hal_eth.o
    0x08001e6c   0x00000048   Code   RO         1474    i.HAL_ETH_RxCpltCallback  networkinterface.o
    0x08001eb4   0x00000052   Code   RO         1736    i.HAL_ETH_Start     stm32f4xx_hal_eth.o
    0x08001f06   0x00000052   Code   RO         1737    i.HAL_ETH_Stop      stm32f4xx_hal_eth.o
    0x08001f58   0x00000002   Code   RO         1739    i.HAL_ETH_TxCpltCallback  stm32f4xx_hal_eth.o
    0x08001f5a   0x00000002   PAD
    0x08001f5c   0x000000c4   Code   RO         1740    i.HAL_ETH_WritePHYRegister  stm32f4xx_hal_eth.o
    0x08002020   0x00000002   Code   RO         3313    i.HAL_GPIO_EXTI_Callback  stm32f4xx_hal_gpio.o
    0x08002022   0x00000002   PAD
    0x08002024   0x0000001c   Code   RO         3314    i.HAL_GPIO_EXTI_IRQHandler  stm32f4xx_hal_gpio.o
    0x08002040   0x00000200   Code   RO         3315    i.HAL_GPIO_Init     stm32f4xx_hal_gpio.o
    0x08002240   0x0000000c   Code   RO         3319    i.HAL_GPIO_WritePin  stm32f4xx_hal_gpio.o
    0x0800224c   0x0000000c   Code   RO         3852    i.HAL_GetTick       stm32f4xx_hal.o
    0x08002258   0x00000018   Code   RO         3858    i.HAL_IncTick       stm32f4xx_hal.o
    0x08002270   0x0000003c   Code   RO         3859    i.HAL_Init          stm32f4xx_hal.o
    0x080022ac   0x0000008c   Code   RO         2876    i.HAL_InitTick      stm32f4xx_hal_timebase_tim.o
    0x08002338   0x00000054   Code   RO         2852    i.HAL_MspInit       stm32f4xx_hal_msp.o
    0x0800238c   0x00000020   Code   RO         3704    i.HAL_NVIC_EnableIRQ  stm32f4xx_hal_cortex.o
    0x080023ac   0x0000007c   Code   RO         3710    i.HAL_NVIC_SetPriority  stm32f4xx_hal_cortex.o
    0x08002428   0x00000028   Code   RO         3711    i.HAL_NVIC_SetPriorityGrouping  stm32f4xx_hal_cortex.o
    0x08002450   0x00000184   Code   RO         2916    i.HAL_RCC_ClockConfig  stm32f4xx_hal_rcc.o
    0x080025d4   0x00000044   Code   RO         2920    i.HAL_RCC_GetClockConfig  stm32f4xx_hal_rcc.o
    0x08002618   0x0000000c   Code   RO         2921    i.HAL_RCC_GetHCLKFreq  stm32f4xx_hal_rcc.o
    0x08002624   0x00000020   Code   RO         2923    i.HAL_RCC_GetPCLK1Freq  stm32f4xx_hal_rcc.o
    0x08002644   0x00000020   Code   RO         2924    i.HAL_RCC_GetPCLK2Freq  stm32f4xx_hal_rcc.o
    0x08002664   0x000000b0   Code   RO         2925    i.HAL_RCC_GetSysClockFreq  stm32f4xx_hal_rcc.o
    0x08002714   0x00000488   Code   RO         2928    i.HAL_RCC_OscConfig  stm32f4xx_hal_rcc.o
    0x08002b9c   0x0000000a   Code   RO         2291    i.HAL_SD_AbortCallback  bsp_driver_sd.o
    0x08002ba6   0x00000002   PAD
    0x08002ba8   0x000000a8   Code   RO         4376    i.HAL_SD_ConfigWideBusOperation  stm32f4xx_hal_sd.o
    0x08002c50   0x00000002   Code   RO         4379    i.HAL_SD_ErrorCallback  stm32f4xx_hal_sd.o
    0x08002c52   0x00000002   PAD
    0x08002c54   0x000001c8   Code   RO         4381    i.HAL_SD_GetCardCSD  stm32f4xx_hal_sd.o
    0x08002e1c   0x00000026   Code   RO         4382    i.HAL_SD_GetCardInfo  stm32f4xx_hal_sd.o
    0x08002e42   0x00000024   Code   RO         4383    i.HAL_SD_GetCardState  stm32f4xx_hal_sd.o
    0x08002e66   0x00000002   PAD
    0x08002e68   0x0000021c   Code   RO         4387    i.HAL_SD_IRQHandler  stm32f4xx_hal_sd.o
    0x08003084   0x0000003c   Code   RO         4388    i.HAL_SD_Init       stm32f4xx_hal_sd.o
    0x080030c0   0x00000084   Code   RO         4389    i.HAL_SD_InitCard   stm32f4xx_hal_sd.o
    0x08003144   0x000001a8   Code   RO         2591    i.HAL_SD_MspInit    sdio.o
    0x080032ec   0x00000154   Code   RO         4393    i.HAL_SD_ReadBlocks_DMA  stm32f4xx_hal_sd.o
    0x08003440   0x0000000a   Code   RO         2292    i.HAL_SD_RxCpltCallback  bsp_driver_sd.o
    0x0800344a   0x0000000a   Code   RO         2293    i.HAL_SD_TxCpltCallback  bsp_driver_sd.o
    0x08003454   0x00000158   Code   RO         4398    i.HAL_SD_WriteBlocks_DMA  stm32f4xx_hal_sd.o
    0x080035ac   0x00000002   Code   RO         5316    i.HAL_TIMEx_BreakCallback  stm32f4xx_hal_tim_ex.o
    0x080035ae   0x00000002   Code   RO         5317    i.HAL_TIMEx_CommutCallback  stm32f4xx_hal_tim_ex.o
    0x080035b0   0x000000b4   Code   RO         5334    i.HAL_TIMEx_MasterConfigSynchronization  stm32f4xx_hal_tim_ex.o
    0x08003664   0x00000034   Code   RO         4630    i.HAL_TIM_Base_Init  stm32f4xx_hal_tim.o
    0x08003698   0x00000048   Code   RO         2633    i.HAL_TIM_Base_MspInit  tim.o
    0x080036e0   0x0000002a   Code   RO         4635    i.HAL_TIM_Base_Start_IT  stm32f4xx_hal_tim.o
    0x0800370a   0x00000002   Code   RO         4659    i.HAL_TIM_IC_CaptureCallback  stm32f4xx_hal_tim.o
    0x0800370c   0x00000196   Code   RO         4673    i.HAL_TIM_IRQHandler  stm32f4xx_hal_tim.o
    0x080038a2   0x00000002   Code   RO         4676    i.HAL_TIM_OC_DelayElapsedCallback  stm32f4xx_hal_tim.o
    0x080038a4   0x00000002   Code   RO         4703    i.HAL_TIM_PWM_PulseFinishedCallback  stm32f4xx_hal_tim.o
    0x080038a6   0x00000002   PAD
    0x080038a8   0x00000018   Code   RO         2108    i.HAL_TIM_PeriodElapsedCallback  main.o
    0x080038c0   0x00000002   Code   RO         4716    i.HAL_TIM_TriggerCallback  stm32f4xx_hal_tim.o
    0x080038c2   0x00000002   Code   RO         5588    i.HAL_UART_ErrorCallback  stm32f4xx_hal_uart.o
    0x080038c4   0x00000154   Code   RO         5591    i.HAL_UART_IRQHandler  stm32f4xx_hal_uart.o
    0x08003a18   0x00000072   Code   RO         5592    i.HAL_UART_Init     stm32f4xx_hal_uart.o
    0x08003a8a   0x00000002   PAD
    0x08003a8c   0x00000228   Code   RO         2675    i.HAL_UART_MspInit  usart.o
    0x08003cb4   0x00000002   Code   RO         5598    i.HAL_UART_RxCpltCallback  stm32f4xx_hal_uart.o
    0x08003cb6   0x00000002   Code   RO         5603    i.HAL_UART_TxCpltCallback  stm32f4xx_hal_uart.o
    0x08003cb8   0x00000004   Code   RO         2735    i.HardFault_Handler  stm32f4xx_it.o
    0x08003cbc   0x00000068   Code   RO         2211    i.MX_DMA_Init       dma.o
    0x08003d24   0x0000001c   Code   RO         2485    i.MX_FATFS_Init     fatfs.o
    0x08003d40   0x00000028   Code   RO         2522    i.MX_FREERTOS_Init  freertos.o
    0x08003d68   0x00000184   Code   RO         2187    i.MX_GPIO_Init      gpio.o
    0x08003eec   0x00000024   Code   RO         2592    i.MX_SDIO_SD_Init   sdio.o
    0x08003f10   0x0000004c   Code   RO         2634    i.MX_TIM6_Init      tim.o
    0x08003f5c   0x00000038   Code   RO         2676    i.MX_USART1_UART_Init  usart.o
    0x08003f94   0x00000038   Code   RO         2677    i.MX_USART2_UART_Init  usart.o
    0x08003fcc   0x00000038   Code   RO         2678    i.MX_USART3_UART_Init  usart.o
    0x08004004   0x00000004   Code   RO         2736    i.MemManage_Handler  stm32f4xx_it.o
    0x08004008   0x00000002   Code   RO         2737    i.NMI_Handler       stm32f4xx_it.o
    0x0800400a   0x0000002c   Code   RO         4097    i.SDIO_ConfigData   stm32f4xx_ll_sdmmc.o
    0x08004036   0x00000008   Code   RO         4098    i.SDIO_GetCommandResponse  stm32f4xx_ll_sdmmc.o
    0x0800403e   0x0000000a   Code   RO         4101    i.SDIO_GetPowerState  stm32f4xx_ll_sdmmc.o
    0x08004048   0x0000000c   Code   RO         4102    i.SDIO_GetResponse  stm32f4xx_ll_sdmmc.o
    0x08004054   0x00000010   Code   RO         2738    i.SDIO_IRQHandler   stm32f4xx_it.o
    0x08004064   0x00000034   Code   RO         4103    i.SDIO_Init         stm32f4xx_ll_sdmmc.o
    0x08004098   0x00000012   Code   RO         4105    i.SDIO_PowerState_ON  stm32f4xx_ll_sdmmc.o
    0x080040aa   0x00000008   Code   RO         4106    i.SDIO_ReadFIFO     stm32f4xx_ll_sdmmc.o
    0x080040b2   0x00000028   Code   RO         4107    i.SDIO_SendCommand  stm32f4xx_ll_sdmmc.o
    0x080040da   0x0000000c   Code   RO         4109    i.SDIO_WriteFIFO    stm32f4xx_ll_sdmmc.o
    0x080040e6   0x00000038   Code   RO         4110    i.SDMMC_CmdAppCommand  stm32f4xx_ll_sdmmc.o
    0x0800411e   0x00000002   PAD
    0x08004120   0x0000003c   Code   RO         4111    i.SDMMC_CmdAppOperCommand  stm32f4xx_ll_sdmmc.o
    0x0800415c   0x00000038   Code   RO         4112    i.SDMMC_CmdBlockLength  stm32f4xx_ll_sdmmc.o
    0x08004194   0x00000038   Code   RO         4113    i.SDMMC_CmdBusWidth  stm32f4xx_ll_sdmmc.o
    0x080041cc   0x0000002c   Code   RO         4117    i.SDMMC_CmdGoIdleState  stm32f4xx_ll_sdmmc.o
    0x080041f8   0x00000034   Code   RO         4119    i.SDMMC_CmdOperCond  stm32f4xx_ll_sdmmc.o
    0x0800422c   0x00000038   Code   RO         4120    i.SDMMC_CmdReadMultiBlock  stm32f4xx_ll_sdmmc.o
    0x08004264   0x00000038   Code   RO         4121    i.SDMMC_CmdReadSingleBlock  stm32f4xx_ll_sdmmc.o
    0x0800429c   0x0000003a   Code   RO         4124    i.SDMMC_CmdSelDesel  stm32f4xx_ll_sdmmc.o
    0x080042d6   0x00000032   Code   RO         4125    i.SDMMC_CmdSendCID  stm32f4xx_ll_sdmmc.o
    0x08004308   0x00000032   Code   RO         4126    i.SDMMC_CmdSendCSD  stm32f4xx_ll_sdmmc.o
    0x0800433a   0x00000038   Code   RO         4127    i.SDMMC_CmdSendSCR  stm32f4xx_ll_sdmmc.o
    0x08004372   0x00000038   Code   RO         4128    i.SDMMC_CmdSendStatus  stm32f4xx_ll_sdmmc.o
    0x080043aa   0x00000038   Code   RO         4129    i.SDMMC_CmdSetRelAdd  stm32f4xx_ll_sdmmc.o
    0x080043e2   0x00000002   PAD
    0x080043e4   0x0000003c   Code   RO         4131    i.SDMMC_CmdStopTransfer  stm32f4xx_ll_sdmmc.o
    0x08004420   0x00000038   Code   RO         4133    i.SDMMC_CmdWriteMultiBlock  stm32f4xx_ll_sdmmc.o
    0x08004458   0x00000038   Code   RO         4134    i.SDMMC_CmdWriteSingleBlock  stm32f4xx_ll_sdmmc.o
    0x08004490   0x00000040   Code   RO         4135    i.SDMMC_GetCmdError  stm32f4xx_ll_sdmmc.o
    0x080044d0   0x000001ac   Code   RO         4136    i.SDMMC_GetCmdResp1  stm32f4xx_ll_sdmmc.o
    0x0800467c   0x00000064   Code   RO         4137    i.SDMMC_GetCmdResp2  stm32f4xx_ll_sdmmc.o
    0x080046e0   0x00000058   Code   RO         4138    i.SDMMC_GetCmdResp3  stm32f4xx_ll_sdmmc.o
    0x08004738   0x000000b8   Code   RO         4139    i.SDMMC_GetCmdResp6  stm32f4xx_ll_sdmmc.o
    0x080047f0   0x0000006c   Code   RO         4140    i.SDMMC_GetCmdResp7  stm32f4xx_ll_sdmmc.o
    0x0800485c   0x00000028   Code   RO         2400    i.SD_CheckStatus    sd_diskio.o
    0x08004884   0x00000026   Code   RO         2401    i.SD_CheckStatusWithTimeout  sd_diskio.o
    0x080048aa   0x00000002   PAD
    0x080048ac   0x00000074   Code   RO         4400    i.SD_DMAError       stm32f4xx_hal_sd.o
    0x08004920   0x00000048   Code   RO         4401    i.SD_DMAReceiveCplt  stm32f4xx_hal_sd.o
    0x08004968   0x00000048   Code   RO         4402    i.SD_DMARxAbort     stm32f4xx_hal_sd.o
    0x080049b0   0x00000012   Code   RO         4403    i.SD_DMATransmitCplt  stm32f4xx_hal_sd.o
    0x080049c2   0x00000048   Code   RO         4404    i.SD_DMATxAbort     stm32f4xx_hal_sd.o
    0x08004a0a   0x00000134   Code   RO         4405    i.SD_FindSCR        stm32f4xx_hal_sd.o
    0x08004b3e   0x00000102   Code   RO         4406    i.SD_InitCard       stm32f4xx_hal_sd.o
    0x08004c40   0x000000cc   Code   RO         4408    i.SD_PowerON        stm32f4xx_hal_sd.o
    0x08004d0c   0x0000004a   Code   RO         4409    i.SD_Read_IT        stm32f4xx_hal_sd.o
    0x08004d56   0x00000030   Code   RO         4411    i.SD_SendStatus     stm32f4xx_hal_sd.o
    0x08004d86   0x00000068   Code   RO         4412    i.SD_WideBus_Disable  stm32f4xx_hal_sd.o
    0x08004dee   0x00000068   Code   RO         4413    i.SD_WideBus_Enable  stm32f4xx_hal_sd.o
    0x08004e56   0x00000054   Code   RO         4414    i.SD_Write_IT       stm32f4xx_hal_sd.o
    0x08004eaa   0x00000002   PAD
    0x08004eac   0x0000006c   Code   RO         2402    i.SD_initialize     sd_diskio.o
    0x08004f18   0x0000006c   Code   RO         2403    i.SD_ioctl          sd_diskio.o
    0x08004f84   0x00000084   Code   RO         2404    i.SD_read           sd_diskio.o
    0x08005008   0x0000000c   Code   RO         2405    i.SD_status         sd_diskio.o
    0x08005014   0x00000080   Code   RO         2406    i.SD_write          sd_diskio.o
    0x08005094   0x00000034   Code   RO         7159    i.SysTick_Handler   port.o
    0x080050c8   0x000000b4   Code   RO         2109    i.SystemClock_Config  main.o
    0x0800517c   0x0000001c   Code   RO         5899    i.SystemInit        system_stm32f4xx.o
    0x08005198   0x00000010   Code   RO         2739    i.TIM1_UP_TIM10_IRQHandler  stm32f4xx_it.o
    0x080051a8   0x00000010   Code   RO         2740    i.TIM6_DAC_IRQHandler  stm32f4xx_it.o
    0x080051b8   0x000000d8   Code   RO         4718    i.TIM_Base_SetConfig  stm32f4xx_hal_tim.o
    0x08005290   0x00000014   Code   RO         5605    i.UART_DMAAbortOnError  stm32f4xx_hal_uart.o
    0x080052a4   0x00000020   Code   RO         5615    i.UART_EndRxTransfer  stm32f4xx_hal_uart.o
    0x080052c4   0x00000020   Code   RO         5616    i.UART_EndTransmit_IT  stm32f4xx_hal_uart.o
    0x080052e4   0x000000a6   Code   RO         5618    i.UART_Receive_IT   stm32f4xx_hal_uart.o
    0x0800538a   0x00000002   PAD
    0x0800538c   0x000003e8   Code   RO         5619    i.UART_SetConfig    stm32f4xx_hal_uart.o
    0x08005774   0x00000068   Code   RO         5620    i.UART_Transmit_IT  stm32f4xx_hal_uart.o
    0x080057dc   0x00000010   Code   RO         2741    i.USART1_IRQHandler  stm32f4xx_it.o
    0x080057ec   0x00000010   Code   RO         2742    i.USART2_IRQHandler  stm32f4xx_it.o
    0x080057fc   0x00000010   Code   RO         2743    i.USART3_IRQHandler  stm32f4xx_it.o
    0x0800580c   0x00000004   Code   RO         2744    i.UsageFault_Handler  stm32f4xx_it.o
    0x08005810   0x00000028   Code   RO         7941    i.__0sprintf$6      mc_w.l(printf6.o)
    0x08005838   0x00000010   Code   RO         3717    i.__NVIC_GetPriorityGrouping  stm32f4xx_hal_cortex.o
    0x08005848   0x00000028   Code   RO         3718    i.__NVIC_SetPriority  stm32f4xx_hal_cortex.o
    0x08005870   0x0000000e   Code   RO         8091    i.__scatterload_copy  mc_w.l(handlers.o)
    0x0800587e   0x00000002   Code   RO         8092    i.__scatterload_null  mc_w.l(handlers.o)
    0x08005880   0x0000000e   Code   RO         8093    i.__scatterload_zeroinit  mc_w.l(handlers.o)
    0x0800588e   0x00000002   PAD
    0x08005890   0x000002f0   Code   RO         7946    i._printf_core      mc_w.l(printf6.o)
    0x08005b80   0x00000024   Code   RO         7947    i._printf_post_padding  mc_w.l(printf6.o)
    0x08005ba4   0x0000002e   Code   RO         7948    i._printf_pre_padding  mc_w.l(printf6.o)
    0x08005bd2   0x0000000a   Code   RO         7950    i._sputc            mc_w.l(printf6.o)
    0x08005bdc   0x00000084   Code   RO           12    i.eARPGetCacheEntry  freertos_arp.o
    0x08005c60   0x000000a4   Code   RO           13    i.eARPProcessPacket  freertos_arp.o
    0x08005d04   0x00000010   Code   RO         6737    i.inHandlerMode     cmsis_os.o
    0x08005d14   0x0000008e   Code   RO          608    i.lTCPAddRxdata     freertos_sockets.o
    0x08005da2   0x0000000a   Code   RO         1186    i.lTCPIncrementTxPosition  freertos_tcp_win.o
    0x08005dac   0x00000178   Code   RO         1187    i.lTCPWindowRxCheck  freertos_tcp_win.o
    0x08005f24   0x00000124   Code   RO         1188    i.lTCPWindowTxAdd   freertos_tcp_win.o
    0x08006048   0x00000006   Code   RO         1475    i.lUDPLoggingPrintf  networkinterface.o
    0x0800604e   0x00000002   PAD
    0x08006050   0x00000060   Code   RO         2110    i.main              main.o
    0x080060b0   0x0000000e   Code   RO         6739    i.makeFreeRtosPriority  cmsis_os.o
    0x080060be   0x00000012   Code   RO         6743    i.osKernelRunning   cmsis_os.o
    0x080060d0   0x0000000a   Code   RO         6744    i.osKernelStart     cmsis_os.o
    0x080060da   0x00000014   Code   RO         6745    i.osKernelSysTick   cmsis_os.o
    0x080060ee   0x00000028   Code   RO         6753    i.osMessageCreate   cmsis_os.o
    0x08006116   0x00000002   PAD
    0x08006118   0x0000009c   Code   RO         6755    i.osMessageGet      cmsis_os.o
    0x080061b4   0x00000060   Code   RO         6757    i.osMessagePut      cmsis_os.o
    0x08006214   0x0000005e   Code   RO         6778    i.osThreadCreate    cmsis_os.o
    0x08006272   0x00000002   PAD
    0x08006274   0x00000098   Code   RO         6422    i.prvAddCurrentTaskToDelayedList  tasks.o
    0x0800630c   0x000000b4   Code   RO         6423    i.prvAddNewTaskToReadyList  tasks.o
    0x080063c0   0x00000058   Code   RO          331    i.prvAllowIPPacket  freertos_ip.o
    0x08006418   0x00000050   Code   RO           14    i.prvCacheLookup    freertos_arp.o
    0x08006468   0x00000030   Code   RO          332    i.prvCalculateSleepTime  freertos_ip.o
    0x08006498   0x0000005c   Code   RO          333    i.prvCheckNetworkTimers  freertos_ip.o
    0x080064f4   0x0000005a   Code   RO          960    i.prvCheckOptions   freertos_tcp_ip.o
    0x0800654e   0x00000078   Code   RO          961    i.prvCheckRxData    freertos_tcp_ip.o
    0x080065c6   0x00000002   PAD
    0x080065c8   0x00000048   Code   RO         6424    i.prvCheckTasksWaitingTermination  tasks.o
    0x08006610   0x000000d4   Code   RO         2524    i.prvConnectionListeningTask  freertos.o
    0x080066e4   0x0000002a   Code   RO         6076    i.prvCopyDataFromQueue  queue.o
    0x0800670e   0x0000007e   Code   RO         6077    i.prvCopyDataToQueue  queue.o
    0x0800678c   0x0000007c   Code   RO         1189    i.prvCreateSectors  freertos_tcp_win.o
    0x08006808   0x00000054   Code   RO         1476    i.prvDMARxDescListInit  networkinterface.o
    0x0800685c   0x0000005c   Code   RO         1477    i.prvDMATxDescListInit  networkinterface.o
    0x080068b8   0x00000050   Code   RO         6425    i.prvDeleteTCB      tasks.o
    0x08006908   0x00000104   Code   RO          609    i.prvDetermineSocketSize  freertos_sockets.o
    0x08006a0c   0x00000108   Code   RO         1478    i.prvEMACHandlerTask  networkinterface.o
    0x08006b14   0x0000013c   Code   RO         1479    i.prvEthernetUpdateConfig  networkinterface.o
    0x08006c50   0x00000014   Code   RO         6078    i.prvGetDisinheritPriorityAfterTimeout  queue.o
    0x08006c64   0x00000068   Code   RO          611    i.prvGetPrivatePortNumber  freertos_sockets.o
    0x08006ccc   0x000001b8   Code   RO          962    i.prvHandleEstablished  freertos_tcp_ip.o
    0x08006e84   0x0000000c   Code   RO          334    i.prvHandleEthernetPacket  freertos_ip.o
    0x08006e90   0x00000124   Code   RO          963    i.prvHandleListen   freertos_tcp_ip.o
    0x08006fb4   0x00000122   Code   RO          964    i.prvHandleSynReceived  freertos_tcp_ip.o
    0x080070d6   0x00000002   PAD
    0x080070d8   0x0000007c   Code   RO         7106    i.prvHeapInit       heap_4.o
    0x08007154   0x00000124   Code   RO          335    i.prvIPTask         freertos_ip.o
    0x08007278   0x00000036   Code   RO          336    i.prvIPTimerCheck   freertos_ip.o
    0x080072ae   0x00000012   Code   RO          337    i.prvIPTimerReload  freertos_ip.o
    0x080072c0   0x00000030   Code   RO          338    i.prvIPTimerStart   freertos_ip.o
    0x080072f0   0x00000028   Code   RO         6426    i.prvIdleTask       tasks.o
    0x08007318   0x00000026   Code   RO         6080    i.prvInitialiseNewQueue  queue.o
    0x0800733e   0x000000b4   Code   RO         6427    i.prvInitialiseNewTask  tasks.o
    0x080073f2   0x00000002   PAD
    0x080073f4   0x00000068   Code   RO         6428    i.prvInitialiseTaskLists  tasks.o
    0x0800745c   0x00000068   Code   RO         7107    i.prvInsertBlockIntoFreeList  heap_4.o
    0x080074c4   0x0000001a   Code   RO         6081    i.prvIsQueueEmpty   queue.o
    0x080074de   0x0000001e   Code   RO         6082    i.prvIsQueueFull    queue.o
    0x080074fc   0x000000e0   Code   RO         1481    i.prvNetworkInterfaceInput  networkinterface.o
    0x080075dc   0x00000088   Code   RO          339    i.prvProcessEthernetPacket  freertos_ip.o
    0x08007664   0x0000004c   Code   RO          340    i.prvProcessICMPEchoReply  freertos_ip.o
    0x080076b0   0x0000005c   Code   RO          341    i.prvProcessICMPEchoRequest  freertos_ip.o
    0x0800770c   0x0000002a   Code   RO          342    i.prvProcessICMPPacket  freertos_ip.o
    0x08007736   0x00000002   PAD
    0x08007738   0x00000148   Code   RO          343    i.prvProcessIPPacket  freertos_ip.o
    0x08007880   0x00000048   Code   RO          344    i.prvProcessNetworkDownEvent  freertos_ip.o
    0x080078c8   0x00000034   Code   RO         6429    i.prvResetNextTaskUnblockTime  tasks.o
    0x080078fc   0x000000f8   Code   RO          965    i.prvSendData       freertos_tcp_ip.o
    0x080079f4   0x000000cc   Code   RO         2525    i.prvServerConnectionInstance  freertos.o
    0x08007ac0   0x00000090   Code   RO          966    i.prvSetOptions     freertos_tcp_ip.o
    0x08007b50   0x0000005c   Code   RO          967    i.prvSetSynAckOptions  freertos_tcp_ip.o
    0x08007bac   0x00000168   Code   RO          968    i.prvSingleStepTCPHeaderOptions  freertos_tcp_ip.o
    0x08007d14   0x0000007a   Code   RO          969    i.prvSkipPastRemainingOptions  freertos_tcp_ip.o
    0x08007d8e   0x00000002   PAD
    0x08007d90   0x0000005c   Code   RO          970    i.prvSocketSetMSS   freertos_tcp_ip.o
    0x08007dec   0x000000d8   Code   RO          971    i.prvStoreRxData    freertos_tcp_ip.o
    0x08007ec4   0x0000005a   Code   RO          972    i.prvTCPAddTxData   freertos_tcp_ip.o
    0x08007f1e   0x00000002   PAD
    0x08007f20   0x00000094   Code   RO          973    i.prvTCPBufferResize  freertos_tcp_ip.o
    0x08007fb4   0x0000008c   Code   RO          613    i.prvTCPCreateStream  freertos_sockets.o
    0x08008040   0x00000040   Code   RO          974    i.prvTCPCreateWindow  freertos_tcp_ip.o
    0x08008080   0x000000f0   Code   RO          975    i.prvTCPHandleFin   freertos_tcp_ip.o
    0x08008170   0x0000019a   Code   RO          976    i.prvTCPHandleState  freertos_tcp_ip.o
    0x0800830a   0x000000c0   Code   RO          977    i.prvTCPNextTimeout  freertos_tcp_ip.o
    0x080083ca   0x00000002   PAD
    0x080083cc   0x0000014c   Code   RO          978    i.prvTCPPrepareConnect  freertos_tcp_ip.o
    0x08008518   0x0000021c   Code   RO          979    i.prvTCPPrepareSend  freertos_tcp_ip.o
    0x08008734   0x00000278   Code   RO          980    i.prvTCPReturnPacket  freertos_tcp_ip.o
    0x080089ac   0x0000000e   Code   RO          981    i.prvTCPSendChallengeAck  freertos_tcp_ip.o
    0x080089ba   0x00000070   Code   RO          614    i.prvTCPSendCheck   freertos_sockets.o
    0x08008a2a   0x0000008c   Code   RO          982    i.prvTCPSendPacket  freertos_tcp_ip.o
    0x08008ab6   0x0000003e   Code   RO          983    i.prvTCPSendRepeated  freertos_tcp_ip.o
    0x08008af4   0x0000000e   Code   RO          984    i.prvTCPSendReset   freertos_tcp_ip.o
    0x08008b02   0x00000028   Code   RO          985    i.prvTCPSendSpecialPacketHelper  freertos_tcp_ip.o
    0x08008b2a   0x00000002   PAD
    0x08008b2c   0x00000044   Code   RO          615    i.prvTCPSetSocketCount  freertos_sockets.o
    0x08008b70   0x000000a0   Code   RO          986    i.prvTCPSocketCopy  freertos_tcp_ip.o
    0x08008c10   0x0000002a   Code   RO          987    i.prvTCPSocketIsActive  freertos_tcp_ip.o
    0x08008c3a   0x00000068   Code   RO          988    i.prvTCPStatusAgeCheck  freertos_tcp_ip.o
    0x08008ca2   0x00000028   Code   RO          989    i.prvTCPTouchSocket  freertos_tcp_ip.o
    0x08008cca   0x00000002   PAD
    0x08008ccc   0x00000090   Code   RO         1190    i.prvTCPWindowFastRetransmit  freertos_tcp_win.o
    0x08008d5c   0x00000120   Code   RO         1191    i.prvTCPWindowTxCheckAck  freertos_tcp_win.o
    0x08008e7c   0x00000062   Code   RO         1192    i.prvTCPWindowTxHasSpace  freertos_tcp_win.o
    0x08008ede   0x00000002   PAD
    0x08008ee0   0x00000040   Code   RO         7160    i.prvTaskExitError  port.o
    0x08008f20   0x0000001e   Code   RO         5941    i.prvTestWaitCondition  event_groups.o
    0x08008f3e   0x0000007e   Code   RO         6083    i.prvUnlockQueue    queue.o
    0x08008fbc   0x00000030   Code   RO          616    i.prvValidSocket    freertos_sockets.o
    0x08008fec   0x00000026   Code   RO          990    i.prvWinScaleFactor  freertos_tcp_ip.o
    0x08009012   0x00000026   Code   RO         1741    i.prvWriteDMAOMR    stm32f4xx_hal_eth.o
    0x08009038   0x0000001a   Code   RO         1742    i.prvWriteMACCR     stm32f4xx_hal_eth.o
    0x08009052   0x0000001a   Code   RO         1743    i.prvWriteMACFCR    stm32f4xx_hal_eth.o
    0x0800906c   0x0000013c   Code   RO         7108    i.pvPortMalloc      heap_4.o
    0x080091a8   0x00000020   Code   RO         6431    i.pvTaskIncrementMutexHeldCount  tasks.o
    0x080091c8   0x000000b4   Code   RO         1405    i.pxGetNetworkBufferWithDescriptor  bufferallocation_2.o
    0x0800927c   0x00000030   Code   RO          617    i.pxListFindListItemWithValue  freertos_sockets.o
    0x080092ac   0x0000002c   Code   RO         7161    i.pxPortInitialiseStack  port.o
    0x080092d8   0x0000005c   Code   RO          618    i.pxTCPSocketLookup  freertos_sockets.o
    0x08009334   0x0000003c   Code   RO          619    i.pxUDPSocketLookup  freertos_sockets.o
    0x08009370   0x00000006   Code   RO         1482    i.ulApplicationGetNextSequenceNumber  networkinterface.o
    0x08009376   0x00000018   Code   RO          991    i.ulChar2u32        freertos_tcp_ip.o
    0x0800938e   0x0000002a   Code   RO         1193    i.ulTCPWindowTxAck  freertos_tcp_win.o
    0x080093b8   0x00000178   Code   RO         1194    i.ulTCPWindowTxGet  freertos_tcp_win.o
    0x08009530   0x00000048   Code   RO         1195    i.ulTCPWindowTxSack  freertos_tcp_win.o
    0x08009578   0x00000074   Code   RO         6432    i.ulTaskNotifyTake  tasks.o
    0x080095ec   0x0000000e   Code   RO         1196    i.ulTimerGetAge     freertos_tcp_win.o
    0x080095fa   0x00000002   PAD
    0x080095fc   0x0000000c   Code   RO         1407    i.uxGetMinimumFreeNetworkBuffers  bufferallocation_2.o
    0x08009608   0x00000028   Code   RO         6036    i.uxListRemove      list.o
    0x08009630   0x0000002a   Code   RO         6084    i.uxQueueMessagesWaiting  queue.o
    0x0800965a   0x000000f8   Code   RO          924    i.uxStreamBufferAdd  freertos_stream_buffer.o
    0x08009752   0x00000016   Code   RO          992    i.uxStreamBufferDistance  freertos_tcp_ip.o
    0x08009768   0x00000014   Code   RO          620    i.uxStreamBufferFrontSpace  freertos_sockets.o
    0x0800977c   0x000000ae   Code   RO          925    i.uxStreamBufferGet  freertos_stream_buffer.o
    0x0800982a   0x00000020   Code   RO          621    i.uxStreamBufferGetSize  freertos_sockets.o
    0x0800984a   0x00000014   Code   RO          622    i.uxStreamBufferGetSpace  freertos_sockets.o
    0x0800985e   0x00000014   Code   RO          993    i.uxStreamBufferMidSpace  freertos_tcp_ip.o
    0x08009872   0x00000018   Code   RO          623    i.uxStreamBufferSpace  freertos_sockets.o
    0x0800988a   0x00000018   Code   RO          994    i.uxStreamBufferSpace  freertos_tcp_ip.o
    0x080098a2   0x00000002   PAD
    0x080098a4   0x0000001c   Code   RO         6436    i.uxTaskResetEventItemValue  tasks.o
    0x080098c0   0x000000bc   Code   RO           15    i.vARPAgeCache      freertos_arp.o
    0x0800997c   0x00000084   Code   RO           16    i.vARPGenerateRequestPacket  freertos_arp.o
    0x08009a00   0x00000158   Code   RO           17    i.vARPRefreshCacheEntry  freertos_arp.o
    0x08009b58   0x00000018   Code   RO         2526    i.vApplicationGetIdleTaskMemory  freertos.o
    0x08009b70   0x000000c4   Code   RO         1483    i.vApplicationIPNetworkEventHook  networkinterface.o
    0x08009c34   0x00000002   Code   RO         1484    i.vApplicationPingReplyHook  networkinterface.o
    0x08009c36   0x00000056   Code   RO         5943    i.vEventGroupDelete  event_groups.o
    0x08009c8c   0x00000024   Code   RO          349    i.vIPNetworkUpCalls  freertos_ip.o
    0x08009cb0   0x0000001a   Code   RO         6037    i.vListInitialise   list.o
    0x08009cca   0x00000006   Code   RO         6038    i.vListInitialiseItem  list.o
    0x08009cd0   0x00000034   Code   RO         6039    i.vListInsert       list.o
    0x08009d04   0x00000018   Code   RO         6040    i.vListInsertEnd    list.o
    0x08009d1c   0x00000014   Code   RO         1197    i.vListInsertFifo   freertos_tcp_win.o
    0x08009d30   0x00000016   Code   RO         1198    i.vListInsertGeneric  freertos_tcp_win.o
    0x08009d46   0x00000002   PAD
    0x08009d48   0x000001f0   Code   RO         1485    i.vMACBProbePhy     networkinterface.o
    0x08009f38   0x0000001c   Code   RO          624    i.vNetworkSocketsInit  freertos_sockets.o
    0x08009f54   0x00000054   Code   RO         7163    i.vPortEnterCritical  port.o
    0x08009fa8   0x0000003c   Code   RO         7164    i.vPortExitCritical  port.o
    0x08009fe4   0x00000094   Code   RO         7109    i.vPortFree         heap_4.o
    0x0800a078   0x00000028   Code   RO         7165    i.vPortSetupTimerInterrupt  port.o
    0x0800a0a0   0x00000078   Code   RO         7166    i.vPortValidateInterruptPriority  port.o
    0x0800a118   0x000000c8   Code   RO         1376    i.vProcessGeneratedUDPPacket  freertos_udp_ip.o
    0x0800a1e0   0x0000002c   Code   RO         6087    i.vQueueAddToRegistry  queue.o
    0x0800a20c   0x00000032   Code   RO         6088    i.vQueueDelete      queue.o
    0x0800a23e   0x00000002   PAD
    0x0800a240   0x00000030   Code   RO         6089    i.vQueueUnregisterQueue  queue.o
    0x0800a270   0x00000010   Code   RO         1409    i.vReleaseNetworkBuffer  bufferallocation_2.o
    0x0800a280   0x0000004c   Code   RO         1410    i.vReleaseNetworkBufferAndDescriptor  bufferallocation_2.o
    0x0800a2cc   0x0000002c   Code   RO          350    i.vReturnEthernetFrame  freertos_ip.o
    0x0800a2f8   0x000000e4   Code   RO          625    i.vSocketBind       freertos_sockets.o
    0x0800a3dc   0x00000080   Code   RO          626    i.vSocketClose      freertos_sockets.o
    0x0800a45c   0x00000190   Code   RO          627    i.vSocketSelect     freertos_sockets.o
    0x0800a5ec   0x0000004a   Code   RO          628    i.vSocketWakeUpUser  freertos_sockets.o
    0x0800a636   0x0000000c   Code   RO          629    i.vStreamBufferClear  freertos_sockets.o
    0x0800a642   0x00000138   Code   RO          995    i.vTCPStateChange   freertos_tcp_ip.o
    0x0800a77a   0x0000000c   Code   RO         1200    i.vTCPTimerSet      freertos_tcp_win.o
    0x0800a786   0x00000002   PAD
    0x0800a788   0x00000068   Code   RO         1201    i.vTCPWindowCreate  freertos_tcp_win.o
    0x0800a7f0   0x00000040   Code   RO         1202    i.vTCPWindowDestroy  freertos_tcp_win.o
    0x0800a830   0x00000034   Code   RO         1203    i.vTCPWindowFree    freertos_tcp_win.o
    0x0800a864   0x00000054   Code   RO         1204    i.vTCPWindowInit    freertos_tcp_win.o
    0x0800a8b8   0x0000005c   Code   RO         6437    i.vTaskDelay        tasks.o
    0x0800a914   0x00000018   Code   RO         6440    i.vTaskInternalSetTimeOutState  tasks.o
    0x0800a92c   0x0000000c   Code   RO         6441    i.vTaskMissedYield  tasks.o
    0x0800a938   0x000000f0   Code   RO         6442    i.vTaskNotifyGiveFromISR  tasks.o
    0x0800aa28   0x00000038   Code   RO         6443    i.vTaskPlaceOnEventList  tasks.o
    0x0800aa60   0x0000006c   Code   RO         6444    i.vTaskPlaceOnUnorderedEventList  tasks.o
    0x0800aacc   0x000000f4   Code   RO         6445    i.vTaskPriorityDisinheritAfterTimeout  tasks.o
    0x0800abc0   0x000000a4   Code   RO         6447    i.vTaskRemoveFromUnorderedEventList  tasks.o
    0x0800ac64   0x0000003c   Code   RO         6449    i.vTaskSetTimeOutState  tasks.o
    0x0800aca0   0x000000b0   Code   RO         6450    i.vTaskStartScheduler  tasks.o
    0x0800ad50   0x00000010   Code   RO         6452    i.vTaskSuspendAll   tasks.o
    0x0800ad60   0x0000008c   Code   RO         6453    i.vTaskSwitchContext  tasks.o
    0x0800adec   0x0000005c   Code   RO         5945    i.xEventGroupClearBits  event_groups.o
    0x0800ae48   0x0000001e   Code   RO         5946    i.xEventGroupCreate  event_groups.o
    0x0800ae66   0x000000ce   Code   RO         5949    i.xEventGroupSetBits  event_groups.o
    0x0800af34   0x00000158   Code   RO         5951    i.xEventGroupWaitBits  event_groups.o
    0x0800b08c   0x0000000c   Code   RO          351    i.xIPIsNetworkTaskReady  freertos_ip.o
    0x0800b098   0x0000001c   Code   RO          352    i.xIsCallingFromIPTask  freertos_ip.o
    0x0800b0b4   0x00000020   Code   RO         1487    i.xMayAcceptPacket  networkinterface.o
    0x0800b0d4   0x000000c4   Code   RO         1411    i.xNetworkBuffersInitialise  bufferallocation_2.o
    0x0800b198   0x000000d4   Code   RO         1488    i.xNetworkInterfaceInitialise  networkinterface.o
    0x0800b26c   0x000000a0   Code   RO         1489    i.xNetworkInterfaceOutput  networkinterface.o
    0x0800b30c   0x00000168   Code   RO         7167    i.xPortStartScheduler  port.o
    0x0800b474   0x00000276   Code   RO          996    i.xProcessReceivedTCPPacket  freertos_tcp_ip.o
    0x0800b6ea   0x000000a2   Code   RO         1377    i.xProcessReceivedUDPPacket  freertos_udp_ip.o
    0x0800b78c   0x0000005c   Code   RO         6090    i.xQueueCreateCountingSemaphore  queue.o
    0x0800b7e8   0x00000060   Code   RO         6094    i.xQueueGenericCreate  queue.o
    0x0800b848   0x000000e0   Code   RO         6095    i.xQueueGenericCreateStatic  queue.o
    0x0800b928   0x00000098   Code   RO         6096    i.xQueueGenericReset  queue.o
    0x0800b9c0   0x000001a8   Code   RO         6097    i.xQueueGenericSend  queue.o
    0x0800bb68   0x000000f8   Code   RO         6098    i.xQueueGenericSendFromISR  queue.o
    0x0800bc60   0x00000168   Code   RO         6104    i.xQueueReceive     queue.o
    0x0800bdc8   0x000000ca   Code   RO         6105    i.xQueueReceiveFromISR  queue.o
    0x0800be92   0x00000002   PAD
    0x0800be94   0x000001b8   Code   RO         6106    i.xQueueSemaphoreTake  queue.o
    0x0800c04c   0x0000006c   Code   RO          353    i.xSendEventStructToIPTask  freertos_ip.o
    0x0800c0b8   0x00000018   Code   RO          354    i.xSendEventToIPTask  freertos_ip.o
    0x0800c0d0   0x0000000c   Code   RO         1205    i.xSequenceGreaterThan  freertos_tcp_win.o
    0x0800c0dc   0x0000000a   Code   RO         1206    i.xSequenceGreaterThanOrEqual  freertos_tcp_win.o
    0x0800c0e6   0x0000000c   Code   RO         1207    i.xSequenceLessThan  freertos_tcp_win.o
    0x0800c0f2   0x00000002   PAD
    0x0800c0f4   0x00000050   Code   RO          997    i.xTCPCheckNewClient  freertos_tcp_ip.o
    0x0800c144   0x00000094   Code   RO          998    i.xTCPSocketCheck   freertos_tcp_ip.o
    0x0800c1d8   0x000000a4   Code   RO          630    i.xTCPTimerCheck    freertos_sockets.o
    0x0800c27c   0x00000022   Code   RO         1208    i.xTCPWindowGetHead  freertos_tcp_win.o
    0x0800c29e   0x00000002   PAD
    0x0800c2a0   0x000000b8   Code   RO         1209    i.xTCPWindowNew     freertos_tcp_win.o
    0x0800c358   0x00000018   Code   RO         1210    i.xTCPWindowPeekHead  freertos_tcp_win.o
    0x0800c370   0x00000064   Code   RO         1211    i.xTCPWindowRxConfirm  freertos_tcp_win.o
    0x0800c3d4   0x0000002e   Code   RO         1212    i.xTCPWindowRxEmpty  freertos_tcp_win.o
    0x0800c402   0x00000026   Code   RO         1213    i.xTCPWindowRxFind  freertos_tcp_win.o
    0x0800c428   0x00000010   Code   RO         1214    i.xTCPWindowTxDone  freertos_tcp_win.o
    0x0800c438   0x0000008c   Code   RO         1215    i.xTCPWindowTxHasData  freertos_tcp_win.o
    0x0800c4c4   0x0000008c   Code   RO         6454    i.xTaskCheckForTimeOut  tasks.o
    0x0800c550   0x00000064   Code   RO         6455    i.xTaskCreate       tasks.o
    0x0800c5b4   0x000000ba   Code   RO         6456    i.xTaskCreateStatic  tasks.o
    0x0800c66e   0x00000002   PAD
    0x0800c670   0x0000000c   Code   RO         6459    i.xTaskGetCurrentTaskHandle  tasks.o
    0x0800c67c   0x00000020   Code   RO         6460    i.xTaskGetSchedulerState  tasks.o
    0x0800c69c   0x0000000c   Code   RO         6461    i.xTaskGetTickCount  tasks.o
    0x0800c6a8   0x00000014   Code   RO         6462    i.xTaskGetTickCountFromISR  tasks.o
    0x0800c6bc   0x00000148   Code   RO         6463    i.xTaskIncrementTick  tasks.o
    0x0800c804   0x000000c8   Code   RO         6466    i.xTaskPriorityDisinherit  tasks.o
    0x0800c8cc   0x000000c8   Code   RO         6467    i.xTaskPriorityInherit  tasks.o
    0x0800c994   0x00000098   Code   RO         6468    i.xTaskRemoveFromEventList  tasks.o
    0x0800ca2c   0x00000104   Code   RO         6469    i.xTaskResumeAll    tasks.o
    0x0800cb30   0x00000026   Data   RO           20    .constdata          freertos_arp.o
    0x0800cb56   0x00000002   PAD
    0x0800cb58   0x00000020   Data   RO          356    .constdata          freertos_ip.o
    0x0800cb78   0x00000004   Data   RO         1413    .constdata          bufferallocation_2.o
    0x0800cb7c   0x0000000c   Data   RO         1491    .constdata          networkinterface.o
    0x0800cb88   0x00000016   Data   RO         2111    .constdata          main.o
    0x0800cb9e   0x00000002   PAD
    0x0800cba0   0x00000024   Data   RO         2407    .constdata          sd_diskio.o
    0x0800cbc4   0x00000048   Data   RO         2528    .constdata          freertos.o
    0x0800cc0c   0x00000008   Data   RO         3434    .constdata          stm32f4xx_hal_dma.o
    0x0800cc14   0x00000018   Data   RO         5900    .constdata          system_stm32f4xx.o
    0x0800cc2c   0x00000015   Data   RO         2529    .conststring        freertos.o
    0x0800cc41   0x00000003   PAD
    0x0800cc44   0x00000030   Data   RO         8089    Region$$Table       anon$$obj.o


    Execution Region RW_IRAM2 (Base: 0x10000000, Size: 0x00002568, Max: 0x00010000, ABSOLUTE)

    Base Addr    Size         Type   Attr      Idx    E Section Name        Object

    0x10000000   0x00000004   Data   RW           21    .data               freertos_arp.o
    0x10000004   0x00000024   Data   RW          357    .data               freertos_ip.o
    0x10000028   0x00000004   Data   RW          633    .data               freertos_sockets.o
    0x1000002c   0x00000008   Data   RW         1217    .data               freertos_tcp_win.o
    0x10000034   0x00000018   Data   RW         1378    .data               freertos_udp_ip.o
    0x1000004c   0x00000008   Data   RW         1414    .data               bufferallocation_2.o
    0x10000054   0x00000018   Data   RW         1492    .data               networkinterface.o
    0x1000006c   0x00000008   Data   RW         2408    .data               sd_diskio.o
    0x10000074   0x00000005   Data   RW         2488    .data               fatfs.o
    0x10000079   0x00000003   PAD
    0x1000007c   0x0000001e   Data   RW         2530    .data               freertos.o
    0x1000009a   0x00000002   PAD
    0x1000009c   0x00000009   Data   RW         3866    .data               stm32f4xx_hal.o
    0x100000a5   0x00000003   PAD
    0x100000a8   0x00000004   Data   RW         5901    .data               system_stm32f4xx.o
    0x100000ac   0x0000003c   Data   RW         6472    .data               tasks.o
    0x100000e8   0x00000018   Data   RW         7114    .data               heap_4.o
    0x10000100   0x0000000c   Data   RW         7168    .data               port.o
    0x1000010c   0x00000048   Zero   RW           19    .bss                freertos_arp.o
    0x10000154   0x00000050   Zero   RW          355    .bss                freertos_ip.o
    0x100001a4   0x00000028   Zero   RW          631    .bss                freertos_sockets.o
    0x100001cc   0x00000014   Zero   RW         1216    .bss                freertos_tcp_win.o
    0x100001e0   0x00000884   Zero   RW         1412    .bss                bufferallocation_2.o
    0x10000a64   0x00001284   Zero   RW         2527    .bss                freertos.o
    0x10001ce8   0x00000144   Zero   RW         2593    .bss                sdio.o
    0x10001e2c   0x00000040   Zero   RW         2635    .bss                tim.o
    0x10001e6c   0x00000180   Zero   RW         2679    .bss                usart.o
    0x10001fec   0x00000040   Zero   RW         2879    .bss                stm32f4xx_hal_timebase_tim.o
    0x1000202c   0x00000040   Zero   RW         6107    .bss                queue.o
    0x1000206c   0x000000f0   Zero   RW         6471    .bss                tasks.o
    0x1000215c   0x0000000c   Zero   RW         7664    .bss                ff_gen_drv.o
    0x10002168   0x00000400   Zero   RW            1    STACK               startup_stm32f407xx.o


    Execution Region RW_IRAM1 (Base: 0x20000000, Size: 0x000130e8, Max: 0x00020000, ABSOLUTE)

    Base Addr    Size         Type   Attr      Idx    E Section Name        Object

    0x20000000   0x000030e8   Zero   RW         1490    .bss                networkinterface.o
    0x200030e8   0x00010000   Zero   RW         7113    .bss                heap_4.o


==============================================================================

Image component sizes


      Code (inc. data)   RO Data    RW Data    ZI Data      Debug   Object Name

       216         26          0          0          0       5782   bsp_driver_sd.o
       480         58          4          8       2180       5317   bufferallocation_2.o
       464         10          0          0          0      30953   cmsis_os.o
       104          4          0          0          0        734   dma.o
       340         22          0          0          0       1094   eth.o
       788          6          0          0          0      26506   event_groups.o
        28         12          0          5          0        966   fatfs.o
       102          6          0          0         12       1603   ff_gen_drv.o
       480         32         93         30       4740      15528   freertos.o
      1124         70         38          4         72      51719   freertos_arp.o
         0          0          0          0          0      20245   freertos_dhcp.o
         0          0          0          0          0      12788   freertos_dns.o
      2250        182         32         36         80      32691   freertos_ip.o
      4516         96          0          4         40      48695   freertos_sockets.o
       436          0          0          0          0       9120   freertos_stream_buffer.o
      7082         92          0          0          0      54784   freertos_tcp_ip.o
         0          0          0          0          0       2060   freertos_tcp_server.o
      2824         56          0          8         20      29935   freertos_tcp_win.o
       362          4          0         24          0      15058   freertos_udp_ip.o
       388         26          0          0          0       1079   gpio.o
       692         62          0         24      65536       4651   heap_4.o
       148          0          0          0          0       3446   list.o
       302         36         22          0          0       3013   main.o
      2178        178         12         24      12520     771117   networkinterface.o
      1014         92          0         12          0      11841   port.o
      2830         30          0          0         64      23650   queue.o
       606         44         36          8          0      13221   sd_diskio.o
       460         36          0          0        324       1831   sdio.o
        36          8        392          0       1024        820   startup_stm32f407xx.o
       136         24          0          9          0       8598   stm32f4xx_hal.o
       252         22          0          0          0      33538   stm32f4xx_hal_cortex.o
      1270         16          8          0          0       6545   stm32f4xx_hal_dma.o
      2110         90          0          0          0      18317   stm32f4xx_hal_eth.o
       554         50          0          0          0       3408   stm32f4xx_hal_gpio.o
        84          6          0          0          0        802   stm32f4xx_hal_msp.o
      1868         94          0          0          0       6109   stm32f4xx_hal_rcc.o
      3650         68          0          0          0      18327   stm32f4xx_hal_sd.o
       724         46          0          0          0       5579   stm32f4xx_hal_tim.o
       184         30          0          0          0       2409   stm32f4xx_hal_tim_ex.o
       140         18          0          0         64       1383   stm32f4xx_hal_timebase_tim.o
      1814         12          0          0          0       7627   stm32f4xx_hal_uart.o
       192         60          0          0          0       7889   stm32f4xx_it.o
      2110         46          0          0          0      23331   stm32f4xx_ll_sdmmc.o
         0          0          0          0          0        392   stream_buffer.o
        28          4         24          4          0       1083   system_stm32f4xx.o
      4010        468          0         60        240      34660   tasks.o
       148         18          0          0         64       1486   tim.o
       720         66          0          0        384       3046   usart.o

    ----------------------------------------------------------------------
     50320       2326        716        268      87364    1384776   Object Totals
         0          0         48          0          0          0   (incl. Generated)
        76          0          7          8          0          0   (incl. Padding)

    ----------------------------------------------------------------------

      Code (inc. data)   RO Data    RW Data    ZI Data      Debug   Library Member Name

         0          0          0          0          0          0   entry.o
         0          0          0          0          0          0   entry10a.o
         0          0          0          0          0          0   entry11a.o
         8          4          0          0          0          0   entry2.o
         4          0          0          0          0          0   entry5.o
         0          0          0          0          0          0   entry7b.o
         0          0          0          0          0          0   entry8b.o
         8          4          0          0          0          0   entry9a.o
        30          0          0          0          0          0   handlers.o
        36          8          0          0          0         68   init.o
        30          0          0          0          0         68   llshl.o
        32          0          0          0          0         68   llushr.o
        26          0          0          0          0         80   memcmp.o
        64          0          0          0          0         76   memmovea.o
        36          0          0          0          0        108   memseta.o
       884         10          0          0          0        420   printf6.o
        44          0          0          0          0         80   uidiv.o
        98          0          0          0          0         92   uldiv.o

    ----------------------------------------------------------------------
      1304         26          0          0          0       1060   Library Totals
         4          0          0          0          0          0   (incl. Padding)

    ----------------------------------------------------------------------

      Code (inc. data)   RO Data    RW Data    ZI Data      Debug   Library Name

      1300         26          0          0          0       1060   mc_w.l

    ----------------------------------------------------------------------
      1304         26          0          0          0       1060   Library Totals

    ----------------------------------------------------------------------

==============================================================================


      Code (inc. data)   RO Data    RW Data    ZI Data      Debug   

     51624       2352        716        268      87364    1342320   Grand Totals
     51624       2352        716        268      87364    1342320   ELF Image Totals
     51624       2352        716        268          0          0   ROM Totals

==============================================================================

    Total RO  Size (Code + RO Data)                52340 (  51.11kB)
    Total RW  Size (RW Data + ZI Data)             87632 (  85.58kB)
    Total ROM Size (Code + RO Data + RW Data)      52608 (  51.38kB)

==============================================================================

