Component: ARM Compiler 5.05 update 1 (build 106) Tool: armlink [4d0efa]

==============================================================================

Section Cross References

    startup_stm32f407xx.o(RESET) refers to startup_stm32f407xx.o(STACK) for __initial_sp
    startup_stm32f407xx.o(RESET) refers to startup_stm32f407xx.o(.text) for Reset_Handler
    startup_stm32f407xx.o(RESET) refers to stm32f4xx_it.o(i.NMI_Handler) for NMI_Handler
    startup_stm32f407xx.o(RESET) refers to stm32f4xx_it.o(i.HardFault_Handler) for HardFault_Handler
    startup_stm32f407xx.o(RESET) refers to stm32f4xx_it.o(i.MemManage_Handler) for MemManage_Handler
    startup_stm32f407xx.o(RESET) refers to stm32f4xx_it.o(i.BusFault_Handler) for BusFault_Handler
    startup_stm32f407xx.o(RESET) refers to stm32f4xx_it.o(i.UsageFault_Handler) for UsageFault_Handler
    startup_stm32f407xx.o(RESET) refers to port.o(.emb_text) for SVC_Handler
    startup_stm32f407xx.o(RESET) refers to stm32f4xx_it.o(i.DebugMon_Handler) for DebugMon_Handler
    startup_stm32f407xx.o(RESET) refers to port.o(i.SysTick_Handler) for SysTick_Handler
    startup_stm32f407xx.o(RESET) refers to stm32f4xx_it.o(i.EXTI9_5_IRQHandler) for EXTI9_5_IRQHandler
    startup_stm32f407xx.o(RESET) refers to stm32f4xx_it.o(i.TIM1_UP_TIM10_IRQHandler) for TIM1_UP_TIM10_IRQHandler
    startup_stm32f407xx.o(RESET) refers to stm32f4xx_it.o(i.USART1_IRQHandler) for USART1_IRQHandler
    startup_stm32f407xx.o(RESET) refers to stm32f4xx_it.o(i.USART2_IRQHandler) for USART2_IRQHandler
    startup_stm32f407xx.o(RESET) refers to stm32f4xx_it.o(i.USART3_IRQHandler) for USART3_IRQHandler
    startup_stm32f407xx.o(RESET) refers to stm32f4xx_it.o(i.SDIO_IRQHandler) for SDIO_IRQHandler
    startup_stm32f407xx.o(RESET) refers to stm32f4xx_it.o(i.TIM6_DAC_IRQHandler) for TIM6_DAC_IRQHandler
    startup_stm32f407xx.o(RESET) refers to stm32f4xx_it.o(i.DMA2_Stream2_IRQHandler) for DMA2_Stream2_IRQHandler
    startup_stm32f407xx.o(RESET) refers to stm32f4xx_it.o(i.DMA2_Stream3_IRQHandler) for DMA2_Stream3_IRQHandler
    startup_stm32f407xx.o(RESET) refers to networkinterface.o(i.ETH_IRQHandler) for ETH_IRQHandler
    startup_stm32f407xx.o(RESET) refers to stm32f4xx_it.o(i.DMA2_Stream6_IRQHandler) for DMA2_Stream6_IRQHandler
    startup_stm32f407xx.o(RESET) refers to stm32f4xx_it.o(i.DMA2_Stream7_IRQHandler) for DMA2_Stream7_IRQHandler
    startup_stm32f407xx.o(.text) refers to system_stm32f4xx.o(i.SystemInit) for SystemInit
    startup_stm32f407xx.o(.text) refers to entry.o(.ARM.Collect$$$$00000000) for __main
    freertos_arp.o(i.FreeRTOS_ClearARP) refers to memseta.o(.text) for __aeabi_memclr4
    freertos_arp.o(i.FreeRTOS_ClearARP) refers to freertos_arp.o(.bss) for .bss
    freertos_arp.o(i.FreeRTOS_OutputARPRequest) refers to bufferallocation_2.o(i.pxGetNetworkBufferWithDescriptor) for pxGetNetworkBufferWithDescriptor
    freertos_arp.o(i.FreeRTOS_OutputARPRequest) refers to freertos_arp.o(i.vARPGenerateRequestPacket) for vARPGenerateRequestPacket
    freertos_arp.o(i.FreeRTOS_OutputARPRequest) refers to freertos_ip.o(i.xIsCallingFromIPTask) for xIsCallingFromIPTask
    freertos_arp.o(i.FreeRTOS_OutputARPRequest) refers to networkinterface.o(i.xNetworkInterfaceOutput) for xNetworkInterfaceOutput
    freertos_arp.o(i.FreeRTOS_OutputARPRequest) refers to freertos_ip.o(i.xSendEventStructToIPTask) for xSendEventStructToIPTask
    freertos_arp.o(i.FreeRTOS_OutputARPRequest) refers to bufferallocation_2.o(i.vReleaseNetworkBufferAndDescriptor) for vReleaseNetworkBufferAndDescriptor
    freertos_arp.o(i.eARPGetCacheEntry) refers to freertos_ip.o(.bss) for xNetworkAddressing
    freertos_arp.o(i.eARPGetCacheEntry) refers to freertos_ip.o(.constdata) for xBroadcastMACAddress
    freertos_arp.o(i.eARPGetCacheEntry) refers to freertos_udp_ip.o(.data) for xDefaultPartUDPPacketHeader
    freertos_arp.o(i.eARPGetCacheEntry) refers to freertos_arp.o(.bss) for .bss
    freertos_arp.o(i.eARPProcessPacket) refers to freertos_arp.o(i.vARPRefreshCacheEntry) for vARPRefreshCacheEntry
    freertos_arp.o(i.eARPProcessPacket) refers to freertos_udp_ip.o(.data) for xDefaultPartUDPPacketHeader
    freertos_arp.o(i.eARPProcessPacket) refers to freertos_ip.o(.constdata) for xBroadcastMACAddress
    freertos_arp.o(i.vARPAgeCache) refers to freertos_arp.o(i.FreeRTOS_OutputARPRequest) for FreeRTOS_OutputARPRequest
    freertos_arp.o(i.vARPAgeCache) refers to tasks.o(i.xTaskGetTickCount) for xTaskGetTickCount
    freertos_arp.o(i.vARPAgeCache) refers to freertos_arp.o(.bss) for .bss
    freertos_arp.o(i.vARPAgeCache) refers to freertos_arp.o(.data) for .data
    freertos_arp.o(i.vARPAgeCache) refers to freertos_udp_ip.o(.data) for xDefaultPartUDPPacketHeader
    freertos_arp.o(i.vARPGenerateRequestPacket) refers to memmovea.o(.text) for __aeabi_memcpy
    freertos_arp.o(i.vARPGenerateRequestPacket) refers to freertos_arp.o(.constdata) for .constdata
[...]
    memset                                   0x08000335   Thumb Code    18  memseta.o(.text)
    memcmp                                   0x08000347   Thumb Code    26  memcmp.o(.text)
    __aeabi_uidiv                            0x08000361   Thumb Code     0  uidiv.o(.text)
    __aeabi_uidivmod                         0x08000361   Thumb Code    44  uidiv.o(.text)
    __aeabi_llsl                             0x0800038d   Thumb Code    30  llshl.o(.text)
    _ll_shift_l                              0x0800038d   Thumb Code     0  llshl.o(.text)
    __aeabi_llsr                             0x080003ab   Thumb Code    32  llushr.o(.text)
    _ll_ushift_r                             0x080003ab   Thumb Code     0  llushr.o(.text)
    __scatterload                            0x080003cd   Thumb Code    28  init.o(.text)
    __scatterload_rt2                        0x080003cd   Thumb Code     0  init.o(.text)
    BSP_SD_AbortCallback                     0x080003f1   Thumb Code     2  bsp_driver_sd.o(i.BSP_SD_AbortCallback)
    BSP_SD_GetCardInfo                       0x080003f5   Thumb Code     8  bsp_driver_sd.o(i.BSP_SD_GetCardInfo)
    BSP_SD_GetCardState                      0x08000401   Thumb Code    20  bsp_driver_sd.o(i.BSP_SD_GetCardState)
    BSP_SD_Init                              0x08000419   Thumb Code    42  bsp_driver_sd.o(i.BSP_SD_Init)
    BSP_SD_IsDetected                        0x08000449   Thumb Code    14  bsp_driver_sd.o(i.BSP_SD_IsDetected)
    BSP_SD_ReadBlocks_DMA                    0x08000459   Thumb Code    24  bsp_driver_sd.o(i.BSP_SD_ReadBlocks_DMA)
    BSP_SD_ReadCpltCallback                  0x08000475   Thumb Code    12  sd_diskio.o(i.BSP_SD_ReadCpltCallback)
    BSP_SD_WriteBlocks_DMA                   0x08000485   Thumb Code    24  bsp_driver_sd.o(i.BSP_SD_WriteBlocks_DMA)
    BSP_SD_WriteCpltCallback                 0x080004a1   Thumb Code    12  sd_diskio.o(i.BSP_SD_WriteCpltCallback)
    BusFault_Handler                         0x080004b1   Thumb Code     2  stm32f4xx_it.o(i.BusFault_Handler)
    DMA2_Stream2_IRQHandler                  0x080004b5   Thumb Code     6  stm32f4xx_it.o(i.DMA2_Stream2_IRQHandler)
    DMA2_Stream3_IRQHandler                  0x080004c1   Thumb Code     6  stm32f4xx_it.o(i.DMA2_Stream3_IRQHandler)
    DMA2_Stream6_IRQHandler                  0x080004cd   Thumb Code     6  stm32f4xx_it.o(i.DMA2_Stream6_IRQHandler)
    DMA2_Stream7_IRQHandler                  0x080004d9   Thumb Code     6  stm32f4xx_it.o(i.DMA2_Stream7_IRQHandler)
    DebugMon_Handler                         0x08000589   Thumb Code     2  stm32f4xx_it.o(i.DebugMon_Handler)
    ETH_IRQHandler                           0x080005a1   Thumb Code     6  networkinterface.o(i.ETH_IRQHandler)
    EXTI9_5_IRQHandler                       0x080006ad   Thumb Code     8  stm32f4xx_it.o(i.EXTI9_5_IRQHandler)
    Error_Handler                            0x080006b5   Thumb Code     2  main.o(i.Error_Handler)
    FATFS_LinkDriver                         0x080006b7   Thumb Code     6  ff_gen_drv.o(i.FATFS_LinkDriver)
    FATFS_LinkDriverEx                       0x080006bd   Thumb Code    58  ff_gen_drv.o(i.FATFS_LinkDriverEx)
    FreeRTOS_ClearARP                        0x080006fd   Thumb Code     8  freertos_arp.o(i.FreeRTOS_ClearARP)
    FreeRTOS_GetAddressConfiguration         0x08000709   Thumb Code    34  freertos_ip.o(i.FreeRTOS_GetAddressConfiguration)
    FreeRTOS_IPInit                          0x08000735   Thumb Code   296  freertos_ip.o(i.FreeRTOS_IPInit)
    FreeRTOS_NetworkDown                     0x0800087d   Thumb Code    26  freertos_ip.o(i.FreeRTOS_NetworkDown)
    FreeRTOS_OutputARPRequest                0x080008a1   Thumb Code    68  freertos_arp.o(i.FreeRTOS_OutputARPRequest)
    FreeRTOS_closesocket                     0x080008e5   Thumb Code    40  freertos_sockets.o(i.FreeRTOS_closesocket)
    FreeRTOS_socket                          0x08000915   Thumb Code   174  freertos_sockets.o(i.FreeRTOS_socket)
    HAL_DMA_Abort_IT                         0x080009c3   Thumb Code    36  stm32f4xx_hal_dma.o(i.HAL_DMA_Abort_IT)
    HAL_DMA_GetError                         0x080009e7   Thumb Code     4  stm32f4xx_hal_dma.o(i.HAL_DMA_GetError)
    HAL_DMA_IRQHandler                       0x080009ed   Thumb Code   412  stm32f4xx_hal_dma.o(i.HAL_DMA_IRQHandler)
    HAL_DMA_Init                             0x08000b8d   Thumb Code   206  stm32f4xx_hal_dma.o(i.HAL_DMA_Init)
    HAL_DMA_Start_IT                         0x08000c61   Thumb Code   110  stm32f4xx_hal_dma.o(i.HAL_DMA_Start_IT)
    HAL_Delay                                0x08000cd1   Thumb Code    32  stm32f4xx_hal.o(i.HAL_Delay)
    HAL_ETH_ConfigMAC                        0x08000cf5   Thumb Code   262  stm32f4xx_hal_eth.o(i.HAL_ETH_ConfigMAC)
    HAL_ETH_ErrorCallback                    0x08000e01   Thumb Code     2  stm32f4xx_hal_eth.o(i.HAL_ETH_ErrorCallback)
    HAL_ETH_IRQHandler                       0x08000e05   Thumb Code    52  stm32f4xx_hal_eth.o(i.HAL_ETH_IRQHandler)
    HAL_ETH_Init                             0x08000e3d   Thumb Code   188  stm32f4xx_hal_eth.o(i.HAL_ETH_Init)
    HAL_ETH_MspInit                          0x08000f21   Thumb Code   210  eth.o(i.HAL_ETH_MspInit)
    HAL_ETH_ReadPHYRegister                  0x08001009   Thumb Code   148  stm32f4xx_hal_eth.o(i.HAL_ETH_ReadPHYRegister)
    HAL_ETH_RxCpltCallback                   0x080010ad   Thumb Code    52  networkinterface.o(i.HAL_ETH_RxCpltCallback)
    HAL_ETH_Start                            0x080010e9   Thumb Code   114  stm32f4xx_hal_eth.o(i.HAL_ETH_Start)
    HAL_ETH_Stop                             0x0800115b   Thumb Code   114  stm32f4xx_hal_eth.o(i.HAL_ETH_Stop)
    HAL_ETH_TxCpltCallback                   0x080011cd   Thumb Code     2  stm32f4xx_hal_eth.o(i.HAL_ETH_TxCpltCallback)
    HAL_ETH_WritePHYRegister                 0x080011d1   Thumb Code   140  stm32f4xx_hal_eth.o(i.HAL_ETH_WritePHYRegister)
    HAL_GPIO_EXTI_Callback                   0x0800126d   Thumb Code     2  stm32f4xx_hal_gpio.o(i.HAL_GPIO_EXTI_Callback)
    HAL_GPIO_EXTI_IRQHandler                 0x08001271   Thumb Code    18  stm32f4xx_hal_gpio.o(i.HAL_GPIO_EXTI_IRQHandler)
    HAL_GPIO_Init                            0x08001289   Thumb Code   390  stm32f4xx_hal_gpio.o(i.HAL_GPIO_Init)
    HAL_GPIO_TogglePin                       0x0800143d   Thumb Code    14  stm32f4xx_hal_gpio.o(i.HAL_GPIO_TogglePin)
    HAL_GPIO_WritePin                        0x0800144b   Thumb Code    10  stm32f4xx_hal_gpio.o(i.HAL_GPIO_WritePin)
    HAL_GetTick                              0x08001455   Thumb Code     6  stm32f4xx_hal.o(i.HAL_GetTick)
    HAL_IncTick                              0x08001461   Thumb Code    12  stm32f4xx_hal.o(i.HAL_IncTick)
    HAL_Init                                 0x08001471   Thumb Code    48  stm32f4xx_hal.o(i.HAL_Init)
    HAL_InitTick                             0x080014a5   Thumb Code   100  stm32f4xx_hal_timebase_tim.o(i.HAL_InitTick)
    HAL_MspInit                              0x08001519   Thumb Code    52  stm32f4xx_hal_msp.o(i.HAL_MspInit)
    HAL_NVIC_EnableIRQ                       0x08001551   Thumb Code    26  stm32f4xx_hal_cortex.o(i.HAL_NVIC_EnableIRQ)
    HAL_NVIC_SetPriority                     0x0800156d   Thumb Code    60  stm32f4xx_hal_cortex.o(i.HAL_NVIC_SetPriority)
    HAL_NVIC_SetPriorityGrouping             0x080015ad   Thumb Code    26  stm32f4xx_hal_cortex.o(i.HAL_NVIC_SetPriorityGrouping)
    HAL_RCC_ClockConfig                      0x080015d1   Thumb Code   288  stm32f4xx_hal_rcc.o(i.HAL_RCC_ClockConfig)
    HAL_RCC_GetClockConfig                   0x08001705   Thumb Code    54  stm32f4xx_hal_rcc.o(i.HAL_RCC_GetClockConfig)
    HAL_RCC_GetHCLKFreq                      0x08001745   Thumb Code     6  stm32f4xx_hal_rcc.o(i.HAL_RCC_GetHCLKFreq)
    HAL_RCC_GetPCLK1Freq                     0x08001751   Thumb Code    20  stm32f4xx_hal_rcc.o(i.HAL_RCC_GetPCLK1Freq)
    HAL_RCC_GetPCLK2Freq                     0x08001771   Thumb Code    20  stm32f4xx_hal_rcc.o(i.HAL_RCC_GetPCLK2Freq)
    HAL_RCC_GetSysClockFreq                  0x08001791   Thumb Code    88  stm32f4xx_hal_rcc.o(i.HAL_RCC_GetSysClockFreq)
    HAL_RCC_OscConfig                        0x080017f5   Thumb Code   820  stm32f4xx_hal_rcc.o(i.HAL_RCC_OscConfig)
    HAL_SD_AbortCallback                     0x08001b3d   Thumb Code     8  bsp_driver_sd.o(i.HAL_SD_AbortCallback)
    HAL_SD_ConfigWideBusOperation            0x08001b45   Thumb Code   242  stm32f4xx_hal_sd.o(i.HAL_SD_ConfigWideBusOperation)
    HAL_SD_ErrorCallback                     0x08001c3d   Thumb Code     2  stm32f4xx_hal_sd.o(i.HAL_SD_ErrorCallback)
    HAL_SD_GetCardCSD                        0x08001c41   Thumb Code   402  stm32f4xx_hal_sd.o(i.HAL_SD_GetCardCSD)
    HAL_SD_GetCardInfo                       0x08001dd9   Thumb Code    36  stm32f4xx_hal_sd.o(i.HAL_SD_GetCardInfo)
    HAL_SD_GetCardState                      0x08001dfd   Thumb Code    50  stm32f4xx_hal_sd.o(i.HAL_SD_GetCardState)
    HAL_SD_IRQHandler                        0x08001e31   Thumb Code   510  stm32f4xx_hal_sd.o(i.HAL_SD_IRQHandler)
    HAL_SD_Init                              0x08002039   Thumb Code    54  stm32f4xx_hal_sd.o(i.HAL_SD_Init)
    HAL_SD_InitCard                          0x08002071   Thumb Code    78  stm32f4xx_hal_sd.o(i.HAL_SD_InitCard)
    HAL_SD_MspInit                           0x080020c5   Thumb Code   332  sdio.o(i.HAL_SD_MspInit)
    HAL_SD_ReadBlocks_DMA                    0x08002229   Thumb Code   288  stm32f4xx_hal_sd.o(i.HAL_SD_ReadBlocks_DMA)
    HAL_SD_RxCpltCallback                    0x08002359   Thumb Code     8  bsp_driver_sd.o(i.HAL_SD_RxCpltCallback)
    HAL_SD_TxCpltCallback                    0x08002361   Thumb Code     8  bsp_driver_sd.o(i.HAL_SD_TxCpltCallback)
    HAL_SD_WriteBlocks_DMA                   0x08002369   Thumb Code   290  stm32f4xx_hal_sd.o(i.HAL_SD_WriteBlocks_DMA)
    HAL_TIMEx_BreakCallback                  0x0800249d   Thumb Code     2  stm32f4xx_hal_tim_ex.o(i.HAL_TIMEx_BreakCallback)
    HAL_TIMEx_CommutCallback                 0x0800249f   Thumb Code     2  stm32f4xx_hal_tim_ex.o(i.HAL_TIMEx_CommutCallback)
    HAL_TIMEx_MasterConfigSynchronization    0x080024a1   Thumb Code   116  stm32f4xx_hal_tim_ex.o(i.HAL_TIMEx_MasterConfigSynchronization)
    HAL_TIM_Base_Init                        0x08002531   Thumb Code    54  stm32f4xx_hal_tim.o(i.HAL_TIM_Base_Init)
    HAL_TIM_Base_MspInit                     0x08002569   Thumb Code    50  tim.o(i.HAL_TIM_Base_MspInit)
    HAL_TIM_Base_Start_IT                    0x080025a5   Thumb Code    34  stm32f4xx_hal_tim.o(i.HAL_TIM_Base_Start_IT)
    HAL_TIM_IC_CaptureCallback               0x080025c7   Thumb Code     2  stm32f4xx_hal_tim.o(i.HAL_TIM_IC_CaptureCallback)
    HAL_TIM_IRQHandler                       0x080025c9   Thumb Code   358  stm32f4xx_hal_tim.o(i.HAL_TIM_IRQHandler)
    HAL_TIM_OC_DelayElapsedCallback          0x0800272f   Thumb Code     2  stm32f4xx_hal_tim.o(i.HAL_TIM_OC_DelayElapsedCallback)
    HAL_TIM_PWM_PulseFinishedCallback        0x08002731   Thumb Code     2  stm32f4xx_hal_tim.o(i.HAL_TIM_PWM_PulseFinishedCallback)
    HAL_TIM_PeriodElapsedCallback            0x08002735   Thumb Code    14  main.o(i.HAL_TIM_PeriodElapsedCallback)
    HAL_TIM_TriggerCallback                  0x08002749   Thumb Code     2  stm32f4xx_hal_tim.o(i.HAL_TIM_TriggerCallback)
    HAL_UART_ErrorCallback                   0x0800274b   Thumb Code     2  stm32f4xx_hal_uart.o(i.HAL_UART_ErrorCallback)
    HAL_UART_IRQHandler                      0x0800274d   Thumb Code   270  stm32f4xx_hal_uart.o(i.HAL_UART_IRQHandler)
    HAL_UART_Init                            0x08002861   Thumb Code    98  stm32f4xx_hal_uart.o(i.HAL_UART_Init)
    HAL_UART_MspInit                         0x080028c5   Thumb Code   342  usart.o(i.HAL_UART_MspInit)
    HAL_UART_RxCpltCallback                  0x08002a3d   Thumb Code     2  stm32f4xx_hal_uart.o(i.HAL_UART_RxCpltCallback)
    HAL_UART_TxCpltCallback                  0x08002a3f   Thumb Code     2  stm32f4xx_hal_uart.o(i.HAL_UART_TxCpltCallback)
    HardFault_Handler                        0x08002a41   Thumb Code     2  stm32f4xx_it.o(i.HardFault_Handler)
    MX_DMA_Init                              0x08002a45   Thumb Code    88  dma.o(i.MX_DMA_Init)
    MX_FATFS_Init                            0x08002aa1   Thumb Code    18  fatfs.o(i.MX_FATFS_Init)
    MX_FREERTOS_Init                         0x08002abd   Thumb Code    30  freertos.o(i.MX_FREERTOS_Init)
    MX_GPIO_Init                             0x08002ae5   Thumb Code   266  gpio.o(i.MX_GPIO_Init)
    MX_SDIO_SD_Init                          0x08002c09   Thumb Code    24  sdio.o(i.MX_SDIO_SD_Init)
    MX_TIM6_Init                             0x08002c29   Thumb Code    62  tim.o(i.MX_TIM6_Init)
    MX_USART1_UART_Init                      0x08002c71   Thumb Code    48  usart.o(i.MX_USART1_UART_Init)
    MX_USART2_UART_Init                      0x08002ca9   Thumb Code    48  usart.o(i.MX_USART2_UART_Init)
    MX_USART3_UART_Init                      0x08002ce1   Thumb Code    48  usart.o(i.MX_USART3_UART_Init)
    MemManage_Handler                        0x08002d19   Thumb Code     2  stm32f4xx_it.o(i.MemManage_Handler)
    NMI_Handler                              0x08002d1b   Thumb Code     2  stm32f4xx_it.o(i.NMI_Handler)
    SDIO_ConfigData                          0x08002d1d   Thumb Code    36  stm32f4xx_ll_sdmmc.o(i.SDIO_ConfigData)
    SDIO_GetPowerState                       0x08002d41   Thumb Code     8  stm32f4xx_ll_sdmmc.o(i.SDIO_GetPowerState)
    SDIO_GetResponse                         0x08002d49   Thumb Code     6  stm32f4xx_ll_sdmmc.o(i.SDIO_GetResponse)
    SDIO_IRQHandler                          0x08002d51   Thumb Code     6  stm32f4xx_it.o(i.SDIO_IRQHandler)
    SDIO_Init                                0x08002d5d   Thumb Code    36  stm32f4xx_ll_sdmmc.o(i.SDIO_Init)
    SDIO_PowerState_ON                       0x08002d81   Thumb Code    16  stm32f4xx_ll_sdmmc.o(i.SDIO_PowerState_ON)
    SDIO_ReadFIFO                            0x08002d91   Thumb Code     6  stm32f4xx_ll_sdmmc.o(i.SDIO_ReadFIFO)
    SDIO_SendCommand                         0x08002d97   Thumb Code    32  stm32f4xx_ll_sdmmc.o(i.SDIO_SendCommand)
    SDIO_WriteFIFO                           0x08002db7   Thumb Code    10  stm32f4xx_ll_sdmmc.o(i.SDIO_WriteFIFO)
    SDMMC_CmdAppCommand                      0x08002dc1   Thumb Code    48  stm32f4xx_ll_sdmmc.o(i.SDMMC_CmdAppCommand)
    SDMMC_CmdAppOperCommand                  0x08002df1   Thumb Code    46  stm32f4xx_ll_sdmmc.o(i.SDMMC_CmdAppOperCommand)
    SDMMC_CmdBlockLength                     0x08002e25   Thumb Code    48  stm32f4xx_ll_sdmmc.o(i.SDMMC_CmdBlockLength)
    SDMMC_CmdBusWidth                        0x08002e55   Thumb Code    48  stm32f4xx_ll_sdmmc.o(i.SDMMC_CmdBusWidth)
    SDMMC_CmdGoIdleState                     0x08002e85   Thumb Code    74  stm32f4xx_ll_sdmmc.o(i.SDMMC_CmdGoIdleState)
    SDMMC_CmdOperCond                        0x08002ed5   Thumb Code   112  stm32f4xx_ll_sdmmc.o(i.SDMMC_CmdOperCond)
    SDMMC_CmdReadMultiBlock                  0x08002f49   Thumb Code    48  stm32f4xx_ll_sdmmc.o(i.SDMMC_CmdReadMultiBlock)
    SDMMC_CmdReadSingleBlock                 0x08002f79   Thumb Code    48  stm32f4xx_ll_sdmmc.o(i.SDMMC_CmdReadSingleBlock)
    SDMMC_CmdSelDesel                        0x08002fa9   Thumb Code    50  stm32f4xx_ll_sdmmc.o(i.SDMMC_CmdSelDesel)
    SDMMC_CmdSendCID                         0x08002fdb   Thumb Code    42  stm32f4xx_ll_sdmmc.o(i.SDMMC_CmdSendCID)
    SDMMC_CmdSendCSD                         0x08003005   Thumb Code    44  stm32f4xx_ll_sdmmc.o(i.SDMMC_CmdSendCSD)
    SDMMC_CmdSendSCR                         0x08003031   Thumb Code    48  stm32f4xx_ll_sdmmc.o(i.SDMMC_CmdSendSCR)
    SDMMC_CmdSendStatus                      0x08003061   Thumb Code    48  stm32f4xx_ll_sdmmc.o(i.SDMMC_CmdSendStatus)
    SDMMC_CmdSetRelAdd                       0x08003091   Thumb Code    48  stm32f4xx_ll_sdmmc.o(i.SDMMC_CmdSetRelAdd)
    SDMMC_CmdStopTransfer                    0x080030c1   Thumb Code    46  stm32f4xx_ll_sdmmc.o(i.SDMMC_CmdStopTransfer)
    SDMMC_CmdWriteMultiBlock                 0x080030f5   Thumb Code    48  stm32f4xx_ll_sdmmc.o(i.SDMMC_CmdWriteMultiBlock)
    SDMMC_CmdWriteSingleBlock                0x08003125   Thumb Code    48  stm32f4xx_ll_sdmmc.o(i.SDMMC_CmdWriteSingleBlock)
    SD_initialize                            0x08003781   Thumb Code    74  sd_diskio.o(i.SD_initialize)
    SD_ioctl                                 0x080037d5   Thumb Code    76  sd_diskio.o(i.SD_ioctl)
    SD_read                                  0x08003825   Thumb Code    96  sd_diskio.o(i.SD_read)
    SD_status                                0x08003889   Thumb Code     4  sd_diskio.o(i.SD_status)
    SD_write                                 0x0800388d   Thumb Code    96  sd_diskio.o(i.SD_write)
    StartDefaultTask                         0x080038f1   Thumb Code    96  freertos.o(i.StartDefaultTask)
    SysTick_Handler                          0x08003969   Thumb Code    38  port.o(i.SysTick_Handler)
    SystemClock_Config                       0x08003995   Thumb Code   126  main.o(i.SystemClock_Config)
    SystemInit                               0x08003a1d   Thumb Code    22  system_stm32f4xx.o(i.SystemInit)
    TIM1_UP_TIM10_IRQHandler                 0x08003a39   Thumb Code     6  stm32f4xx_it.o(i.TIM1_UP_TIM10_IRQHandler)
    TIM6_DAC_IRQHandler                      0x08003a45   Thumb Code     6  stm32f4xx_it.o(i.TIM6_DAC_IRQHandler)
    TIM_Base_SetConfig                       0x08003a51   Thumb Code   156  stm32f4xx_hal_tim.o(i.TIM_Base_SetConfig)
    USART1_IRQHandler                        0x08003d69   Thumb Code     6  stm32f4xx_it.o(i.USART1_IRQHandler)
    USART2_IRQHandler                        0x08003d75   Thumb Code     6  stm32f4xx_it.o(i.USART2_IRQHandler)
    USART3_IRQHandler                        0x08003d81   Thumb Code     6  stm32f4xx_it.o(i.USART3_IRQHandler)
    UsageFault_Handler                       0x08003d8d   Thumb Code     2  stm32f4xx_it.o(i.UsageFault_Handler)
    __0sprintf$1                             0x08003d91   Thumb Code    34  printf1.o(i.__0sprintf$1)
    __1sprintf$1                             0x08003d91   Thumb Code     0  printf1.o(i.__0sprintf$1)
    __2sprintf                               0x08003d91   Thumb Code     0  printf1.o(i.__0sprintf$1)
    __scatterload_copy                       0x08003dd9   Thumb Code    14  handlers.o(i.__scatterload_copy)
    __scatterload_null                       0x08003de7   Thumb Code     2  handlers.o(i.__scatterload_null)
    __scatterload_zeroinit                   0x08003de9   Thumb Code    14  handlers.o(i.__scatterload_zeroinit)
    disk_initialize                          0x0800447d   Thumb Code    36  diskio.o(i.disk_initialize)
    disk_ioctl                               0x080044a5   Thumb Code    22  diskio.o(i.disk_ioctl)
    disk_read                                0x080044c1   Thumb Code    24  diskio.o(i.disk_read)
    disk_status                              0x080044dd   Thumb Code    18  diskio.o(i.disk_status)
    disk_write                               0x080044f5   Thumb Code    24  diskio.o(i.disk_write)
    eARPGetCacheEntry                        0x08004511   Thumb Code   126  freertos_arp.o(i.eARPGetCacheEntry)
    eARPProcessPacket                        0x080045a1   Thumb Code   140  freertos_arp.o(i.eARPProcessPacket)
    f_close                                  0x08004635   Thumb Code    48  ff.o(i.f_close)
    f_mount                                  0x08004665   Thumb Code   118  ff.o(i.f_mount)
    f_open                                   0x080046e1   Thumb Code   530  ff.o(i.f_open)
    f_sync                                   0x080048f9   Thumb Code   162  ff.o(i.f_sync)
    f_write                                  0x0800499b   Thumb Code   464  ff.o(i.f_write)
    ff_cre_syncobj                           0x08004b6b   Thumb Code    28  syscall.o(i.ff_cre_syncobj)
    ff_del_syncobj                           0x08004b87   Thumb Code    10  syscall.o(i.ff_del_syncobj)
    ff_rel_grant                             0x08004b91   Thumb Code     4  syscall.o(i.ff_rel_grant)
    ff_req_grant                             0x08004b95   Thumb Code    20  syscall.o(i.ff_req_grant)
    get_fattime                              0x08004f9b   Thumb Code     4  fatfs.o(i.get_fattime)
    lTCPAddRxdata                            0x08005069   Thumb Code   102  freertos_sockets.o(i.lTCPAddRxdata)
    lTCPWindowRxCheck                        0x080050d9   Thumb Code   266  freertos_tcp_win.o(i.lTCPWindowRxCheck)
    lTCPWindowTxAdd                          0x080051e9   Thumb Code   178  freertos_tcp_win.o(i.lTCPWindowTxAdd)
    lUDPLoggingPrintf                        0x0800529b   Thumb Code     2  networkinterface.o(i.lUDPLoggingPrintf)
    main                                     0x080052f9   Thumb Code    72  main.o(i.main)
    osDelay                                  0x080053a1   Thumb Code    14  cmsis_os.o(i.osDelay)
    osKernelRunning                          0x080053af   Thumb Code    18  cmsis_os.o(i.osKernelRunning)
    osKernelStart                            0x080053c1   Thumb Code    10  cmsis_os.o(i.osKernelStart)
    osKernelSysTick                          0x080053cb   Thumb Code    24  cmsis_os.o(i.osKernelSysTick)
    osMessageCreate                          0x080053e3   Thumb Code    38  cmsis_os.o(i.osMessageCreate)
    osMessageGet                             0x08005409   Thumb Code   144  cmsis_os.o(i.osMessageGet)
    osMessagePut                             0x0800549d   Thumb Code    88  cmsis_os.o(i.osMessagePut)
    osSemaphoreCreate                        0x080054f9   Thumb Code    80  cmsis_os.o(i.osSemaphoreCreate)
    osSemaphoreDelete                        0x08005549   Thumb Code    24  cmsis_os.o(i.osSemaphoreDelete)
    osSemaphoreRelease                       0x08005561   Thumb Code    74  cmsis_os.o(i.osSemaphoreRelease)
    osSemaphoreWait                          0x080055b1   Thumb Code    96  cmsis_os.o(i.osSemaphoreWait)
    osThreadCreate                           0x08005615   Thumb Code    84  cmsis_os.o(i.osThreadCreate)
    pvPortMalloc                             0x080073ed   Thumb Code   210  heap_4.o(i.pvPortMalloc)
    pvTaskIncrementMutexHeldCount            0x080074c5   Thumb Code    18  tasks.o(i.pvTaskIncrementMutexHeldCount)
    pxGetNetworkBufferWithDescriptor         0x080074dd   Thumb Code   132  bufferallocation_2.o(i.pxGetNetworkBufferWithDescriptor)
    pxPortInitialiseStack                    0x08007599   Thumb Code    40  port.o(i.pxPortInitialiseStack)
    pxTCPSocketLookup                        0x080075c5   Thumb Code    74  freertos_sockets.o(i.pxTCPSocketLookup)
    pxUDPSocketLookup                        0x08007615   Thumb Code    38  freertos_sockets.o(i.pxUDPSocketLookup)
    ulApplicationGetNextSequenceNumber       0x080077cf   Thumb Code     2  networkinterface.o(i.ulApplicationGetNextSequenceNumber)
    ulTCPWindowTxAck                         0x080077df   Thumb Code    20  freertos_tcp_win.o(i.ulTCPWindowTxAck)
    ulTCPWindowTxGet                         0x080077f3   Thumb Code   226  freertos_tcp_win.o(i.ulTCPWindowTxGet)
    ulTCPWindowTxSack                        0x080078d5   Thumb Code   108  freertos_tcp_win.o(i.ulTCPWindowTxSack)
    ulTaskNotifyTake                         0x08007941   Thumb Code    96  tasks.o(i.ulTaskNotifyTake)
    uxGetMinimumFreeNetworkBuffers           0x080079c1   Thumb Code     6  bufferallocation_2.o(i.uxGetMinimumFreeNetworkBuffers)
    uxListRemove                             0x080079cd   Thumb Code    38  list.o(i.uxListRemove)
    uxQueueMessagesWaiting                   0x080079f3   Thumb Code    36  queue.o(i.uxQueueMessagesWaiting)
    uxStreamBufferAdd                        0x08007a17   Thumb Code   172  freertos_stream_buffer.o(i.uxStreamBufferAdd)
    uxStreamBufferGet                        0x08007ad9   Thumb Code   138  freertos_stream_buffer.o(i.uxStreamBufferGet)
    vARPAgeCache                             0x08007b8d   Thumb Code    94  freertos_arp.o(i.vARPAgeCache)
    vARPGenerateRequestPacket                0x08007bf9   Thumb Code    92  freertos_arp.o(i.vARPGenerateRequestPacket)
    vARPRefreshCacheEntry                    0x08007c5d   Thumb Code   242  freertos_arp.o(i.vARPRefreshCacheEntry)
    vApplicationGetIdleTaskMemory            0x08007d5d   Thumb Code    16  freertos.o(i.vApplicationGetIdleTaskMemory)
    vApplicationIPNetworkEventHook           0x08007d71   Thumb Code   138  networkinterface.o(i.vApplicationIPNetworkEventHook)
    vApplicationPingReplyHook                0x08007e0d   Thumb Code     2  networkinterface.o(i.vApplicationPingReplyHook)
    vEventGroupDelete                        0x08007e0f   Thumb Code    74  event_groups.o(i.vEventGroupDelete)
    vIPNetworkUpCalls                        0x08007e59   Thumb Code    28  freertos_ip.o(i.vIPNetworkUpCalls)
    vListInitialise                          0x08007e7d   Thumb Code    22  list.o(i.vListInitialise)
    vListInitialiseItem                      0x08007e93   Thumb Code     6  list.o(i.vListInitialiseItem)
    vListInsert                              0x08007e99   Thumb Code    48  list.o(i.vListInsert)
    vListInsertEnd                           0x08007ec9   Thumb Code    24  list.o(i.vListInsertEnd)
    vListInsertGeneric                       0x08007ee9   Thumb Code    22  freertos_tcp_win.o(i.vListInsertGeneric)
    vMACBProbePhy                            0x08007f01   Thumb Code   190  networkinterface.o(i.vMACBProbePhy)
    vNetworkSocketsInit                      0x08007fc9   Thumb Code    20  freertos_sockets.o(i.vNetworkSocketsInit)
    vPortEnterCritical                       0x08007fe1   Thumb Code    54  port.o(i.vPortEnterCritical)
    vPortExitCritical                        0x08008021   Thumb Code    34  port.o(i.vPortExitCritical)
    vPortFree                                0x08008049   Thumb Code    88  heap_4.o(i.vPortFree)
    vPortSetupTimerInterrupt                 0x080080a5   Thumb Code    32  port.o(i.vPortSetupTimerInterrupt)
    vPortValidateInterruptPriority           0x080080c9   Thumb Code    74  port.o(i.vPortValidateInterruptPriority)
    vProcessGeneratedUDPPacket               0x0800811d   Thumb Code   140  freertos_udp_ip.o(i.vProcessGeneratedUDPPacket)
    vQueueAddToRegistry                      0x080081ad   Thumb Code    32  queue.o(i.vQueueAddToRegistry)
    vQueueDelete                             0x080081d1   Thumb Code    46  queue.o(i.vQueueDelete)
    vQueueUnregisterQueue                    0x08008201   Thumb Code    36  queue.o(i.vQueueUnregisterQueue)
    vReleaseNetworkBuffer                    0x08008229   Thumb Code    12  bufferallocation_2.o(i.vReleaseNetworkBuffer)
    vReleaseNetworkBufferAndDescriptor       0x08008235   Thumb Code    70  bufferallocation_2.o(i.vReleaseNetworkBufferAndDescriptor)
    vReturnEthernetFrame                     0x08008285   Thumb Code    32  freertos_ip.o(i.vReturnEthernetFrame)
    vSocketBind                              0x080082a9   Thumb Code   256  freertos_sockets.o(i.vSocketBind)
    vSocketClose                             0x080083ad   Thumb Code   154  freertos_sockets.o(i.vSocketClose)
    vSocketWakeUpUser                        0x0800844d   Thumb Code    28  freertos_sockets.o(i.vSocketWakeUpUser)
    vTCPStateChange                          0x08008469   Thumb Code   202  freertos_tcp_ip.o(i.vTCPStateChange)
    vTCPWindowCreate                         0x08008535   Thumb Code    86  freertos_tcp_win.o(i.vTCPWindowCreate)
    vTCPWindowDestroy                        0x08008591   Thumb Code    56  freertos_tcp_win.o(i.vTCPWindowDestroy)
    vTCPWindowInit                           0x08008605   Thumb Code    68  freertos_tcp_win.o(i.vTCPWindowInit)
    vTaskDelay                               0x08008649   Thumb Code    66  tasks.o(i.vTaskDelay)
    vTaskInternalSetTimeOutState             0x08008695   Thumb Code    12  tasks.o(i.vTaskInternalSetTimeOutState)
    vTaskMissedYield                         0x080086a5   Thumb Code     8  tasks.o(i.vTaskMissedYield)
    vTaskNotifyGiveFromISR                   0x080086b1   Thumb Code   172  tasks.o(i.vTaskNotifyGiveFromISR)
    vTaskPlaceOnEventList                    0x08008765   Thumb Code    44  tasks.o(i.vTaskPlaceOnEventList)
    vTaskPriorityDisinheritAfterTimeout      0x08008795   Thumb Code   162  tasks.o(i.vTaskPriorityDisinheritAfterTimeout)
    vTaskRemoveFromUnorderedEventList        0x08008841   Thumb Code   104  tasks.o(i.vTaskRemoveFromUnorderedEventList)
    vTaskSetTimeOutState                     0x080088b1   Thumb Code    44  tasks.o(i.vTaskSetTimeOutState)
    vTaskStartScheduler                      0x080088e1   Thumb Code    90  tasks.o(i.vTaskStartScheduler)
    vTaskSuspendAll                          0x0800894d   Thumb Code    10  tasks.o(i.vTaskSuspendAll)
    vTaskSwitchContext                       0x0800895d   Thumb Code    82  tasks.o(i.vTaskSwitchContext)
    xEventGroupCreate                        0x08008a01   Thumb Code    28  event_groups.o(i.xEventGroupCreate)
    xEventGroupSetBits                       0x08008a1d   Thumb Code   140  event_groups.o(i.xEventGroupSetBits)
    xIPIsNetworkTaskReady                    0x08008aa9   Thumb Code     6  freertos_ip.o(i.xIPIsNetworkTaskReady)
    xIsCallingFromIPTask                     0x08008ab5   Thumb Code    22  freertos_ip.o(i.xIsCallingFromIPTask)
    xNetworkBuffersInitialise                0x08008ad1   Thumb Code   112  bufferallocation_2.o(i.xNetworkBuffersInitialise)
    xNetworkInterfaceInitialise              0x08008b55   Thumb Code   272  networkinterface.o(i.xNetworkInterfaceInitialise)
    xNetworkInterfaceOutput                  0x08008c89   Thumb Code   130  networkinterface.o(i.xNetworkInterfaceOutput)
    xPortStartScheduler                      0x08008d15   Thumb Code   224  port.o(i.xPortStartScheduler)
    xProcessReceivedTCPPacket                0x08008e09   Thumb Code   430  freertos_tcp_ip.o(i.xProcessReceivedTCPPacket)
    xProcessReceivedUDPPacket                0x08008fb7   Thumb Code   114  freertos_udp_ip.o(i.xProcessReceivedUDPPacket)
    xQueueCreateCountingSemaphore            0x08009029   Thumb Code    58  queue.o(i.xQueueCreateCountingSemaphore)
    xQueueCreateCountingSemaphoreStatic      0x08009063   Thumb Code    64  queue.o(i.xQueueCreateCountingSemaphoreStatic)
    xQueueGenericCreate                      0x080090a3   Thumb Code    72  queue.o(i.xQueueGenericCreate)
    xQueueGenericCreateStatic                0x080090eb   Thumb Code   102  queue.o(i.xQueueGenericCreateStatic)
    xQueueGenericReset                       0x08009151   Thumb Code   132  queue.o(i.xQueueGenericReset)
    xQueueGenericSend                        0x080091d9   Thumb Code   350  queue.o(i.xQueueGenericSend)
    xQueueGenericSendFromISR                 0x0800933d   Thumb Code   188  queue.o(i.xQueueGenericSendFromISR)
    xQueueGiveFromISR                        0x080093f9   Thumb Code   156  queue.o(i.xQueueGiveFromISR)
    xQueueReceive                            0x08009495   Thumb Code   308  queue.o(i.xQueueReceive)
    xQueueReceiveFromISR                     0x080095cd   Thumb Code   154  queue.o(i.xQueueReceiveFromISR)
    xQueueSemaphoreTake                      0x08009669   Thumb Code   372  queue.o(i.xQueueSemaphoreTake)
    xSendEventStructToIPTask                 0x080097e1   Thumb Code    76  freertos_ip.o(i.xSendEventStructToIPTask)
    xSendEventToIPTask                       0x08009835   Thumb Code    20  freertos_ip.o(i.xSendEventToIPTask)
    xTCPCheckNewClient                       0x08009855   Thumb Code    64  freertos_tcp_ip.o(i.xTCPCheckNewClient)
    xTCPSocketCheck                          0x08009899   Thumb Code   178  freertos_tcp_ip.o(i.xTCPSocketCheck)
    xTCPTimerCheck                           0x0800994d   Thumb Code   118  freertos_sockets.o(i.xTCPTimerCheck)
    xTCPWindowRxEmpty                        0x08009a73   Thumb Code    26  freertos_tcp_win.o(i.xTCPWindowRxEmpty)
    xTCPWindowTxDone                         0x08009aaf   Thumb Code    14  freertos_tcp_win.o(i.xTCPWindowTxDone)
    xTCPWindowTxHasData                      0x08009abd   Thumb Code   102  freertos_tcp_win.o(i.xTCPWindowTxHasData)
    xTaskCheckForTimeOut                     0x08009b25   Thumb Code   112  tasks.o(i.xTaskCheckForTimeOut)
    xTaskCreate                              0x08009b99   Thumb Code    90  tasks.o(i.xTaskCreate)
    xTaskCreateStatic                        0x08009bf3   Thumb Code    90  tasks.o(i.xTaskCreateStatic)
    xTaskGetCurrentTaskHandle                0x08009c4d   Thumb Code     6  tasks.o(i.xTaskGetCurrentTaskHandle)
    xTaskGetSchedulerState                   0x08009c59   Thumb Code    22  tasks.o(i.xTaskGetSchedulerState)
    xTaskGetTickCount                        0x08009c75   Thumb Code     6  tasks.o(i.xTaskGetTickCount)
    xTaskGetTickCountFromISR                 0x08009c81   Thumb Code    12  tasks.o(i.xTaskGetTickCountFromISR)
    xTaskIncrementTick                       0x08009c91   Thumb Code   192  tasks.o(i.xTaskIncrementTick)
    xTaskPriorityDisinherit                  0x08009d59   Thumb Code   144  tasks.o(i.xTaskPriorityDisinherit)
    xTaskPriorityInherit                     0x08009df1   Thumb Code   140  tasks.o(i.xTaskPriorityInherit)
    xTaskRemoveFromEventList                 0x08009e85   Thumb Code   108  tasks.o(i.xTaskRemoveFromEventList)
    xTaskResumeAll                           0x08009ef9   Thumb Code   182  tasks.o(i.xTaskResumeAll)
    xBroadcastMACAddress                     0x08009fe4   Data           6  freertos_ip.o(.constdata)
    xBufferAllocFixedSize                    0x0800a004   Data           4  bufferallocation_2.o(.constdata)
    ucIPAddress                              0x0800a010   Data           4  main.o(.constdata)
    ucNetMask                                0x0800a014   Data           4  main.o(.constdata)
    ucGatewayAddress                         0x0800a018   Data           4  main.o(.constdata)
    ucDNSServerAddress                       0x0800a01c   Data           4  main.o(.constdata)
    ucMACAddress                             0x0800a020   Data           6  main.o(.constdata)
    SD_Driver                                0x0800a028   Data          20  sd_diskio.o(.constdata)
    AHBPrescTable                            0x0800a07d   Data          16  system_stm32f4xx.o(.constdata)
    APBPrescTable                            0x0800a08d   Data           8  system_stm32f4xx.o(.constdata)
    Region$$Table$$Base                      0x0800a140   Number         0  anon$$obj.o(Region$$Table)
    Region$$Table$$Limit                     0x0800a160   Number         0  anon$$obj.o(Region$$Table)
    xNetworkEventQueue                       0x20000008   Data           4  freertos_ip.o(.data)
    usPacketIdentifier                       0x20000024   Data           2  freertos_ip.o(.data)
    xTCPWindowLoggingLevel                   0x20000030   Data           4  freertos_tcp_win.o(.data)
    xDefaultPartUDPPacketHeader              0x20000034   Data          24  freertos_udp_ip.o(.data)
    retSD                                    0x20000074   Data           1  fatfs.o(.data)
    SDPath                                   0x20000075   Data           4  fatfs.o(.data)
    res                                      0x2000007c   Data           1  freertos.o(.data)
    testBytes                                0x20000080   Data           4  freertos.o(.data)
    defaultTaskHandle                        0x20000084   Data           4  freertos.o(.data)
    testBuffer                               0x20000088   Data          16  freertos.o(.data)
    uwTickFreq                               0x20000098   Data           1  stm32f4xx_hal.o(.data)
    uwTickPrio                               0x2000009c   Data           4  stm32f4xx_hal.o(.data)
    uwTick                                   0x200000a0   Data           4  stm32f4xx_hal.o(.data)
    SystemCoreClock                          0x200000a4   Data           4  system_stm32f4xx.o(.data)
    pxCurrentTCB                             0x200000a8   Data           4  tasks.o(.data)
    xNetworkAddressing                       0x20000158   Data          20  freertos_ip.o(.bss)
    xDefaultAddressing                       0x2000016c   Data          20  freertos_ip.o(.bss)
    xBoundUDPSocketsList                     0x200001a8   Data          20  freertos_sockets.o(.bss)
    xBoundTCPSocketsList                     0x200001bc   Data          20  freertos_sockets.o(.bss)
    DMARxDscrTab                             0x20000ab0   Data         128  networkinterface.o(.bss)
    Rx_Buff                                  0x20000b30   Data        6096  networkinterface.o(.bss)
    DMATxDscrTab                             0x20002300   Data         128  networkinterface.o(.bss)
    Tx_Buff                                  0x20002380   Data        6096  networkinterface.o(.bss)
    SDFatFS                                  0x20003b50   Data        4152  fatfs.o(.bss)
    testFile                                 0x20004b88   Data        4144  freertos.o(.bss)
    hsd                                      0x20005e0c   Data         132  sdio.o(.bss)
    hdma_sdio_rx                             0x20005e90   Data          96  sdio.o(.bss)
    hdma_sdio_tx                             0x20005ef0   Data          96  sdio.o(.bss)
    htim6                                    0x20005f50   Data          64  tim.o(.bss)
    huart1                                   0x20005f90   Data          64  usart.o(.bss)
    huart2                                   0x20005fd0   Data          64  usart.o(.bss)
    huart3                                   0x20006010   Data          64  usart.o(.bss)
    hdma_usart1_rx                           0x20006050   Data          96  usart.o(.bss)
    hdma_usart1_tx                           0x200060b0   Data          96  usart.o(.bss)
    htim1                                    0x20006110   Data          64  stm32f4xx_hal_timebase_tim.o(.bss)
    xQueueRegistry                           0x20006150   Data          64  queue.o(.bss)
    disk                                     0x20009ea0   Data          12  ff_gen_drv.o(.bss)
    __initial_sp                             0x2000a2b0   Data           0  startup_stm32f407xx.o(STACK)



==============================================================================

Memory Map of the image

  Image Entry point : 0x08000189

  Load Region LR_IROM1 (Base: 0x08000000, Size: 0x0000a270, Max: 0x00100000, ABSOLUTE)

    Execution Region ER_IROM1 (Base: 0x08000000, Size: 0x0000a160, Max: 0x00100000, ABSOLUTE)

    Base Addr    Size         Type   Attr      Idx    E Section Name        Object

    0x08000000   0x00000188   Data   RO            3    RESET               startup_stm32f407xx.o
    0x08000188   0x00000000   Code   RO         7153  * .ARM.Collect$$$$00000000  mc_w.l(entry.o)
    0x08000188   0x00000004   Code   RO         7439    .ARM.Collect$$$$00000001  mc_w.l(entry2.o)
    0x0800018c   0x00000004   Code   RO         7442    .ARM.Collect$$$$00000004  mc_w.l(entry5.o)
    0x08000190   0x00000000   Code   RO         7444    .ARM.Collect$$$$00000008  mc_w.l(entry7b.o)
    0x08000190   0x00000000   Code   RO         7446    .ARM.Collect$$$$0000000A  mc_w.l(entry8b.o)
    0x08000190   0x00000008   Code   RO         7447    .ARM.Collect$$$$0000000B  mc_w.l(entry9a.o)
    0x08000198   0x00000000   Code   RO         7449    .ARM.Collect$$$$0000000D  mc_w.l(entry10a.o)
    0x08000198   0x00000000   Code   RO         7451    .ARM.Collect$$$$0000000F  mc_w.l(entry11a.o)
    0x08000198   0x00000004   Code   RO         7440    .ARM.Collect$$$$00002712  mc_w.l(entry2.o)
    0x0800019c   0x000000be   Code   RO         6581    .emb_text           port.o
    0x0800025a   0x00000002   PAD
    0x0800025c   0x00000024   Code   RO            4    .text               startup_stm32f407xx.o
    0x08000280   0x00000062   Code   RO         7156    .text               mc_w.l(uldiv.o)
    0x080002e2   0x00000040   Code   RO         7160    .text               mc_w.l(memmovea.o)
    0x08000322   0x00000024   Code   RO         7164    .text               mc_w.l(memseta.o)
    0x08000346   0x0000001a   Code   RO         7170    .text               mc_w.l(memcmp.o)
    0x08000360   0x0000002c   Code   RO         7456    .text               mc_w.l(uidiv.o)
    0x0800038c   0x0000001e   Code   RO         7458    .text               mc_w.l(llshl.o)
    0x080003aa   0x00000020   Code   RO         7460    .text               mc_w.l(llushr.o)
    0x080003ca   0x00000002   PAD
    0x080003cc   0x00000024   Code   RO         7473    .text               mc_w.l(init.o)
    0x080003f0   0x00000002   Code   RO         1852    i.BSP_SD_AbortCallback  bsp_driver_sd.o
    0x080003f2   0x00000002   PAD
    0x080003f4   0x0000000c   Code   RO         1855    i.BSP_SD_GetCardInfo  bsp_driver_sd.o
    0x08000400   0x00000018   Code   RO         1856    i.BSP_SD_GetCardState  bsp_driver_sd.o
    0x08000418   0x00000030   Code   RO         1858    i.BSP_SD_Init       bsp_driver_sd.o
    0x08000448   0x0000000e   Code   RO         1859    i.BSP_SD_IsDetected  bsp_driver_sd.o
    0x08000456   0x00000002   PAD
    0x08000458   0x0000001c   Code   RO         1861    i.BSP_SD_ReadBlocks_DMA  bsp_driver_sd.o
    0x08000474   0x00000010   Code   RO         1973    i.BSP_SD_ReadCpltCallback  sd_diskio.o
    0x08000484   0x0000001c   Code   RO         1864    i.BSP_SD_WriteBlocks_DMA  bsp_driver_sd.o
    0x080004a0   0x00000010   Code   RO         1974    i.BSP_SD_WriteCpltCallback  sd_diskio.o
    0x080004b0   0x00000002   Code   RO         2279    i.BusFault_Handler  stm32f4xx_it.o
    0x080004b2   0x00000002   PAD
    0x080004b4   0x0000000c   Code   RO         2280    i.DMA2_Stream2_IRQHandler  stm32f4xx_it.o
    0x080004c0   0x0000000c   Code   RO         2281    i.DMA2_Stream3_IRQHandler  stm32f4xx_it.o
    0x080004cc   0x0000000c   Code   RO         2282    i.DMA2_Stream6_IRQHandler  stm32f4xx_it.o
    0x080004d8   0x0000000c   Code   RO         2283    i.DMA2_Stream7_IRQHandler  stm32f4xx_it.o
    0x080004e4   0x00000028   Code   RO         2925    i.DMA_CalcBaseAndBitshift  stm32f4xx_hal_dma.o
    0x0800050c   0x00000054   Code   RO         2926    i.DMA_CheckFifoParam  stm32f4xx_hal_dma.o
    0x08000560   0x00000028   Code   RO         2927    i.DMA_SetConfig     stm32f4xx_hal_dma.o
    0x08000588   0x00000002   Code   RO         2284    i.DebugMon_Handler  stm32f4xx_it.o
    0x0800058a   0x00000016   Code   RO         1493    i.ETH_FlushTransmitFIFO  stm32f4xx_hal_eth.o
    0x080005a0   0x0000000c   Code   RO         1275    i.ETH_IRQHandler    networkinterface.o
    0x080005ac   0x00000100   Code   RO         1494    i.ETH_MACDMAConfig  stm32f4xx_hal_eth.o
    0x080006ac   0x00000008   Code   RO         2285    i.EXTI9_5_IRQHandler  stm32f4xx_it.o
    0x080006b4   0x00000002   Code   RO         1660    i.Error_Handler     main.o
    0x080006b6   0x00000006   Code   RO         7058    i.FATFS_LinkDriver  ff_gen_drv.o
    0x080006bc   0x00000040   Code   RO         7059    i.FATFS_LinkDriverEx  ff_gen_drv.o
    0x080006fc   0x0000000c   Code   RO           10    i.FreeRTOS_ClearARP  freertos_arp.o
    0x08000708   0x0000002c   Code   RO          302    i.FreeRTOS_GetAddressConfiguration  freertos_ip.o
    0x08000734   0x00000148   Code   RO          309    i.FreeRTOS_IPInit   freertos_ip.o
    0x0800087c   0x00000024   Code   RO          311    i.FreeRTOS_NetworkDown  freertos_ip.o
    0x080008a0   0x00000044   Code   RO           11    i.FreeRTOS_OutputARPRequest  freertos_arp.o
    0x080008e4   0x00000028   Code   RO          533    i.FreeRTOS_closesocket  freertos_sockets.o
    0x0800090c   0x00000008   Code   RO          800    i.FreeRTOS_min_uint32  freertos_stream_buffer.o
    0x08000914   0x000000ae   Code   RO          551    i.FreeRTOS_socket   freertos_sockets.o
    0x080009c2   0x00000024   Code   RO         2929    i.HAL_DMA_Abort_IT  stm32f4xx_hal_dma.o
    0x080009e6   0x00000004   Code   RO         2931    i.HAL_DMA_GetError  stm32f4xx_hal_dma.o
    0x080009ea   0x00000002   PAD
    0x080009ec   0x000001a0   Code   RO         2933    i.HAL_DMA_IRQHandler  stm32f4xx_hal_dma.o
    0x08000b8c   0x000000d4   Code   RO         2934    i.HAL_DMA_Init      stm32f4xx_hal_dma.o
    0x08000c60   0x0000006e   Code   RO         2938    i.HAL_DMA_Start_IT  stm32f4xx_hal_dma.o
    0x08000cce   0x00000002   PAD
    0x08000cd0   0x00000024   Code   RO         3347    i.HAL_Delay         stm32f4xx_hal.o
    0x08000cf4   0x0000010c   Code   RO         1496    i.HAL_ETH_ConfigMAC  stm32f4xx_hal_eth.o
    0x08000e00   0x00000002   Code   RO         1500    i.HAL_ETH_ErrorCallback  stm32f4xx_hal_eth.o
    0x08000e02   0x00000002   PAD
    0x08000e04   0x00000038   Code   RO         1504    i.HAL_ETH_IRQHandler  stm32f4xx_hal_eth.o
    0x08000e3c   0x000000e4   Code   RO         1505    i.HAL_ETH_Init      stm32f4xx_hal_eth.o
    0x08000f20   0x000000e8   Code   RO         1811    i.HAL_ETH_MspInit   eth.o
    0x08001008   0x000000a4   Code   RO         1508    i.HAL_ETH_ReadPHYRegister  stm32f4xx_hal_eth.o
    0x080010ac   0x0000003c   Code   RO         1276    i.HAL_ETH_RxCpltCallback  networkinterface.o
    0x080010e8   0x00000072   Code   RO         1510    i.HAL_ETH_Start     stm32f4xx_hal_eth.o
    0x0800115a   0x00000072   Code   RO         1511    i.HAL_ETH_Stop      stm32f4xx_hal_eth.o
    0x080011cc   0x00000002   Code   RO         1513    i.HAL_ETH_TxCpltCallback  stm32f4xx_hal_eth.o
    0x080011ce   0x00000002   PAD
    0x080011d0   0x0000009c   Code   RO         1514    i.HAL_ETH_WritePHYRegister  stm32f4xx_hal_eth.o
    0x0800126c   0x00000002   Code   RO         2819    i.HAL_GPIO_EXTI_Callback  stm32f4xx_hal_gpio.o
    0x0800126e   0x00000002   PAD
    0x08001270   0x00000018   Code   RO         2820    i.HAL_GPIO_EXTI_IRQHandler  stm32f4xx_hal_gpio.o
    0x08001288   0x000001b4   Code   RO         2821    i.HAL_GPIO_Init     stm32f4xx_hal_gpio.o
    0x0800143c   0x0000000e   Code   RO         2824    i.HAL_GPIO_TogglePin  stm32f4xx_hal_gpio.o
    0x0800144a   0x0000000a   Code   RO         2825    i.HAL_GPIO_WritePin  stm32f4xx_hal_gpio.o
    0x08001454   0x0000000c   Code   RO         3353    i.HAL_GetTick       stm32f4xx_hal.o
    0x08001460   0x00000010   Code   RO         3359    i.HAL_IncTick       stm32f4xx_hal.o
    0x08001470   0x00000034   Code   RO         3360    i.HAL_Init          stm32f4xx_hal.o
    0x080014a4   0x00000074   Code   RO         2427    i.HAL_InitTick      stm32f4xx_hal_timebase_tim.o
    0x08001518   0x00000038   Code   RO         2403    i.HAL_MspInit       stm32f4xx_hal_msp.o
    0x08001550   0x0000001a   Code   RO         3210    i.HAL_NVIC_EnableIRQ  stm32f4xx_hal_cortex.o
    0x0800156a   0x00000002   PAD
    0x0800156c   0x00000040   Code   RO         3216    i.HAL_NVIC_SetPriority  stm32f4xx_hal_cortex.o
    0x080015ac   0x00000024   Code   RO         3217    i.HAL_NVIC_SetPriorityGrouping  stm32f4xx_hal_cortex.o
    0x080015d0   0x00000134   Code   RO         2467    i.HAL_RCC_ClockConfig  stm32f4xx_hal_rcc.o
    0x08001704   0x00000040   Code   RO         2471    i.HAL_RCC_GetClockConfig  stm32f4xx_hal_rcc.o
    0x08001744   0x0000000c   Code   RO         2472    i.HAL_RCC_GetHCLKFreq  stm32f4xx_hal_rcc.o
    0x08001750   0x00000020   Code   RO         2474    i.HAL_RCC_GetPCLK1Freq  stm32f4xx_hal_rcc.o
    0x08001770   0x00000020   Code   RO         2475    i.HAL_RCC_GetPCLK2Freq  stm32f4xx_hal_rcc.o
    0x08001790   0x00000064   Code   RO         2476    i.HAL_RCC_GetSysClockFreq  stm32f4xx_hal_rcc.o
    0x080017f4   0x00000348   Code   RO         2479    i.HAL_RCC_OscConfig  stm32f4xx_hal_rcc.o
    0x08001b3c   0x00000008   Code   RO         1866    i.HAL_SD_AbortCallback  bsp_driver_sd.o
    0x08001b44   0x000000f8   Code   RO         3865    i.HAL_SD_ConfigWideBusOperation  stm32f4xx_hal_sd.o
    0x08001c3c   0x00000002   Code   RO         3868    i.HAL_SD_ErrorCallback  stm32f4xx_hal_sd.o
    0x08001c3e   0x00000002   PAD
    0x08001c40   0x00000198   Code   RO         3870    i.HAL_SD_GetCardCSD  stm32f4xx_hal_sd.o
    0x08001dd8   0x00000024   Code   RO         3871    i.HAL_SD_GetCardInfo  stm32f4xx_hal_sd.o
    0x08001dfc   0x00000032   Code   RO         3872    i.HAL_SD_GetCardState  stm32f4xx_hal_sd.o
    0x08001e2e   0x00000002   PAD
    0x08001e30   0x00000208   Code   RO         3876    i.HAL_SD_IRQHandler  stm32f4xx_hal_sd.o
    0x08002038   0x00000036   Code   RO         3877    i.HAL_SD_Init       stm32f4xx_hal_sd.o
    0x0800206e   0x00000002   PAD
    0x08002070   0x00000054   Code   RO         3878    i.HAL_SD_InitCard   stm32f4xx_hal_sd.o
    0x080020c4   0x00000164   Code   RO         2142    i.HAL_SD_MspInit    sdio.o
    0x08002228   0x00000130   Code   RO         3882    i.HAL_SD_ReadBlocks_DMA  stm32f4xx_hal_sd.o
    0x08002358   0x00000008   Code   RO         1867    i.HAL_SD_RxCpltCallback  bsp_driver_sd.o
    0x08002360   0x00000008   Code   RO         1868    i.HAL_SD_TxCpltCallback  bsp_driver_sd.o
    0x08002368   0x00000134   Code   RO         3887    i.HAL_SD_WriteBlocks_DMA  stm32f4xx_hal_sd.o
    0x0800249c   0x00000002   Code   RO         4764    i.HAL_TIMEx_BreakCallback  stm32f4xx_hal_tim_ex.o
    0x0800249e   0x00000002   Code   RO         4765    i.HAL_TIMEx_CommutCallback  stm32f4xx_hal_tim_ex.o
    0x080024a0   0x00000090   Code   RO         4782    i.HAL_TIMEx_MasterConfigSynchronization  stm32f4xx_hal_tim_ex.o
    0x08002530   0x00000036   Code   RO         4089    i.HAL_TIM_Base_Init  stm32f4xx_hal_tim.o
    0x08002566   0x00000002   PAD
    0x08002568   0x0000003c   Code   RO         2184    i.HAL_TIM_Base_MspInit  tim.o
    0x080025a4   0x00000022   Code   RO         4094    i.HAL_TIM_Base_Start_IT  stm32f4xx_hal_tim.o
    0x080025c6   0x00000002   Code   RO         4118    i.HAL_TIM_IC_CaptureCallback  stm32f4xx_hal_tim.o
    0x080025c8   0x00000166   Code   RO         4132    i.HAL_TIM_IRQHandler  stm32f4xx_hal_tim.o
    0x0800272e   0x00000002   Code   RO         4135    i.HAL_TIM_OC_DelayElapsedCallback  stm32f4xx_hal_tim.o
    0x08002730   0x00000002   Code   RO         4162    i.HAL_TIM_PWM_PulseFinishedCallback  stm32f4xx_hal_tim.o
    0x08002732   0x00000002   PAD
    0x08002734   0x00000014   Code   RO         1661    i.HAL_TIM_PeriodElapsedCallback  main.o
    0x08002748   0x00000002   Code   RO         4175    i.HAL_TIM_TriggerCallback  stm32f4xx_hal_tim.o
    0x0800274a   0x00000002   Code   RO         5036    i.HAL_UART_ErrorCallback  stm32f4xx_hal_uart.o
    0x0800274c   0x00000114   Code   RO         5039    i.HAL_UART_IRQHandler  stm32f4xx_hal_uart.o
    0x08002860   0x00000062   Code   RO         5040    i.HAL_UART_Init     stm32f4xx_hal_uart.o
    0x080028c2   0x00000002   PAD
    0x080028c4   0x00000178   Code   RO         2226    i.HAL_UART_MspInit  usart.o
    0x08002a3c   0x00000002   Code   RO         5046    i.HAL_UART_RxCpltCallback  stm32f4xx_hal_uart.o
    0x08002a3e   0x00000002   Code   RO         5051    i.HAL_UART_TxCpltCallback  stm32f4xx_hal_uart.o
    0x08002a40   0x00000002   Code   RO         2286    i.HardFault_Handler  stm32f4xx_it.o
    0x08002a42   0x00000002   PAD
    0x08002a44   0x0000005c   Code   RO         1786    i.MX_DMA_Init       dma.o
    0x08002aa0   0x0000001c   Code   RO         2061    i.MX_FATFS_Init     fatfs.o
    0x08002abc   0x00000028   Code   RO         2099    i.MX_FREERTOS_Init  freertos.o
    0x08002ae4   0x00000124   Code   RO         1762    i.MX_GPIO_Init      gpio.o
    0x08002c08   0x00000020   Code   RO         2143    i.MX_SDIO_SD_Init   sdio.o
    0x08002c28   0x00000048   Code   RO         2185    i.MX_TIM6_Init      tim.o
    0x08002c70   0x00000038   Code   RO         2227    i.MX_USART1_UART_Init  usart.o
    0x08002ca8   0x00000038   Code   RO         2228    i.MX_USART2_UART_Init  usart.o
    0x08002ce0   0x00000038   Code   RO         2229    i.MX_USART3_UART_Init  usart.o
    0x08002d18   0x00000002   Code   RO         2287    i.MemManage_Handler  stm32f4xx_it.o
    0x08002d1a   0x00000002   Code   RO         2288    i.NMI_Handler       stm32f4xx_it.o
    0x08002d1c   0x00000024   Code   RO         3598    i.SDIO_ConfigData   stm32f4xx_ll_sdmmc.o
    0x08002d40   0x00000008   Code   RO         3602    i.SDIO_GetPowerState  stm32f4xx_ll_sdmmc.o
    0x08002d48   0x00000006   Code   RO         3603    i.SDIO_GetResponse  stm32f4xx_ll_sdmmc.o
    0x08002d4e   0x00000002   PAD
    0x08002d50   0x0000000c   Code   RO         2289    i.SDIO_IRQHandler   stm32f4xx_it.o
    0x08002d5c   0x00000024   Code   RO         3604    i.SDIO_Init         stm32f4xx_ll_sdmmc.o
    0x08002d80   0x00000010   Code   RO         3606    i.SDIO_PowerState_ON  stm32f4xx_ll_sdmmc.o
    0x08002d90   0x00000006   Code   RO         3607    i.SDIO_ReadFIFO     stm32f4xx_ll_sdmmc.o
    0x08002d96   0x00000020   Code   RO         3608    i.SDIO_SendCommand  stm32f4xx_ll_sdmmc.o
    0x08002db6   0x0000000a   Code   RO         3610    i.SDIO_WriteFIFO    stm32f4xx_ll_sdmmc.o
    0x08002dc0   0x00000030   Code   RO         3611    i.SDMMC_CmdAppCommand  stm32f4xx_ll_sdmmc.o
    0x08002df0   0x00000034   Code   RO         3612    i.SDMMC_CmdAppOperCommand  stm32f4xx_ll_sdmmc.o
    0x08002e24   0x00000030   Code   RO         3613    i.SDMMC_CmdBlockLength  stm32f4xx_ll_sdmmc.o
    0x08002e54   0x00000030   Code   RO         3614    i.SDMMC_CmdBusWidth  stm32f4xx_ll_sdmmc.o
    0x08002e84   0x00000050   Code   RO         3618    i.SDMMC_CmdGoIdleState  stm32f4xx_ll_sdmmc.o
    0x08002ed4   0x00000074   Code   RO         3620    i.SDMMC_CmdOperCond  stm32f4xx_ll_sdmmc.o
    0x08002f48   0x00000030   Code   RO         3621    i.SDMMC_CmdReadMultiBlock  stm32f4xx_ll_sdmmc.o
    0x08002f78   0x00000030   Code   RO         3622    i.SDMMC_CmdReadSingleBlock  stm32f4xx_ll_sdmmc.o
    0x08002fa8   0x00000032   Code   RO         3625    i.SDMMC_CmdSelDesel  stm32f4xx_ll_sdmmc.o
    0x08002fda   0x0000002a   Code   RO         3626    i.SDMMC_CmdSendCID  stm32f4xx_ll_sdmmc.o
    0x08003004   0x0000002c   Code   RO         3627    i.SDMMC_CmdSendCSD  stm32f4xx_ll_sdmmc.o
    0x08003030   0x00000030   Code   RO         3628    i.SDMMC_CmdSendSCR  stm32f4xx_ll_sdmmc.o
    0x08003060   0x00000030   Code   RO         3629    i.SDMMC_CmdSendStatus  stm32f4xx_ll_sdmmc.o
    0x08003090   0x00000030   Code   RO         3630    i.SDMMC_CmdSetRelAdd  stm32f4xx_ll_sdmmc.o
    0x080030c0   0x00000034   Code   RO         3632    i.SDMMC_CmdStopTransfer  stm32f4xx_ll_sdmmc.o
    0x080030f4   0x00000030   Code   RO         3634    i.SDMMC_CmdWriteMultiBlock  stm32f4xx_ll_sdmmc.o
    0x08003124   0x00000030   Code   RO         3635    i.SDMMC_CmdWriteSingleBlock  stm32f4xx_ll_sdmmc.o
    0x08003154   0x00000120   Code   RO         3636    i.SDMMC_GetCmdResp1  stm32f4xx_ll_sdmmc.o
    0x08003274   0x00000050   Code   RO         3637    i.SDMMC_GetCmdResp2  stm32f4xx_ll_sdmmc.o
    0x080032c4   0x00000044   Code   RO         3638    i.SDMMC_GetCmdResp3  stm32f4xx_ll_sdmmc.o
    0x08003308   0x00000088   Code   RO         3639    i.SDMMC_GetCmdResp6  stm32f4xx_ll_sdmmc.o
    0x08003390   0x00000020   Code   RO         1975    i.SD_CheckStatus    sd_diskio.o
    0x080033b0   0x00000024   Code   RO         1976    i.SD_CheckStatusWithTimeout  sd_diskio.o
    0x080033d4   0x00000064   Code   RO         3889    i.SD_DMAError       stm32f4xx_hal_sd.o
    0x08003438   0x00000042   Code   RO         3890    i.SD_DMAReceiveCplt  stm32f4xx_hal_sd.o
    0x0800347a   0x00000044   Code   RO         3891    i.SD_DMARxAbort     stm32f4xx_hal_sd.o
    0x080034be   0x0000000e   Code   RO         3892    i.SD_DMATransmitCplt  stm32f4xx_hal_sd.o
    0x080034cc   0x00000044   Code   RO         3893    i.SD_DMATxAbort     stm32f4xx_hal_sd.o
    0x08003510   0x000000d6   Code   RO         3894    i.SD_FindSCR        stm32f4xx_hal_sd.o
    0x080035e6   0x000000ee   Code   RO         3895    i.SD_InitCard       stm32f4xx_hal_sd.o
    0x080036d4   0x000000ac   Code   RO         3896    i.SD_PowerON        stm32f4xx_hal_sd.o
    0x08003780   0x00000054   Code   RO         1977    i.SD_initialize     sd_diskio.o
    0x080037d4   0x00000050   Code   RO         1978    i.SD_ioctl          sd_diskio.o
    0x08003824   0x00000064   Code   RO         1979    i.SD_read           sd_diskio.o
    0x08003888   0x00000004   Code   RO         1980    i.SD_status         sd_diskio.o
    0x0800388c   0x00000064   Code   RO         1981    i.SD_write          sd_diskio.o
    0x080038f0   0x00000078   Code   RO         2100    i.StartDefaultTask  freertos.o
    0x08003968   0x0000002c   Code   RO         6582    i.SysTick_Handler   port.o
    0x08003994   0x00000088   Code   RO         1662    i.SystemClock_Config  main.o
    0x08003a1c   0x0000001c   Code   RO         5342    i.SystemInit        system_stm32f4xx.o
    0x08003a38   0x0000000c   Code   RO         2290    i.TIM1_UP_TIM10_IRQHandler  stm32f4xx_it.o
    0x08003a44   0x0000000c   Code   RO         2291    i.TIM6_DAC_IRQHandler  stm32f4xx_it.o
    0x08003a50   0x000000c8   Code   RO         4177    i.TIM_Base_SetConfig  stm32f4xx_hal_tim.o
    0x08003b18   0x00000010   Code   RO         5053    i.UART_DMAAbortOnError  stm32f4xx_hal_uart.o
    0x08003b28   0x0000001c   Code   RO         5063    i.UART_EndRxTransfer  stm32f4xx_hal_uart.o
    0x08003b44   0x00000096   Code   RO         5065    i.UART_Receive_IT   stm32f4xx_hal_uart.o
    0x08003bda   0x00000002   PAD
    0x08003bdc   0x00000128   Code   RO         5066    i.UART_SetConfig    stm32f4xx_hal_uart.o
    0x08003d04   0x00000062   Code   RO         5067    i.UART_Transmit_IT  stm32f4xx_hal_uart.o
    0x08003d66   0x00000002   PAD
    0x08003d68   0x0000000c   Code   RO         2292    i.USART1_IRQHandler  stm32f4xx_it.o
    0x08003d74   0x0000000c   Code   RO         2293    i.USART2_IRQHandler  stm32f4xx_it.o
    0x08003d80   0x0000000c   Code   RO         2294    i.USART3_IRQHandler  stm32f4xx_it.o
    0x08003d8c   0x00000002   Code   RO         2295    i.UsageFault_Handler  stm32f4xx_it.o
    0x08003d8e   0x00000002   PAD
    0x08003d90   0x00000028   Code   RO         7225    i.__0sprintf$1      mc_w.l(printf1.o)
    0x08003db8   0x00000020   Code   RO         3223    i.__NVIC_SetPriority  stm32f4xx_hal_cortex.o
    0x08003dd8   0x0000000e   Code   RO         7483    i.__scatterload_copy  mc_w.l(handlers.o)
    0x08003de6   0x00000002   Code   RO         7484    i.__scatterload_null  mc_w.l(handlers.o)
    0x08003de8   0x0000000e   Code   RO         7485    i.__scatterload_zeroinit  mc_w.l(handlers.o)
    0x08003df6   0x00000002   PAD
    0x08003df8   0x00000154   Code   RO         7230    i._printf_core      mc_w.l(printf1.o)
    0x08003f4c   0x0000000a   Code   RO         7232    i._sputc            mc_w.l(printf1.o)
    0x08003f56   0x00000002   PAD
    0x08003f58   0x00000070   Code   RO         6716    i.check_fs          ff.o
    0x08003fc8   0x0000005c   Code   RO         6717    i.chk_lock          ff.o
    0x08004024   0x00000020   Code   RO         6718    i.clear_lock        ff.o
    0x08004044   0x00000026   Code   RO         6719    i.clmt_clust        ff.o
    0x0800406a   0x00000018   Code   RO         6720    i.clust2sect        ff.o
    0x08004082   0x000000a4   Code   RO         6721    i.create_chain      ff.o
    0x08004126   0x00000002   PAD
    0x08004128   0x000000bc   Code   RO         6722    i.create_name       ff.o
    0x080041e4   0x00000034   Code   RO         6723    i.dec_lock          ff.o
    0x08004218   0x00000064   Code   RO         6724    i.dir_find          ff.o
    0x0800427c   0x000000fc   Code   RO         6725    i.dir_next          ff.o
    0x08004378   0x00000076   Code   RO         6727    i.dir_register      ff.o
    0x080043ee   0x0000008e   Code   RO         6729    i.dir_sdi           ff.o
    0x0800447c   0x00000028   Code   RO         6661    i.disk_initialize   diskio.o
    0x080044a4   0x0000001c   Code   RO         6662    i.disk_ioctl        diskio.o
    0x080044c0   0x0000001c   Code   RO         6663    i.disk_read         diskio.o
    0x080044dc   0x00000018   Code   RO         6664    i.disk_status       diskio.o
    0x080044f4   0x0000001c   Code   RO         6665    i.disk_write        diskio.o
    0x08004510   0x00000090   Code   RO           12    i.eARPGetCacheEntry  freertos_arp.o
    0x080045a0   0x00000094   Code   RO           13    i.eARPProcessPacket  freertos_arp.o
    0x08004634   0x00000030   Code   RO         6730    i.f_close           ff.o
    0x08004664   0x0000007c   Code   RO         6737    i.f_mount           ff.o
    0x080046e0   0x00000218   Code   RO         6738    i.f_open            ff.o
    0x080048f8   0x000000a2   Code   RO         6747    i.f_sync            ff.o
    0x0800499a   0x000001d0   Code   RO         6750    i.f_write           ff.o
    0x08004b6a   0x0000001c   Code   RO         7108    i.ff_cre_syncobj    syscall.o
    0x08004b86   0x0000000a   Code   RO         7109    i.ff_del_syncobj    syscall.o
    0x08004b90   0x00000004   Code   RO         7110    i.ff_rel_grant      syscall.o
    0x08004b94   0x00000014   Code   RO         7111    i.ff_req_grant      syscall.o
    0x08004ba8   0x00000290   Code   RO         6751    i.find_volume       ff.o
    0x08004e38   0x0000007a   Code   RO         6752    i.follow_path       ff.o
    0x08004eb2   0x000000e8   Code   RO         6753    i.get_fat           ff.o
    0x08004f9a   0x00000004   Code   RO         2062    i.get_fattime       fatfs.o
    0x08004f9e   0x0000003c   Code   RO         6755    i.get_ldnumber      ff.o
    0x08004fda   0x0000000c   Code   RO         6160    i.inHandlerMode     cmsis_os.o
    0x08004fe6   0x00000002   PAD
    0x08004fe8   0x00000080   Code   RO         6756    i.inc_lock          ff.o
    0x08005068   0x00000066   Code   RO          554    i.lTCPAddRxdata     freertos_sockets.o
    0x080050ce   0x0000000a   Code   RO         1022    i.lTCPIncrementTxPosition  freertos_tcp_win.o
    0x080050d8   0x00000110   Code   RO         1023    i.lTCPWindowRxCheck  freertos_tcp_win.o
    0x080051e8   0x000000b2   Code   RO         1024    i.lTCPWindowTxAdd   freertos_tcp_win.o
    0x0800529a   0x00000002   Code   RO         1277    i.lUDPLoggingPrintf  networkinterface.o
    0x0800529c   0x00000026   Code   RO         6757    i.ld_clust          ff.o
    0x080052c2   0x00000016   Code   RO         6758    i.ld_dword          ff.o
    0x080052d8   0x0000000a   Code   RO         6759    i.ld_word           ff.o
    0x080052e2   0x00000014   Code   RO         6760    i.lock_fs           ff.o
    0x080052f6   0x00000002   PAD
    0x080052f8   0x0000004c   Code   RO         1663    i.main              main.o
    0x08005344   0x0000000c   Code   RO         6162    i.makeFreeRtosPriority  cmsis_os.o
    0x08005350   0x00000012   Code   RO         6761    i.mem_cpy           ff.o
    0x08005362   0x0000000c   Code   RO         6762    i.mem_set           ff.o
    0x0800536e   0x00000032   Code   RO         6763    i.move_window       ff.o
    0x080053a0   0x0000000e   Code   RO         6164    i.osDelay           cmsis_os.o
    0x080053ae   0x00000012   Code   RO         6166    i.osKernelRunning   cmsis_os.o
    0x080053c0   0x0000000a   Code   RO         6167    i.osKernelStart     cmsis_os.o
    0x080053ca   0x00000018   Code   RO         6168    i.osKernelSysTick   cmsis_os.o
    0x080053e2   0x00000026   Code   RO         6176    i.osMessageCreate   cmsis_os.o
    0x08005408   0x00000094   Code   RO         6178    i.osMessageGet      cmsis_os.o
    0x0800549c   0x0000005c   Code   RO         6180    i.osMessagePut      cmsis_os.o
    0x080054f8   0x00000050   Code   RO         6193    i.osSemaphoreCreate  cmsis_os.o
    0x08005548   0x00000018   Code   RO         6194    i.osSemaphoreDelete  cmsis_os.o
    0x08005560   0x00000050   Code   RO         6196    i.osSemaphoreRelease  cmsis_os.o
    0x080055b0   0x00000064   Code   RO         6197    i.osSemaphoreWait   cmsis_os.o
    0x08005614   0x00000054   Code   RO         6201    i.osThreadCreate    cmsis_os.o
    0x08005668   0x00000070   Code   RO         5856    i.prvAddCurrentTaskToDelayedList  tasks.o
    0x080056d8   0x000000d0   Code   RO         5857    i.prvAddNewTaskToReadyList  tasks.o
    0x080057a8   0x00000054   Code   RO          321    i.prvCheckNetworkTimers  freertos_ip.o
    0x080057fc   0x00000026   Code   RO         5520    i.prvCopyDataFromQueue  queue.o
    0x08005822   0x0000006c   Code   RO         5521    i.prvCopyDataToQueue  queue.o
    0x0800588e   0x00000002   PAD
    0x08005890   0x00000048   Code   RO         1025    i.prvCreateSectors  freertos_tcp_win.o
    0x080058d8   0x00000034   Code   RO         5858    i.prvDeleteTCB      tasks.o
    0x0800590c   0x000000b4   Code   RO          555    i.prvDetermineSocketSize  freertos_sockets.o
    0x080059c0   0x000000c8   Code   RO         1278    i.prvEMACHandlerTask  networkinterface.o
    0x08005a88   0x000000ec   Code   RO         1279    i.prvEthernetUpdateConfig  networkinterface.o
    0x08005b74   0x000000fc   Code   RO          836    i.prvHandleEstablished  freertos_tcp_ip.o
    0x08005c70   0x000000b4   Code   RO          837    i.prvHandleListen   freertos_tcp_ip.o
    0x08005d24   0x000000e2   Code   RO          838    i.prvHandleSynReceived  freertos_tcp_ip.o
    0x08005e06   0x00000002   PAD
    0x08005e08   0x0000004c   Code   RO         6529    i.prvHeapInit       heap_4.o
    0x08005e54   0x00000130   Code   RO          322    i.prvIPTask         freertos_ip.o
    0x08005f84   0x0000002c   Code   RO          323    i.prvIPTimerCheck   freertos_ip.o
    0x08005fb0   0x00000006   Code   RO          324    i.prvIPTimerReload  freertos_ip.o
    0x08005fb6   0x00000024   Code   RO          325    i.prvIPTimerStart   freertos_ip.o
    0x08005fda   0x00000002   PAD
    0x08005fdc   0x0000005c   Code   RO         5859    i.prvIdleTask       tasks.o
    0x08006038   0x00000016   Code   RO         5523    i.prvInitialiseNewQueue  queue.o
    0x0800604e   0x00000098   Code   RO         5860    i.prvInitialiseNewTask  tasks.o
    0x080060e6   0x00000002   PAD
    0x080060e8   0x0000004c   Code   RO         6530    i.prvInsertBlockIntoFreeList  heap_4.o
    0x08006134   0x0000001a   Code   RO         5524    i.prvIsQueueEmpty   queue.o
    0x0800614e   0x00000002   PAD
    0x08006150   0x000000cc   Code   RO         1280    i.prvNetworkInterfaceInput  networkinterface.o
    0x0800621c   0x00000068   Code   RO          326    i.prvProcessEthernetPacket  freertos_ip.o
    0x08006284   0x00000080   Code   RO          327    i.prvProcessICMPPacket  freertos_ip.o
    0x08006304   0x0000012c   Code   RO          328    i.prvProcessIPPacket  freertos_ip.o
    0x08006430   0x00000020   Code   RO         5861    i.prvResetNextTaskUnblockTime  tasks.o
    0x08006450   0x0000009e   Code   RO          839    i.prvSendData       freertos_tcp_ip.o
    0x080064ee   0x00000056   Code   RO          840    i.prvSetSynAckOptions  freertos_tcp_ip.o
    0x08006544   0x0000012e   Code   RO          841    i.prvSingleStepTCPHeaderOptions  freertos_tcp_ip.o
    0x08006672   0x0000000e   Code   RO          842    i.prvSocketSetMSS   freertos_tcp_ip.o
    0x08006680   0x00000082   Code   RO          843    i.prvStoreRxData    freertos_tcp_ip.o
    0x08006702   0x00000046   Code   RO          844    i.prvTCPAddTxData   freertos_tcp_ip.o
    0x08006748   0x00000070   Code   RO          845    i.prvTCPBufferResize  freertos_tcp_ip.o
    0x080067b8   0x0000006c   Code   RO          557    i.prvTCPCreateStream  freertos_sockets.o
    0x08006824   0x0000002e   Code   RO          846    i.prvTCPCreateWindow  freertos_tcp_ip.o
    0x08006852   0x00000092   Code   RO          847    i.prvTCPHandleFin   freertos_tcp_ip.o
    0x080068e4   0x000001da   Code   RO          848    i.prvTCPHandleState  freertos_tcp_ip.o
    0x08006abe   0x00000088   Code   RO          849    i.prvTCPNextTimeout  freertos_tcp_ip.o
    0x08006b46   0x00000002   PAD
    0x08006b48   0x000000d4   Code   RO          850    i.prvTCPPrepareConnect  freertos_tcp_ip.o
    0x08006c1c   0x0000019e   Code   RO          851    i.prvTCPPrepareSend  freertos_tcp_ip.o
    0x08006dba   0x00000002   PAD
    0x08006dbc   0x00000188   Code   RO          852    i.prvTCPReturnPacket  freertos_tcp_ip.o
    0x08006f44   0x0000007a   Code   RO          853    i.prvTCPSendPacket  freertos_tcp_ip.o
    0x08006fbe   0x00000036   Code   RO          854    i.prvTCPSendRepeated  freertos_tcp_ip.o
    0x08006ff4   0x00000006   Code   RO          855    i.prvTCPSendReset   freertos_tcp_ip.o
    0x08006ffa   0x0000001e   Code   RO          856    i.prvTCPSendSpecialPacketHelper  freertos_tcp_ip.o
    0x08007018   0x00000078   Code   RO          857    i.prvTCPSocketCopy  freertos_tcp_ip.o
    0x08007090   0x0000001e   Code   RO          858    i.prvTCPSocketIsActive  freertos_tcp_ip.o
    0x080070ae   0x00000020   Code   RO          859    i.prvTCPTouchSocket  freertos_tcp_ip.o
    0x080070ce   0x000000c6   Code   RO         1026    i.prvTCPWindowTxCheckAck  freertos_tcp_win.o
    0x08007194   0x00000046   Code   RO         1027    i.prvTCPWindowTxHasSpace  freertos_tcp_win.o
    0x080071da   0x00000002   PAD
    0x080071dc   0x00000028   Code   RO         6583    i.prvTaskExitError  port.o
    0x08007204   0x0000006a   Code   RO         5525    i.prvUnlockQueue    queue.o
    0x0800726e   0x00000026   Code   RO         1515    i.prvWriteDMAOMR    stm32f4xx_hal_eth.o
    0x08007294   0x0000001a   Code   RO         1516    i.prvWriteMACCR     stm32f4xx_hal_eth.o
    0x080072ae   0x0000001a   Code   RO         1517    i.prvWriteMACFCR    stm32f4xx_hal_eth.o
    0x080072c8   0x00000124   Code   RO         6764    i.put_fat           ff.o
    0x080073ec   0x000000d8   Code   RO         6531    i.pvPortMalloc      heap_4.o
    0x080074c4   0x00000018   Code   RO         5863    i.pvTaskIncrementMutexHeldCount  tasks.o
    0x080074dc   0x0000008c   Code   RO         1207    i.pxGetNetworkBufferWithDescriptor  bufferallocation_2.o
    0x08007568   0x0000002e   Code   RO          559    i.pxListFindListItemWithValue  freertos_sockets.o
    0x08007596   0x00000002   PAD
    0x08007598   0x0000002c   Code   RO         6584    i.pxPortInitialiseStack  port.o
    0x080075c4   0x00000050   Code   RO          560    i.pxTCPSocketLookup  freertos_sockets.o
    0x08007614   0x0000002c   Code   RO          561    i.pxUDPSocketLookup  freertos_sockets.o
    0x08007640   0x00000074   Code   RO         6767    i.remove_chain      ff.o
    0x080076b4   0x00000028   Code   RO         6768    i.st_clust          ff.o
    0x080076dc   0x00000010   Code   RO         6769    i.st_dword          ff.o
    0x080076ec   0x00000008   Code   RO         6770    i.st_word           ff.o
    0x080076f4   0x00000088   Code   RO         6771    i.sync_fs           ff.o
    0x0800777c   0x00000052   Code   RO         6772    i.sync_window       ff.o
    0x080077ce   0x00000002   Code   RO         1281    i.ulApplicationGetNextSequenceNumber  networkinterface.o
    0x080077d0   0x0000000e   Code   RO          860    i.ulChar2u32        freertos_tcp_ip.o
    0x080077de   0x00000014   Code   RO         1028    i.ulTCPWindowTxAck  freertos_tcp_win.o
    0x080077f2   0x000000e2   Code   RO         1029    i.ulTCPWindowTxGet  freertos_tcp_win.o
    0x080078d4   0x0000006c   Code   RO         1030    i.ulTCPWindowTxSack  freertos_tcp_win.o
    0x08007940   0x00000068   Code   RO         5864    i.ulTaskNotifyTake  tasks.o
    0x080079a8   0x00000018   Code   RO         6773    i.unlock_fs         ff.o
    0x080079c0   0x0000000c   Code   RO         1209    i.uxGetMinimumFreeNetworkBuffers  bufferallocation_2.o
    0x080079cc   0x00000026   Code   RO         5480    i.uxListRemove      list.o
    0x080079f2   0x00000024   Code   RO         5526    i.uxQueueMessagesWaiting  queue.o
    0x08007a16   0x000000ac   Code   RO          801    i.uxStreamBufferAdd  freertos_stream_buffer.o
    0x08007ac2   0x0000000e   Code   RO          861    i.uxStreamBufferDistance  freertos_tcp_ip.o
    0x08007ad0   0x00000008   Code   RO          562    i.uxStreamBufferFrontSpace  freertos_sockets.o
    0x08007ad8   0x0000008a   Code   RO          802    i.uxStreamBufferGet  freertos_stream_buffer.o
    0x08007b62   0x00000008   Code   RO          862    i.uxStreamBufferMidSpace  freertos_tcp_ip.o
    0x08007b6a   0x00000010   Code   RO          565    i.uxStreamBufferSpace  freertos_sockets.o
    0x08007b7a   0x00000010   Code   RO          863    i.uxStreamBufferSpace  freertos_tcp_ip.o
    0x08007b8a   0x00000002   PAD
    0x08007b8c   0x0000006c   Code   RO           14    i.vARPAgeCache      freertos_arp.o
    0x08007bf8   0x00000064   Code   RO           15    i.vARPGenerateRequestPacket  freertos_arp.o
    0x08007c5c   0x00000100   Code   RO           16    i.vARPRefreshCacheEntry  freertos_arp.o
    0x08007d5c   0x00000014   Code   RO         2101    i.vApplicationGetIdleTaskMemory  freertos.o
    0x08007d70   0x0000009c   Code   RO         1282    i.vApplicationIPNetworkEventHook  networkinterface.o
    0x08007e0c   0x00000002   Code   RO         1283    i.vApplicationPingReplyHook  networkinterface.o
    0x08007e0e   0x0000004a   Code   RO         5387    i.vEventGroupDelete  event_groups.o
    0x08007e58   0x00000024   Code   RO          333    i.vIPNetworkUpCalls  freertos_ip.o
    0x08007e7c   0x00000016   Code   RO         5481    i.vListInitialise   list.o
    0x08007e92   0x00000006   Code   RO         5482    i.vListInitialiseItem  list.o
    0x08007e98   0x00000030   Code   RO         5483    i.vListInsert       list.o
    0x08007ec8   0x00000018   Code   RO         5484    i.vListInsertEnd    list.o
    0x08007ee0   0x00000008   Code   RO         1031    i.vListInsertFifo   freertos_tcp_win.o
    0x08007ee8   0x00000016   Code   RO         1032    i.vListInsertGeneric  freertos_tcp_win.o
    0x08007efe   0x00000002   PAD
    0x08007f00   0x000000c8   Code   RO         1284    i.vMACBProbePhy     networkinterface.o
    0x08007fc8   0x00000018   Code   RO          566    i.vNetworkSocketsInit  freertos_sockets.o
    0x08007fe0   0x00000040   Code   RO         6586    i.vPortEnterCritical  port.o
    0x08008020   0x00000028   Code   RO         6587    i.vPortExitCritical  port.o
    0x08008048   0x0000005c   Code   RO         6532    i.vPortFree         heap_4.o
    0x080080a4   0x00000024   Code   RO         6588    i.vPortSetupTimerInterrupt  port.o
    0x080080c8   0x00000054   Code   RO         6589    i.vPortValidateInterruptPriority  port.o
    0x0800811c   0x00000090   Code   RO         1178    i.vProcessGeneratedUDPPacket  freertos_udp_ip.o
    0x080081ac   0x00000024   Code   RO         5529    i.vQueueAddToRegistry  queue.o
    0x080081d0   0x0000002e   Code   RO         5530    i.vQueueDelete      queue.o
    0x080081fe   0x00000002   PAD
    0x08008200   0x00000028   Code   RO         5531    i.vQueueUnregisterQueue  queue.o
    0x08008228   0x0000000c   Code   RO         1211    i.vReleaseNetworkBuffer  bufferallocation_2.o
    0x08008234   0x00000050   Code   RO         1212    i.vReleaseNetworkBufferAndDescriptor  bufferallocation_2.o
    0x08008284   0x00000024   Code   RO          334    i.vReturnEthernetFrame  freertos_ip.o
    0x080082a8   0x00000104   Code   RO          567    i.vSocketBind       freertos_sockets.o
    0x080083ac   0x000000a0   Code   RO          568    i.vSocketClose      freertos_sockets.o
    0x0800844c   0x0000001c   Code   RO          569    i.vSocketWakeUpUser  freertos_sockets.o
    0x08008468   0x000000ca   Code   RO          864    i.vTCPStateChange   freertos_tcp_ip.o
    0x08008532   0x00000002   PAD
    0x08008534   0x0000005c   Code   RO         1034    i.vTCPWindowCreate  freertos_tcp_win.o
    0x08008590   0x00000038   Code   RO         1035    i.vTCPWindowDestroy  freertos_tcp_win.o
    0x080085c8   0x0000003c   Code   RO         1036    i.vTCPWindowFree    freertos_tcp_win.o
    0x08008604   0x00000044   Code   RO         1037    i.vTCPWindowInit    freertos_tcp_win.o
    0x08008648   0x0000004c   Code   RO         5869    i.vTaskDelay        tasks.o
    0x08008694   0x00000010   Code   RO         5872    i.vTaskInternalSetTimeOutState  tasks.o
    0x080086a4   0x0000000c   Code   RO         5873    i.vTaskMissedYield  tasks.o
    0x080086b0   0x000000b4   Code   RO         5874    i.vTaskNotifyGiveFromISR  tasks.o
    0x08008764   0x00000030   Code   RO         5875    i.vTaskPlaceOnEventList  tasks.o
    0x08008794   0x000000ac   Code   RO         5877    i.vTaskPriorityDisinheritAfterTimeout  tasks.o
    0x08008840   0x00000070   Code   RO         5879    i.vTaskRemoveFromUnorderedEventList  tasks.o
    0x080088b0   0x00000030   Code   RO         5881    i.vTaskSetTimeOutState  tasks.o
    0x080088e0   0x0000006c   Code   RO         5882    i.vTaskStartScheduler  tasks.o
    0x0800894c   0x00000010   Code   RO         5884    i.vTaskSuspendAll   tasks.o
    0x0800895c   0x0000005c   Code   RO         5885    i.vTaskSwitchContext  tasks.o
    0x080089b8   0x00000048   Code   RO         6774    i.validate          ff.o
    0x08008a00   0x0000001c   Code   RO         5390    i.xEventGroupCreate  event_groups.o
    0x08008a1c   0x0000008c   Code   RO         5393    i.xEventGroupSetBits  event_groups.o
    0x08008aa8   0x0000000c   Code   RO          335    i.xIPIsNetworkTaskReady  freertos_ip.o
    0x08008ab4   0x0000001c   Code   RO          336    i.xIsCallingFromIPTask  freertos_ip.o
    0x08008ad0   0x00000084   Code   RO         1213    i.xNetworkBuffersInitialise  bufferallocation_2.o
    0x08008b54   0x00000134   Code   RO         1286    i.xNetworkInterfaceInitialise  networkinterface.o
    0x08008c88   0x0000008c   Code   RO         1287    i.xNetworkInterfaceOutput  networkinterface.o
    0x08008d14   0x000000f4   Code   RO         6590    i.xPortStartScheduler  port.o
    0x08008e08   0x000001ae   Code   RO          865    i.xProcessReceivedTCPPacket  freertos_tcp_ip.o
    0x08008fb6   0x00000072   Code   RO         1179    i.xProcessReceivedUDPPacket  freertos_udp_ip.o
    0x08009028   0x0000003a   Code   RO         5532    i.xQueueCreateCountingSemaphore  queue.o
    0x08009062   0x00000040   Code   RO         5533    i.xQueueCreateCountingSemaphoreStatic  queue.o
    0x080090a2   0x00000048   Code   RO         5536    i.xQueueGenericCreate  queue.o
    0x080090ea   0x00000066   Code   RO         5537    i.xQueueGenericCreateStatic  queue.o
    0x08009150   0x00000088   Code   RO         5538    i.xQueueGenericReset  queue.o
    0x080091d8   0x00000164   Code   RO         5539    i.xQueueGenericSend  queue.o
    0x0800933c   0x000000bc   Code   RO         5540    i.xQueueGenericSendFromISR  queue.o
    0x080093f8   0x0000009c   Code   RO         5541    i.xQueueGiveFromISR  queue.o
    0x08009494   0x00000138   Code   RO         5546    i.xQueueReceive     queue.o
    0x080095cc   0x0000009a   Code   RO         5547    i.xQueueReceiveFromISR  queue.o
    0x08009666   0x00000002   PAD
    0x08009668   0x00000178   Code   RO         5548    i.xQueueSemaphoreTake  queue.o
    0x080097e0   0x00000054   Code   RO          337    i.xSendEventStructToIPTask  freertos_ip.o
    0x08009834   0x00000014   Code   RO          338    i.xSendEventToIPTask  freertos_ip.o
    0x08009848   0x0000000a   Code   RO         1038    i.xSequenceLessThan  freertos_tcp_win.o
    0x08009852   0x00000002   PAD
    0x08009854   0x00000044   Code   RO          866    i.xTCPCheckNewClient  freertos_tcp_ip.o
    0x08009898   0x000000b2   Code   RO          867    i.xTCPSocketCheck   freertos_tcp_ip.o
    0x0800994a   0x00000002   PAD
    0x0800994c   0x00000080   Code   RO          571    i.xTCPTimerCheck    freertos_sockets.o
    0x080099cc   0x00000016   Code   RO         1039    i.xTCPWindowGetHead  freertos_tcp_win.o
    0x080099e2   0x00000002   PAD
    0x080099e4   0x00000080   Code   RO         1040    i.xTCPWindowNew     freertos_tcp_win.o
    0x08009a64   0x0000000e   Code   RO         1041    i.xTCPWindowPeekHead  freertos_tcp_win.o
    0x08009a72   0x0000001a   Code   RO         1042    i.xTCPWindowRxEmpty  freertos_tcp_win.o
    0x08009a8c   0x00000022   Code   RO         1043    i.xTCPWindowRxFind  freertos_tcp_win.o
    0x08009aae   0x0000000e   Code   RO         1044    i.xTCPWindowTxDone  freertos_tcp_win.o
    0x08009abc   0x00000066   Code   RO         1045    i.xTCPWindowTxHasData  freertos_tcp_win.o
    0x08009b22   0x00000002   PAD
    0x08009b24   0x00000074   Code   RO         5886    i.xTaskCheckForTimeOut  tasks.o
    0x08009b98   0x0000005a   Code   RO         5887    i.xTaskCreate       tasks.o
    0x08009bf2   0x0000005a   Code   RO         5888    i.xTaskCreateStatic  tasks.o
    0x08009c4c   0x0000000c   Code   RO         5891    i.xTaskGetCurrentTaskHandle  tasks.o
    0x08009c58   0x0000001c   Code   RO         5892    i.xTaskGetSchedulerState  tasks.o
    0x08009c74   0x0000000c   Code   RO         5893    i.xTaskGetTickCount  tasks.o
    0x08009c80   0x00000010   Code   RO         5894    i.xTaskGetTickCountFromISR  tasks.o
    0x08009c90   0x000000c8   Code   RO         5895    i.xTaskIncrementTick  tasks.o
    0x08009d58   0x00000098   Code   RO         5898    i.xTaskPriorityDisinherit  tasks.o
    0x08009df0   0x00000094   Code   RO         5899    i.xTaskPriorityInherit  tasks.o
    0x08009e84   0x00000074   Code   RO         5900    i.xTaskRemoveFromEventList  tasks.o
    0x08009ef8   0x000000c4   Code   RO         5901    i.xTaskResumeAll    tasks.o
    0x08009fbc   0x00000026   Data   RO           19    .constdata          freertos_arp.o
    0x08009fe2   0x00000002   PAD
    0x08009fe4   0x00000020   Data   RO          340    .constdata          freertos_ip.o
    0x0800a004   0x00000004   Data   RO         1215    .constdata          bufferallocation_2.o
    0x0800a008   0x00000008   Data   RO         1290    .constdata          networkinterface.o
    0x0800a010   0x00000016   Data   RO         1664    .constdata          main.o
    0x0800a026   0x00000002   PAD
    0x0800a028   0x00000014   Data   RO         1982    .constdata          sd_diskio.o
    0x0800a03c   0x00000010   Data   RO         1983    .constdata          sd_diskio.o
    0x0800a04c   0x00000029   Data   RO         2103    .constdata          freertos.o
    0x0800a075   0x00000008   Data   RO         2940    .constdata          stm32f4xx_hal_dma.o
    0x0800a07d   0x00000010   Data   RO         5343    .constdata          system_stm32f4xx.o
    0x0800a08d   0x00000008   Data   RO         5344    .constdata          system_stm32f4xx.o
    0x0800a095   0x00000001   PAD
    0x0800a096   0x0000009c   Data   RO         6776    .constdata          ff.o
    0x0800a132   0x00000002   PAD
    0x0800a134   0x0000000c   Data   RO         2104    .conststring        freertos.o
    0x0800a140   0x00000020   Data   RO         7481    Region$$Table       anon$$obj.o


    Execution Region RW_IRAM2 (Base: 0x10000000, Size: 0x00000000, Max: 0x00010000, ABSOLUTE)

    **** No section assigned to this execution region ****


    Execution Region RW_IRAM1 (Base: 0x20000000, Size: 0x0000a2b0, Max: 0x00020000, ABSOLUTE)

    Base Addr    Size         Type   Attr      Idx    E Section Name        Object

    0x20000000   0x00000004   Data   RW           20    .data               freertos_arp.o
    0x20000004   0x00000020   Data   RW          341    .data               freertos_ip.o
    0x20000024   0x00000002   Data   RW          342    .data               freertos_ip.o
    0x20000026   0x00000002   PAD
    0x20000028   0x00000004   Data   RW          574    .data               freertos_sockets.o
    0x2000002c   0x00000008   Data   RW         1047    .data               freertos_tcp_win.o
    0x20000034   0x00000018   Data   RW         1180    .data               freertos_udp_ip.o
    0x2000004c   0x00000008   Data   RW         1216    .data               bufferallocation_2.o
    0x20000054   0x00000018   Data   RW         1291    .data               networkinterface.o
    0x2000006c   0x00000008   Data   RW         1984    .data               sd_diskio.o
    0x20000074   0x00000005   Data   RW         2065    .data               fatfs.o
    0x20000079   0x00000003   PAD
    0x2000007c   0x0000001c   Data   RW         2105    .data               freertos.o
    0x20000098   0x0000000c   Data   RW         3367    .data               stm32f4xx_hal.o
    0x200000a4   0x00000004   Data   RW         5345    .data               system_stm32f4xx.o
    0x200000a8   0x0000003c   Data   RW         5904    .data               tasks.o
    0x200000e4   0x00000018   Data   RW         6537    .data               heap_4.o
    0x200000fc   0x0000000c   Data   RW         6591    .data               port.o
    0x20000108   0x00000008   Data   RW         6777    .data               ff.o
    0x20000110   0x00000048   Zero   RW           18    .bss                freertos_arp.o
    0x20000158   0x00000050   Zero   RW          339    .bss                freertos_ip.o
    0x200001a8   0x00000028   Zero   RW          572    .bss                freertos_sockets.o
    0x200001d0   0x00000014   Zero   RW         1046    .bss                freertos_tcp_win.o
    0x200001e4   0x00000884   Zero   RW         1214    .bss                bufferallocation_2.o
    0x20000a68   0x000030e8   Zero   RW         1288    .bss                networkinterface.o
    0x20003b50   0x00001038   Zero   RW         2063    .bss                fatfs.o
    0x20004b88   0x00001284   Zero   RW         2102    .bss                freertos.o
    0x20005e0c   0x00000144   Zero   RW         2144    .bss                sdio.o
    0x20005f50   0x00000040   Zero   RW         2186    .bss                tim.o
    0x20005f90   0x00000180   Zero   RW         2230    .bss                usart.o
    0x20006110   0x00000040   Zero   RW         2430    .bss                stm32f4xx_hal_timebase_tim.o
    0x20006150   0x00000040   Zero   RW         5549    .bss                queue.o
    0x20006190   0x000000f0   Zero   RW         5903    .bss                tasks.o
    0x20006280   0x00003c00   Zero   RW         6536    .bss                heap_4.o
    0x20009e80   0x00000020   Zero   RW         6775    .bss                ff.o
    0x20009ea0   0x0000000c   Zero   RW         7062    .bss                ff_gen_drv.o
    0x20009eac   0x00000004   PAD
    0x20009eb0   0x00000400   Zero   RW            1    STACK               startup_stm32f407xx.o


==============================================================================

Image component sizes


      Code (inc. data)   RO Data    RW Data    ZI Data      Debug   Object Name

       180         22          0          0          0       5502   bsp_driver_sd.o
       376         44          4          8       2180       5265   bufferallocation_2.o
       736         18          0          0          0      34536   cmsis_os.o
       148         24          0          0          0       3313   diskio.o
        92          4          0          0          0        746   dma.o
       232         22          0          0          0       1022   eth.o
       242          0          0          0          0      23197   event_groups.o
        32         10          0          5       4152       1404   fatfs.o
      4802         84        156          8         32      32853   ff.o
        70          6          0          0         12       1439   ff_gen_drv.o
       180         38         53         28       4740       2536   freertos.o
       836         66         38          4         72      50679   freertos_arp.o
         0          0          0          0          0      20245   freertos_dhcp.o
         0          0          0          0          0       3748   freertos_dns.o
      1630        136         32         34         80      29061   freertos_ip.o
      1398         40          0          4         40      31793   freertos_sockets.o
       318          0          0          0          0       8504   freertos_stream_buffer.o
      4674         42          0          0          0      47652   freertos_tcp_ip.o
      1810         34          0          8         20      25267   freertos_tcp_win.o
       258          4          0         24          0      14482   freertos_udp_ip.o
       292         26          0          0          0       1027   gpio.o
       460         24          0         24      15360       4447   heap_4.o
       138          0          0          0          0       3274   list.o
       234         20         22          0          0      11745   main.o
      1522        116          8         24      12520     768557   networkinterface.o
       786         80          0         12          0      11685   port.o
      2432         26          0          0         64      23372   queue.o
       468         36         36          8          0      12597   sd_diskio.o
       388         32          0          0        324       1727   sdio.o
        36          8        392          0       1024        820   startup_stm32f407xx.o
       116         18          0         12          0       8570   stm32f4xx_hal.o
       158         14          0          0          0      32738   stm32f4xx_hal_cortex.o
       942         16          8          0          0       6197   stm32f4xx_hal_dma.o
      1472        106          0          0          0      12725   stm32f4xx_hal_eth.o
       486         52          0          0          0       3829   stm32f4xx_hal_gpio.o
        56          4          0          0          0        806   stm32f4xx_hal_msp.o
      1388         92          0          0          0       5985   stm32f4xx_hal_rcc.o
      2954         70          0          0          0      14735   stm32f4xx_hal_sd.o
       654         44          0          0          0       6421   stm32f4xx_hal_tim.o
       148         28          0          0          0       2337   stm32f4xx_hal_tim_ex.o
       116         16          0          0         64       1323   stm32f4xx_hal_timebase_tim.o
       968         14          0          0          0       6899   stm32f4xx_hal_uart.o
       140         60          0          0          0       7581   stm32f4xx_it.o
      1638         48          0          0          0      20967   stm32f4xx_ll_sdmmc.o
         0          0          0          0          0        392   stream_buffer.o
        62          0          0          0          0       3184   syscall.o
        28          6         24          4          0       1083   system_stm32f4xx.o
      2832        214          0         60        240      30857   tasks.o
       132         20          0          0         64       1482   tim.o
       544         58          0          0        384       3082   usart.o

    ----------------------------------------------------------------------
     39688       1842        812        272      41376    1353688   Object Totals
         0          0         32          0          0          0   (incl. Generated)
        84          0          7          5          4          0   (incl. Padding)

    ----------------------------------------------------------------------

      Code (inc. data)   RO Data    RW Data    ZI Data      Debug   Library Member Name

         0          0          0          0          0          0   entry.o
         0          0          0          0          0          0   entry10a.o
         0          0          0          0          0          0   entry11a.o
         8          4          0          0          0          0   entry2.o
         4          0          0          0          0          0   entry5.o
         0          0          0          0          0          0   entry7b.o
         0          0          0          0          0          0   entry8b.o
         8          4          0          0          0          0   entry9a.o
        30          0          0          0          0          0   handlers.o
        36          8          0          0          0         68   init.o
        30          0          0          0          0         68   llshl.o
        32          0          0          0          0         68   llushr.o
        26          0          0          0          0         80   memcmp.o
        64          0          0          0          0         76   memmovea.o
        36          0          0          0          0        108   memseta.o
       390         10          0          0          0        252   printf1.o
        44          0          0          0          0         80   uidiv.o
        98          0          0          0          0         92   uldiv.o

    ----------------------------------------------------------------------
       812         26          0          0          0        892   Library Totals
         6          0          0          0          0          0   (incl. Padding)

    ----------------------------------------------------------------------

      Code (inc. data)   RO Data    RW Data    ZI Data      Debug   Library Name

       806         26          0          0          0        892   mc_w.l

    ----------------------------------------------------------------------
       812         26          0          0          0        892   Library Totals

    ----------------------------------------------------------------------

==============================================================================


      Code (inc. data)   RO Data    RW Data    ZI Data      Debug   

     40500       1868        812        272      41376    1313068   Grand Totals
     40500       1868        812        272      41376    1313068   ELF Image Totals
     40500       1868        812        272          0          0   ROM Totals

==============================================================================

    Total RO  Size (Code + RO Data)                41312 (  40.34kB)
    Total RW  Size (RW Data + ZI Data)             41648 (  40.67kB)
    Total ROM Size (Code + RO Data + RW Data)      41584 (  40.61kB)

==============================================================================

